Tue Jun 17 10:51:16 EDT 2025
LOADED MATLAB
0.09
12
/project/g_bme-janeslab/SarahG/julia_out/critical_radius_alt_IC
_two_halvesphi

                            < M A T L A B (R) >
                  Copyright 1984-2024 The MathWorks, Inc.
             R2024b Update 3 (24.2.0.2806996) 64-bit (glnxa64)
                             November 26, 2024

 
To get started, type doc.
For product information, visit www.mathworks.com.
 

dt =

   2.5000e-05


indir =

    '/project/g_bme-janeslab/SarahG/julia_out/critical_radius_alt_IC'


total_time =

    10


everyR =

    10


epsilon_name = 

    "0.022514"


R0_name =

    '0.09'


folder = 

    "plots"


Nx =

   128


suffix =

    '_two_halvesphi'


name =

    'phi_128_400000_1.0e-6__R0_0.09_eps_0.022514_two_halvesphi'

{Error using readmatrix (line 171)
Unable to find or open
'/project/g_bme-janeslab/SarahG/julia_out/critical_radius_alt_IC/phi_128_400000_1.0e-6__R0_0.09_eps_0.022514_two_halvesphi.csv'.
Check the path and filename or file permissions.

Error in level_set_plot_alt_IC (line 13)
    phi = readmatrix(sprintf('%s/%s.csv', indir, name),'FileType','text');
          ^^^^^^^^^^^^^^^^^^^^^^^^^^^^^^^^^^^^^^^^^^^^^^^^^^^^^^^^^^^^^^^
Error in level_set_radius_array_alt_IC (line 18)
    [rr,tt] = level_set_plot_alt_IC(dt, indir, total_time, everyR, epsilon_name, R0_name, folder, Nx, suffix);
              ^^^^^^^^^^^^^^^^^^^^^^^^^^^^^^^^^^^^^^^^^^^^^^^^^^^^^^^^^^^^^^^^^^^^^^^^^^^^^^^^^^^^^^^^^^^^^^^
} 
DONE
