Thu May 8 22:18:04 EDT 2025
MODULES LOADED
NMG_MATLAB_2000_dt_5.50e-06_Nx_64_neumann_n_relax_4_25p_phi.csv
31.89139796114392
SAV_MATLAB_2000_dt_5.50e-06_Nx_64_neumann_n_relax_4_phi.csv
5.793058526954734
SAV_MATLAB_2000_dt_5.50e-06_Nx_64_periodic_n_relax_4_25p_phi.csv
31.89139796114392
NMG_MATLAB_2000_dt_5.50e-06_Nx_64_periodic_n_relax_4_25p_phi.csv
31.89139796114392
SAV_MATLAB_2000_dt_5.50e-06_Nx_64_periodic_n_relax_4_75p_phi.csv
31.90797299687814
NMG_MATLAB_2000_dt_5.50e-06_Nx_64_neumann_n_relax_4_75p_phi.csv
31.90797299687814
SAV_MATLAB_2000_dt_5.50e-06_Nx_64_neumann_n_relax_4_75p_phi.csv
31.90797299687814
SAV_MATLAB_2000_dt_5.50e-06_Nx_64_periodic_n_relax_4_phi.csv
5.793058526954734
SAV_MATLAB_2000_dt_5.50e-06_Nx_64_neumann_n_relax_4_25p_phi.csv
31.89139796114392
NMG_MATLAB_2000_dt_5.50e-06_Nx_64_periodic_n_relax_4_75p_phi.csv
31.90797299687814
NMG_MATLAB_2000_dt_5.50e-06_Nx_64_neumann_n_relax_4_phi.csv
5.793058526954734
NMG_MATLAB_2000_dt_5.50e-06_Nx_64_periodic_n_relax_4_phi.csv
5.793058526954734
NMG_Julia_2000_dt_5.50e-06_Nx_64_neumann_dtout_10_25p_phi.csv
31.89139796114392
NMG_Julia_2000_dt_5.50e-06_Nx_64_neumann_dtout_10_75p_phi.csv
31.90797299687814
NMG_Julia_2000_dt_5.50e-06_Nx_64_neumann_dtout_10_phi.csv
5.793058526954734
SAV_Julia_2000_dt_5.50e-06_Nx_64_neumann_dtout_2000_25p_phi.csv
31.89139796114392
NMG_Julia_2000_dt_5.50e-06_Nx_64_neumann_dtout_2000_phi.csv
5.793058526954734
SAV_Julia_2000_dt_5.50e-06_Nx_64_neumann_dtout_2000_phi.csv
5.793058526954734
NMG_Julia_2000_dt_5.50e-06_Nx_64_periodic_dtout_10_phi.csv
5.793058526954734
NMG_Julia_2000_dt_5.50e-06_Nx_64_periodic_dtout_2000_phi.csv
5.793058526954734
NMG_Julia_2000_dt_5.50e-06_Nx_64_periodic_dtout_2000_75p_phi.csv
31.90797299687814
SAV_Julia_2000_dt_5.50e-06_Nx_64_periodic_dtout_2000_25p_phi.csv
31.89139796114392
NMG_Julia_2000_dt_5.50e-06_Nx_64_periodic_dtout_10_75p_phi.csv
31.90797299687814
SAV_Julia_2000_dt_5.50e-06_Nx_64_neumann_dtout_2000_75p_phi.csv
31.90797299687814
SAV_Julia_2000_dt_5.50e-06_Nx_64_periodic_dtout_2000_75p_phi.csv
31.90797299687814
SAV_Julia_2000_dt_5.50e-06_Nx_64_neumann_dtout_10_25p_phi.csv
31.89139796114392
NMG_Julia_2000_dt_5.50e-06_Nx_64_neumann_dtout_2000_25p_phi.csv
31.89139796114392
SAV_Julia_2000_dt_5.50e-06_Nx_64_periodic_dtout_2000_phi.csv
5.793058526954734
SAV_Julia_2000_dt_5.50e-06_Nx_64_neumann_dtout_10_75p_phi.csv
31.90797299687814
SAV_Julia_2000_dt_5.50e-06_Nx_64_periodic_dtout_10_75p_phi.csv
31.90797299687814
NMG_Julia_2000_dt_5.50e-06_Nx_64_periodic_dtout_10_25p_phi.csv
31.89139796114392
SAV_Julia_2000_dt_5.50e-06_Nx_64_periodic_dtout_10_phi.csv
5.793058526954734
SAV_Julia_2000_dt_5.50e-06_Nx_64_neumann_dtout_10_phi.csv
5.793058526954734
NMG_Julia_2000_dt_5.50e-06_Nx_64_neumann_dtout_2000_75p_phi.csv
31.90797299687814
NMG_Julia_2000_dt_5.50e-06_Nx_64_periodic_dtout_2000_25p_phi.csv
31.89139796114392
SAV_Julia_2000_dt_5.50e-06_Nx_64_periodic_dtout_10_25p_phi.csv
31.89139796114392
SAV_Python_2000_dt_5.50e-06_Nx_64_neumann_dtout_10_25pphi.csv
SAV_Python_2000_dt_5.50e-06_Nx_64_neumann_dtout_10_25pphi.csv is not in the correct format for calculating norm.
spinodal_decomp_04_2025NMG_Python_200_dt_5.50e-06_Nx_64_periodic_dtout_200phi.csv
spinodal_decomp_04_2025NMG_Python_200_dt_5.50e-06_Nx_64_periodic_dtout_200phi.csv is not in the correct format for calculating norm.
SAV_Python_2000_dt_5.50e-06_Nx_64_neumann_dtout_10_75pphi.csv
SAV_Python_2000_dt_5.50e-06_Nx_64_neumann_dtout_10_75pphi.csv is not in the correct format for calculating norm.
NMG_Python_20_dt_5.50e-06_Nx_64_neumann_dtout_1_25pphi.csv
NMG_Python_20_dt_5.50e-06_Nx_64_neumann_dtout_1_25pphi.csv is not in the correct format for calculating norm.
NMG_Python_20_dt_5.50e-06_Nx_64_periodic_dtout_20phi.csv
NMG_Python_20_dt_5.50e-06_Nx_64_periodic_dtout_20phi.csv is not in the correct format for calculating norm.
spinodal_decomp_04_2025NMG_Python_20_dt_5.50e-06_Nx_64_periodic_dtout_2000phi.csv
spinodal_decomp_04_2025NMG_Python_20_dt_5.50e-06_Nx_64_periodic_dtout_2000phi.csv is not in the correct format for calculating norm.
NMG_Python_20_dt_5.50e-06_Nx_64_neumann_dtout_1_75pphi.csv
NMG_Python_20_dt_5.50e-06_Nx_64_neumann_dtout_1_75pphi.csv is not in the correct format for calculating norm.
NMG_Python_20_dt_5.50e-06_Nx_64_neumann_dtout_20_75pphi.csv
NMG_Python_20_dt_5.50e-06_Nx_64_neumann_dtout_20_75pphi.csv is not in the correct format for calculating norm.
SAV_Python_2000_dt_5.50e-06_Nx_64_periodic_dtout_2000_25pphi.csv
SAV_Python_2000_dt_5.50e-06_Nx_64_periodic_dtout_2000_25pphi.csv is not in the correct format for calculating norm.
NMG_Python_20_dt_5.50e-06_Nx_64_periodic_dtout_1phi.csv
NMG_Python_20_dt_5.50e-06_Nx_64_periodic_dtout_1phi.csv is not in the correct format for calculating norm.
spinodal_decomp_04_2025SAV_Python_2000_dt_5.50e-06_Nx_64_neumann_dtout_10phi.csv
spinodal_decomp_04_2025SAV_Python_2000_dt_5.50e-06_Nx_64_neumann_dtout_10phi.csv is not in the correct format for calculating norm.
SAV_Python_2000_dt_5.50e-06_Nx_64_periodic_dtout_2000_75pphi.csv
SAV_Python_2000_dt_5.50e-06_Nx_64_periodic_dtout_2000_75pphi.csv is not in the correct format for calculating norm.
NMG_Python_20_dt_5.50e-06_Nx_64_neumann_dtout_20_25pphi.csv
NMG_Python_20_dt_5.50e-06_Nx_64_neumann_dtout_20_25pphi.csv is not in the correct format for calculating norm.
spinodal_decomp_04_2025NMG_Python_20_dt_5.50e-06_Nx_64_neumann_dtout_2000phi.csv
spinodal_decomp_04_2025NMG_Python_20_dt_5.50e-06_Nx_64_neumann_dtout_2000phi.csv is not in the correct format for calculating norm.
spinodal_decomp_04_2025SAV_Python_2000_dt_5.50e-06_Nx_64_neumann_dtout_2000phi.csv
spinodal_decomp_04_2025SAV_Python_2000_dt_5.50e-06_Nx_64_neumann_dtout_2000phi.csv is not in the correct format for calculating norm.
SAV_Python_2000_dt_5.50e-06_Nx_64_neumann_dtout_2000_75pphi.csv
SAV_Python_2000_dt_5.50e-06_Nx_64_neumann_dtout_2000_75pphi.csv is not in the correct format for calculating norm.
NMG_Python_20_dt_5.50e-06_Nx_64_periodic_dtout_1_75pphi.csv
NMG_Python_20_dt_5.50e-06_Nx_64_periodic_dtout_1_75pphi.csv is not in the correct format for calculating norm.
SAV_Python_2000_dt_5.50e-06_Nx_64_neumann_dtout_2000_25pphi.csv
SAV_Python_2000_dt_5.50e-06_Nx_64_neumann_dtout_2000_25pphi.csv is not in the correct format for calculating norm.
SAV_Python_2000_dt_5.50e-06_Nx_64_periodic_dtout_10_25pphi.csv
SAV_Python_2000_dt_5.50e-06_Nx_64_periodic_dtout_10_25pphi.csv is not in the correct format for calculating norm.
spinodal_decomp_04_2025SAV_Python_2000_dt_5.50e-06_Nx_64_periodic_dtout_2000phi.csv
spinodal_decomp_04_2025SAV_Python_2000_dt_5.50e-06_Nx_64_periodic_dtout_2000phi.csv is not in the correct format for calculating norm.
NMG_Python_20_dt_5.50e-06_Nx_64_periodic_dtout_20_25pphi.csv
NMG_Python_20_dt_5.50e-06_Nx_64_periodic_dtout_20_25pphi.csv is not in the correct format for calculating norm.
NMG_Python_20_dt_5.50e-06_Nx_64_periodic_dtout_1_25pphi.csv
NMG_Python_20_dt_5.50e-06_Nx_64_periodic_dtout_1_25pphi.csv is not in the correct format for calculating norm.
spinodal_decomp_04_2025NMG_Python_20_dt_5.50e-06_Nx_64_neumann_dtout_10phi.csv
spinodal_decomp_04_2025NMG_Python_20_dt_5.50e-06_Nx_64_neumann_dtout_10phi.csv is not in the correct format for calculating norm.
spinodal_decomp_04_2025NMG_Python_20_dt_5.50e-06_Nx_64_periodic_dtout_20phi.csv
spinodal_decomp_04_2025NMG_Python_20_dt_5.50e-06_Nx_64_periodic_dtout_20phi.csv is not in the correct format for calculating norm.
SAV_Python_2000_dt_5.50e-06_Nx_64_periodic_dtout_10_75pphi.csv
SAV_Python_2000_dt_5.50e-06_Nx_64_periodic_dtout_10_75pphi.csv is not in the correct format for calculating norm.
NMG_Python_20_dt_5.50e-06_Nx_64_periodic_dtout_20_75pphi.csv
NMG_Python_20_dt_5.50e-06_Nx_64_periodic_dtout_20_75pphi.csv is not in the correct format for calculating norm.
spinodal_decomp_04_2025NMG_Python_2000_dt_5.50e-06_Nx_64_periodic_dtout_10phi.csv
spinodal_decomp_04_2025NMG_Python_2000_dt_5.50e-06_Nx_64_periodic_dtout_10phi.csv is not in the correct format for calculating norm.
spinodal_decomp_04_2025NMG_Python_200_dt_5.50e-06_Nx_64_neumann_dtout_200phi.csv
spinodal_decomp_04_2025NMG_Python_200_dt_5.50e-06_Nx_64_neumann_dtout_200phi.csv is not in the correct format for calculating norm.
spinodal_decomp_04_2025NMG_Python_20_dt_5.50e-06_Nx_64_periodic_dtout_10phi.csv
spinodal_decomp_04_2025NMG_Python_20_dt_5.50e-06_Nx_64_periodic_dtout_10phi.csv is not in the correct format for calculating norm.
spinodal_decomp_04_2025SAV_Python_2000_dt_5.50e-06_Nx_64_periodic_dtout_10phi.csv
spinodal_decomp_04_2025SAV_Python_2000_dt_5.50e-06_Nx_64_periodic_dtout_10phi.csv is not in the correct format for calculating norm.
(['NMG_MATLAB_2000_dt_5.50e-06_Nx_64_neumann_n_relax_4_25p_phi.csv', 'SAV_MATLAB_2000_dt_5.50e-06_Nx_64_neumann_n_relax_4_phi.csv', 'SAV_MATLAB_2000_dt_5.50e-06_Nx_64_periodic_n_relax_4_25p_phi.csv', 'NMG_MATLAB_2000_dt_5.50e-06_Nx_64_periodic_n_relax_4_25p_phi.csv', 'SAV_MATLAB_2000_dt_5.50e-06_Nx_64_periodic_n_relax_4_75p_phi.csv', 'NMG_MATLAB_2000_dt_5.50e-06_Nx_64_neumann_n_relax_4_75p_phi.csv', 'SAV_MATLAB_2000_dt_5.50e-06_Nx_64_neumann_n_relax_4_75p_phi.csv', 'SAV_MATLAB_2000_dt_5.50e-06_Nx_64_periodic_n_relax_4_phi.csv', 'SAV_MATLAB_2000_dt_5.50e-06_Nx_64_neumann_n_relax_4_25p_phi.csv', 'NMG_MATLAB_2000_dt_5.50e-06_Nx_64_periodic_n_relax_4_75p_phi.csv', 'NMG_MATLAB_2000_dt_5.50e-06_Nx_64_neumann_n_relax_4_phi.csv', 'NMG_MATLAB_2000_dt_5.50e-06_Nx_64_periodic_n_relax_4_phi.csv', 'NMG_Julia_2000_dt_5.50e-06_Nx_64_neumann_dtout_10_25p_phi.csv', 'NMG_Julia_2000_dt_5.50e-06_Nx_64_neumann_dtout_10_75p_phi.csv', 'NMG_Julia_2000_dt_5.50e-06_Nx_64_neumann_dtout_10_phi.csv', 'SAV_Julia_2000_dt_5.50e-06_Nx_64_neumann_dtout_2000_25p_phi.csv', 'NMG_Julia_2000_dt_5.50e-06_Nx_64_neumann_dtout_2000_phi.csv', 'SAV_Julia_2000_dt_5.50e-06_Nx_64_neumann_dtout_2000_phi.csv', 'NMG_Julia_2000_dt_5.50e-06_Nx_64_periodic_dtout_10_phi.csv', 'NMG_Julia_2000_dt_5.50e-06_Nx_64_periodic_dtout_2000_phi.csv', 'NMG_Julia_2000_dt_5.50e-06_Nx_64_periodic_dtout_2000_75p_phi.csv', 'SAV_Julia_2000_dt_5.50e-06_Nx_64_periodic_dtout_2000_25p_phi.csv', 'NMG_Julia_2000_dt_5.50e-06_Nx_64_periodic_dtout_10_75p_phi.csv', 'SAV_Julia_2000_dt_5.50e-06_Nx_64_neumann_dtout_2000_75p_phi.csv', 'SAV_Julia_2000_dt_5.50e-06_Nx_64_periodic_dtout_2000_75p_phi.csv', 'SAV_Julia_2000_dt_5.50e-06_Nx_64_neumann_dtout_10_25p_phi.csv', 'NMG_Julia_2000_dt_5.50e-06_Nx_64_neumann_dtout_2000_25p_phi.csv', 'SAV_Julia_2000_dt_5.50e-06_Nx_64_periodic_dtout_2000_phi.csv', 'SAV_Julia_2000_dt_5.50e-06_Nx_64_neumann_dtout_10_75p_phi.csv', 'SAV_Julia_2000_dt_5.50e-06_Nx_64_periodic_dtout_10_75p_phi.csv', 'NMG_Julia_2000_dt_5.50e-06_Nx_64_periodic_dtout_10_25p_phi.csv', 'SAV_Julia_2000_dt_5.50e-06_Nx_64_periodic_dtout_10_phi.csv', 'SAV_Julia_2000_dt_5.50e-06_Nx_64_neumann_dtout_10_phi.csv', 'NMG_Julia_2000_dt_5.50e-06_Nx_64_neumann_dtout_2000_75p_phi.csv', 'NMG_Julia_2000_dt_5.50e-06_Nx_64_periodic_dtout_2000_25p_phi.csv', 'SAV_Julia_2000_dt_5.50e-06_Nx_64_periodic_dtout_10_25p_phi.csv'], [31.89139796114392, 5.793058526954734, 31.89139796114392, 31.89139796114392, 31.90797299687814, 31.90797299687814, 31.90797299687814, 5.793058526954734, 31.89139796114392, 31.90797299687814, 5.793058526954734, 5.793058526954734, 31.89139796114392, 31.90797299687814, 5.793058526954734, 31.89139796114392, 5.793058526954734, 5.793058526954734, 5.793058526954734, 5.793058526954734, 31.90797299687814, 31.89139796114392, 31.90797299687814, 31.90797299687814, 31.90797299687814, 31.89139796114392, 31.89139796114392, 5.793058526954734, 31.90797299687814, 31.90797299687814, 31.89139796114392, 5.793058526954734, 5.793058526954734, 31.90797299687814, 31.89139796114392, 31.89139796114392])
Traceback (most recent call last):
  File "/sfs/gpfs/tardis/home/xpz5km/Cahn_Hilliard_Model_HPC/spinodal_decomp/compare_phi_norms.py", line 49, in <module>
    print(compare_phis_norm_at_timepoint(indir, GridSize, timepoint = 0.04))
          ^^^^^^^^^^^^^^^^^^^^^^^^^^^^^^^^^^^^^^^^^^^^^^^^^^^^^^^^^^^^^^^^^
  File "/sfs/gpfs/tardis/home/xpz5km/Cahn_Hilliard_Model_HPC/spinodal_decomp/compare_phi_norms.py", line 24, in compare_phis_norm_at_timepoint
    line_list = range(first_line, last_line)
                ^^^^^^^^^^^^^^^^^^^^^^^^^^^^
TypeError: 'float' object cannot be interpreted as an integer
DONE
