Thu May 8 22:11:14 EDT 2025
MODULES LOADED
/project/g_bme-janeslab/SarahG/spinodal_decomp_04_2025/out_MATLAB
['FD']
NMG_MATLAB_2000_dt_5.50e-06_Nx_64_neumann_n_relax_4_25p_phi.csv
/project/g_bme-janeslab/SarahG/spinodal_decomp_04_2025/out_MATLAB
['FD']
SAV_MATLAB_2000_dt_5.50e-06_Nx_64_neumann_n_relax_4_phi.csv
/project/g_bme-janeslab/SarahG/spinodal_decomp_04_2025/out_MATLAB
['FD']
SAV_MATLAB_2000_dt_5.50e-06_Nx_64_periodic_n_relax_4_25p_phi.csv
/project/g_bme-janeslab/SarahG/spinodal_decomp_04_2025/out_MATLAB
['FD']
NMG_MATLAB_2000_dt_5.50e-06_Nx_64_periodic_n_relax_4_25p_phi.csv
/project/g_bme-janeslab/SarahG/spinodal_decomp_04_2025/out_MATLAB
['FD']
SAV_MATLAB_2000_dt_5.50e-06_Nx_64_periodic_n_relax_4_75p_phi.csv
/project/g_bme-janeslab/SarahG/spinodal_decomp_04_2025/out_MATLAB
['FD']
NMG_MATLAB_2000_dt_5.50e-06_Nx_64_neumann_n_relax_4_75p_phi.csv
/project/g_bme-janeslab/SarahG/spinodal_decomp_04_2025/out_MATLAB
['FD']
SAV_MATLAB_2000_dt_5.50e-06_Nx_64_neumann_n_relax_4_75p_phi.csv
/project/g_bme-janeslab/SarahG/spinodal_decomp_04_2025/out_MATLAB
['FD']
SAV_MATLAB_2000_dt_5.50e-06_Nx_64_periodic_n_relax_4_phi.csv
/project/g_bme-janeslab/SarahG/spinodal_decomp_04_2025/out_MATLAB
['FD']
SAV_MATLAB_2000_dt_5.50e-06_Nx_64_neumann_n_relax_4_25p_phi.csv
/project/g_bme-janeslab/SarahG/spinodal_decomp_04_2025/out_MATLAB
['FD']
NMG_MATLAB_2000_dt_5.50e-06_Nx_64_periodic_n_relax_4_75p_phi.csv
/project/g_bme-janeslab/SarahG/spinodal_decomp_04_2025/out_MATLAB
['FD']
NMG_MATLAB_2000_dt_5.50e-06_Nx_64_neumann_n_relax_4_phi.csv
/project/g_bme-janeslab/SarahG/spinodal_decomp_04_2025/out_MATLAB
['FD']
NMG_MATLAB_2000_dt_5.50e-06_Nx_64_periodic_n_relax_4_phi.csv
/project/g_bme-janeslab/SarahG/spinodal_decomp_04_2025/out_julia
[]
NMG_Julia_2000_dt_5.50e-06_Nx_64_neumann_dtout_10_25p_phi.csv
/project/g_bme-janeslab/SarahG/spinodal_decomp_04_2025/out_julia
[]
NMG_Julia_2000_dt_5.50e-06_Nx_64_neumann_dtout_10_75p_phi.csv
/project/g_bme-janeslab/SarahG/spinodal_decomp_04_2025/out_julia
[]
NMG_Julia_2000_dt_5.50e-06_Nx_64_neumann_dtout_10_phi.csv
/project/g_bme-janeslab/SarahG/spinodal_decomp_04_2025/out_julia
[]
SAV_Julia_2000_dt_5.50e-06_Nx_64_neumann_dtout_2000_25p_phi.csv
/project/g_bme-janeslab/SarahG/spinodal_decomp_04_2025/out_julia
[]
NMG_Julia_2000_dt_5.50e-06_Nx_64_neumann_dtout_2000_phi.csv
/project/g_bme-janeslab/SarahG/spinodal_decomp_04_2025/out_julia
[]
SAV_Julia_2000_dt_5.50e-06_Nx_64_neumann_dtout_2000_phi.csv
/project/g_bme-janeslab/SarahG/spinodal_decomp_04_2025/out_julia
[]
NMG_Julia_2000_dt_5.50e-06_Nx_64_periodic_dtout_10_phi.csv
/project/g_bme-janeslab/SarahG/spinodal_decomp_04_2025/out_julia
[]
NMG_Julia_2000_dt_5.50e-06_Nx_64_periodic_dtout_2000_phi.csv
/project/g_bme-janeslab/SarahG/spinodal_decomp_04_2025/out_julia
[]
NMG_Julia_2000_dt_5.50e-06_Nx_64_periodic_dtout_2000_75p_phi.csv
/project/g_bme-janeslab/SarahG/spinodal_decomp_04_2025/out_julia
[]
SAV_Julia_2000_dt_5.50e-06_Nx_64_periodic_dtout_2000_25p_phi.csv
/project/g_bme-janeslab/SarahG/spinodal_decomp_04_2025/out_julia
[]
NMG_Julia_2000_dt_5.50e-06_Nx_64_periodic_dtout_10_75p_phi.csv
/project/g_bme-janeslab/SarahG/spinodal_decomp_04_2025/out_julia
[]
SAV_Julia_2000_dt_5.50e-06_Nx_64_neumann_dtout_2000_75p_phi.csv
/project/g_bme-janeslab/SarahG/spinodal_decomp_04_2025/out_julia
[]
SAV_Julia_2000_dt_5.50e-06_Nx_64_periodic_dtout_2000_75p_phi.csv
/project/g_bme-janeslab/SarahG/spinodal_decomp_04_2025/out_julia
[]
SAV_Julia_2000_dt_5.50e-06_Nx_64_neumann_dtout_10_25p_phi.csv
/project/g_bme-janeslab/SarahG/spinodal_decomp_04_2025/out_julia
[]
NMG_Julia_2000_dt_5.50e-06_Nx_64_neumann_dtout_2000_25p_phi.csv
/project/g_bme-janeslab/SarahG/spinodal_decomp_04_2025/out_julia
[]
SAV_Julia_2000_dt_5.50e-06_Nx_64_periodic_dtout_2000_phi.csv
/project/g_bme-janeslab/SarahG/spinodal_decomp_04_2025/out_julia
[]
SAV_Julia_2000_dt_5.50e-06_Nx_64_neumann_dtout_10_75p_phi.csv
/project/g_bme-janeslab/SarahG/spinodal_decomp_04_2025/out_julia
[]
SAV_Julia_2000_dt_5.50e-06_Nx_64_periodic_dtout_10_75p_phi.csv
/project/g_bme-janeslab/SarahG/spinodal_decomp_04_2025/out_julia
[]
NMG_Julia_2000_dt_5.50e-06_Nx_64_periodic_dtout_10_25p_phi.csv
/project/g_bme-janeslab/SarahG/spinodal_decomp_04_2025/out_julia
[]
SAV_Julia_2000_dt_5.50e-06_Nx_64_periodic_dtout_10_phi.csv
/project/g_bme-janeslab/SarahG/spinodal_decomp_04_2025/out_julia
[]
SAV_Julia_2000_dt_5.50e-06_Nx_64_neumann_dtout_10_phi.csv
/project/g_bme-janeslab/SarahG/spinodal_decomp_04_2025/out_julia
[]
NMG_Julia_2000_dt_5.50e-06_Nx_64_neumann_dtout_2000_75p_phi.csv
/project/g_bme-janeslab/SarahG/spinodal_decomp_04_2025/out_julia
[]
NMG_Julia_2000_dt_5.50e-06_Nx_64_periodic_dtout_2000_25p_phi.csv
/project/g_bme-janeslab/SarahG/spinodal_decomp_04_2025/out_julia
[]
SAV_Julia_2000_dt_5.50e-06_Nx_64_periodic_dtout_10_25p_phi.csv
/project/g_bme-janeslab/SarahG/spinodal_decomp_04_2025/out_python
[]
SAV_Python_2000_dt_5.50e-06_Nx_64_neumann_dtout_10_25pphi.csv
Traceback (most recent call last):
  File "/sfs/gpfs/tardis/home/xpz5km/Cahn_Hilliard_Model_HPC/spinodal_decomp/compare_phi_norms.py", line 47, in <module>
    print(compare_phis_norm_at_timepoint(indir, GridSize, timepoint = 0))
          ^^^^^^^^^^^^^^^^^^^^^^^^^^^^^^^^^^^^^^^^^^^^^^^^^^^^^^^^^^^^^^
  File "/sfs/gpfs/tardis/home/xpz5km/Cahn_Hilliard_Model_HPC/spinodal_decomp/compare_phi_norms.py", line 39, in compare_phis_norm_at_timepoint
    snapshot = read_specific_lines(f"{root}/{fname}", line_list)
               ^^^^^^^^^^^^^^^^^^^^^^^^^^^^^^^^^^^^^^^^^^^^^^^^^
  File "/sfs/gpfs/tardis/home/xpz5km/Cahn_Hilliard_Model_HPC/spinodal_decomp/compare_phi_norms.py", line 12, in read_specific_lines
    digits = [float(i) for i in line.strip("\n").split(",")]
             ^^^^^^^^^^^^^^^^^^^^^^^^^^^^^^^^^^^^^^^^^^^^^^^
  File "/sfs/gpfs/tardis/home/xpz5km/Cahn_Hilliard_Model_HPC/spinodal_decomp/compare_phi_norms.py", line 12, in <listcomp>
    digits = [float(i) for i in line.strip("\n").split(",")]
              ^^^^^^^^
ValueError: could not convert string to float: ''
DONE
