Fri May 9 13:49:46 EDT 2025
MODULES LOADED
NMG_Julia_2000_dt_5.50e-06_Nx_512_neumann_dtout_10_75p_mass.csv
Exception type : TypeError 
Exception message : read_specific_lines() missing 1 required positional argument: 'line_numbers'
Stack trace : ['File : /sfs/gpfs/tardis/home/xpz5km/Cahn_Hilliard_Model_HPC/spinodal_decomp/compare_phi_mass.py , Line : 57, Func.Name : compare_phi_masses, Message : masses = read_specific_lines(lines)']
SAV_Julia_2000_dt_5.50e-06_Nx_512_neumann_dtout_10_75p_mass.csv
Exception type : TypeError 
Exception message : read_specific_lines() missing 1 required positional argument: 'line_numbers'
Stack trace : ['File : /sfs/gpfs/tardis/home/xpz5km/Cahn_Hilliard_Model_HPC/spinodal_decomp/compare_phi_mass.py , Line : 57, Func.Name : compare_phi_masses, Message : masses = read_specific_lines(lines)']
SAV_Julia_2000_dt_5.50e-06_Nx_512_periodic_dtout_10_mass.csv
Exception type : TypeError 
Exception message : read_specific_lines() missing 1 required positional argument: 'line_numbers'
Stack trace : ['File : /sfs/gpfs/tardis/home/xpz5km/Cahn_Hilliard_Model_HPC/spinodal_decomp/compare_phi_mass.py , Line : 57, Func.Name : compare_phi_masses, Message : masses = read_specific_lines(lines)']
SAV_Julia_2000_dt_5.50e-06_Nx_128_neumann_dtout_10_25p_mass.csv
Exception type : TypeError 
Exception message : read_specific_lines() missing 1 required positional argument: 'line_numbers'
Stack trace : ['File : /sfs/gpfs/tardis/home/xpz5km/Cahn_Hilliard_Model_HPC/spinodal_decomp/compare_phi_mass.py , Line : 57, Func.Name : compare_phi_masses, Message : masses = read_specific_lines(lines)']
NMG_Julia_2000_dt_5.50e-06_Nx_512_neumann_dtout_10_mass.csv
Exception type : TypeError 
Exception message : read_specific_lines() missing 1 required positional argument: 'line_numbers'
Stack trace : ['File : /sfs/gpfs/tardis/home/xpz5km/Cahn_Hilliard_Model_HPC/spinodal_decomp/compare_phi_mass.py , Line : 57, Func.Name : compare_phi_masses, Message : masses = read_specific_lines(lines)']
SAV_Julia_2000_dt_5.50e-06_Nx_128_neumann_dtout_10_mass.csv
Exception type : TypeError 
Exception message : read_specific_lines() missing 1 required positional argument: 'line_numbers'
Stack trace : ['File : /sfs/gpfs/tardis/home/xpz5km/Cahn_Hilliard_Model_HPC/spinodal_decomp/compare_phi_mass.py , Line : 57, Func.Name : compare_phi_masses, Message : masses = read_specific_lines(lines)']
NMG_Julia_2000_dt_5.50e-06_Nx_256_periodic_dtout_10_mass.csv
Exception type : TypeError 
Exception message : read_specific_lines() missing 1 required positional argument: 'line_numbers'
Stack trace : ['File : /sfs/gpfs/tardis/home/xpz5km/Cahn_Hilliard_Model_HPC/spinodal_decomp/compare_phi_mass.py , Line : 57, Func.Name : compare_phi_masses, Message : masses = read_specific_lines(lines)']
NMG_Julia_2000_dt_5.50e-06_Nx_256_neumann_dtout_10_mass.csv
Exception type : TypeError 
Exception message : read_specific_lines() missing 1 required positional argument: 'line_numbers'
Stack trace : ['File : /sfs/gpfs/tardis/home/xpz5km/Cahn_Hilliard_Model_HPC/spinodal_decomp/compare_phi_mass.py , Line : 57, Func.Name : compare_phi_masses, Message : masses = read_specific_lines(lines)']
SAV_Julia_2000_dt_5.50e-06_Nx_256_periodic_dtout_10_mass.csv
Exception type : TypeError 
Exception message : read_specific_lines() missing 1 required positional argument: 'line_numbers'
Stack trace : ['File : /sfs/gpfs/tardis/home/xpz5km/Cahn_Hilliard_Model_HPC/spinodal_decomp/compare_phi_mass.py , Line : 57, Func.Name : compare_phi_masses, Message : masses = read_specific_lines(lines)']
SAV_Julia_2000_dt_5.50e-06_Nx_512_periodic_dtout_10_25p_mass.csv
Exception type : TypeError 
Exception message : read_specific_lines() missing 1 required positional argument: 'line_numbers'
Stack trace : ['File : /sfs/gpfs/tardis/home/xpz5km/Cahn_Hilliard_Model_HPC/spinodal_decomp/compare_phi_mass.py , Line : 57, Func.Name : compare_phi_masses, Message : masses = read_specific_lines(lines)']
NMG_Julia_2000_dt_5.50e-06_Nx_256_periodic_dtout_10_75p_mass.csv
Exception type : TypeError 
Exception message : read_specific_lines() missing 1 required positional argument: 'line_numbers'
Stack trace : ['File : /sfs/gpfs/tardis/home/xpz5km/Cahn_Hilliard_Model_HPC/spinodal_decomp/compare_phi_mass.py , Line : 57, Func.Name : compare_phi_masses, Message : masses = read_specific_lines(lines)']
NMG_Julia_2000_dt_5.50e-06_Nx_512_periodic_dtout_10_25p_mass.csv
Exception type : TypeError 
Exception message : read_specific_lines() missing 1 required positional argument: 'line_numbers'
Stack trace : ['File : /sfs/gpfs/tardis/home/xpz5km/Cahn_Hilliard_Model_HPC/spinodal_decomp/compare_phi_mass.py , Line : 57, Func.Name : compare_phi_masses, Message : masses = read_specific_lines(lines)']
NMG_Julia_2000_dt_5.50e-06_Nx_128_periodic_dtout_10_75p_mass.csv
Exception type : TypeError 
Exception message : read_specific_lines() missing 1 required positional argument: 'line_numbers'
Stack trace : ['File : /sfs/gpfs/tardis/home/xpz5km/Cahn_Hilliard_Model_HPC/spinodal_decomp/compare_phi_mass.py , Line : 57, Func.Name : compare_phi_masses, Message : masses = read_specific_lines(lines)']
SAV_Julia_2000_dt_5.50e-06_Nx_64_neumann_dtout_10_75p_mass.csv
Exception type : TypeError 
Exception message : read_specific_lines() missing 1 required positional argument: 'line_numbers'
Stack trace : ['File : /sfs/gpfs/tardis/home/xpz5km/Cahn_Hilliard_Model_HPC/spinodal_decomp/compare_phi_mass.py , Line : 57, Func.Name : compare_phi_masses, Message : masses = read_specific_lines(lines)']
SAV_Julia_2000_dt_5.50e-06_Nx_512_periodic_dtout_10_75p_mass.csv
Exception type : TypeError 
Exception message : read_specific_lines() missing 1 required positional argument: 'line_numbers'
Stack trace : ['File : /sfs/gpfs/tardis/home/xpz5km/Cahn_Hilliard_Model_HPC/spinodal_decomp/compare_phi_mass.py , Line : 57, Func.Name : compare_phi_masses, Message : masses = read_specific_lines(lines)']
NMG_Julia_2000_dt_5.50e-06_Nx_64_neumann_dtout_10_mass.csv
Exception type : TypeError 
Exception message : read_specific_lines() missing 1 required positional argument: 'line_numbers'
Stack trace : ['File : /sfs/gpfs/tardis/home/xpz5km/Cahn_Hilliard_Model_HPC/spinodal_decomp/compare_phi_mass.py , Line : 57, Func.Name : compare_phi_masses, Message : masses = read_specific_lines(lines)']
NMG_Julia_2000_dt_5.50e-06_Nx_512_neumann_dtout_10_25p_mass.csv
Exception type : TypeError 
Exception message : read_specific_lines() missing 1 required positional argument: 'line_numbers'
Stack trace : ['File : /sfs/gpfs/tardis/home/xpz5km/Cahn_Hilliard_Model_HPC/spinodal_decomp/compare_phi_mass.py , Line : 57, Func.Name : compare_phi_masses, Message : masses = read_specific_lines(lines)']
NMG_Julia_2000_dt_5.50e-06_Nx_512_periodic_dtout_10_75p_mass.csv
Exception type : TypeError 
Exception message : read_specific_lines() missing 1 required positional argument: 'line_numbers'
Stack trace : ['File : /sfs/gpfs/tardis/home/xpz5km/Cahn_Hilliard_Model_HPC/spinodal_decomp/compare_phi_mass.py , Line : 57, Func.Name : compare_phi_masses, Message : masses = read_specific_lines(lines)']
SAV_Julia_2000_dt_5.50e-06_Nx_64_periodic_dtout_10_25p_mass.csv
Exception type : TypeError 
Exception message : read_specific_lines() missing 1 required positional argument: 'line_numbers'
Stack trace : ['File : /sfs/gpfs/tardis/home/xpz5km/Cahn_Hilliard_Model_HPC/spinodal_decomp/compare_phi_mass.py , Line : 57, Func.Name : compare_phi_masses, Message : masses = read_specific_lines(lines)']
NMG_Julia_2000_dt_5.50e-06_Nx_64_neumann_dtout_10_75p_mass.csv
Exception type : TypeError 
Exception message : read_specific_lines() missing 1 required positional argument: 'line_numbers'
Stack trace : ['File : /sfs/gpfs/tardis/home/xpz5km/Cahn_Hilliard_Model_HPC/spinodal_decomp/compare_phi_mass.py , Line : 57, Func.Name : compare_phi_masses, Message : masses = read_specific_lines(lines)']
SAV_Julia_2000_dt_5.50e-06_Nx_128_periodic_dtout_10_75p_mass.csv
Exception type : TypeError 
Exception message : read_specific_lines() missing 1 required positional argument: 'line_numbers'
Stack trace : ['File : /sfs/gpfs/tardis/home/xpz5km/Cahn_Hilliard_Model_HPC/spinodal_decomp/compare_phi_mass.py , Line : 57, Func.Name : compare_phi_masses, Message : masses = read_specific_lines(lines)']
SAV_Julia_2000_dt_5.50e-06_Nx_128_periodic_dtout_10_25p_mass.csv
Exception type : TypeError 
Exception message : read_specific_lines() missing 1 required positional argument: 'line_numbers'
Stack trace : ['File : /sfs/gpfs/tardis/home/xpz5km/Cahn_Hilliard_Model_HPC/spinodal_decomp/compare_phi_mass.py , Line : 57, Func.Name : compare_phi_masses, Message : masses = read_specific_lines(lines)']
SAV_Julia_2000_dt_5.50e-06_Nx_64_periodic_dtout_10_mass.csv
Exception type : TypeError 
Exception message : read_specific_lines() missing 1 required positional argument: 'line_numbers'
Stack trace : ['File : /sfs/gpfs/tardis/home/xpz5km/Cahn_Hilliard_Model_HPC/spinodal_decomp/compare_phi_mass.py , Line : 57, Func.Name : compare_phi_masses, Message : masses = read_specific_lines(lines)']
NMG_Julia_2000_dt_5.50e-06_Nx_256_neumann_dtout_10_75p_mass.csv
Exception type : TypeError 
Exception message : read_specific_lines() missing 1 required positional argument: 'line_numbers'
Stack trace : ['File : /sfs/gpfs/tardis/home/xpz5km/Cahn_Hilliard_Model_HPC/spinodal_decomp/compare_phi_mass.py , Line : 57, Func.Name : compare_phi_masses, Message : masses = read_specific_lines(lines)']
SAV_Julia_2000_dt_5.50e-06_Nx_128_periodic_dtout_10_mass.csv
Exception type : TypeError 
Exception message : read_specific_lines() missing 1 required positional argument: 'line_numbers'
Stack trace : ['File : /sfs/gpfs/tardis/home/xpz5km/Cahn_Hilliard_Model_HPC/spinodal_decomp/compare_phi_mass.py , Line : 57, Func.Name : compare_phi_masses, Message : masses = read_specific_lines(lines)']
NMG_Julia_2000_dt_5.50e-06_Nx_64_periodic_dtout_10_75p_mass.csv
Exception type : TypeError 
Exception message : read_specific_lines() missing 1 required positional argument: 'line_numbers'
Stack trace : ['File : /sfs/gpfs/tardis/home/xpz5km/Cahn_Hilliard_Model_HPC/spinodal_decomp/compare_phi_mass.py , Line : 57, Func.Name : compare_phi_masses, Message : masses = read_specific_lines(lines)']
NMG_Julia_2000_dt_5.50e-06_Nx_128_neumann_dtout_10_75p_mass.csv
Exception type : TypeError 
Exception message : read_specific_lines() missing 1 required positional argument: 'line_numbers'
Stack trace : ['File : /sfs/gpfs/tardis/home/xpz5km/Cahn_Hilliard_Model_HPC/spinodal_decomp/compare_phi_mass.py , Line : 57, Func.Name : compare_phi_masses, Message : masses = read_specific_lines(lines)']
NMG_Julia_2000_dt_5.50e-06_Nx_64_neumann_dtout_10_25p_mass.csv
Exception type : TypeError 
Exception message : read_specific_lines() missing 1 required positional argument: 'line_numbers'
Stack trace : ['File : /sfs/gpfs/tardis/home/xpz5km/Cahn_Hilliard_Model_HPC/spinodal_decomp/compare_phi_mass.py , Line : 57, Func.Name : compare_phi_masses, Message : masses = read_specific_lines(lines)']
NMG_Julia_2000_dt_5.50e-06_Nx_128_periodic_dtout_10_25p_mass.csv
Exception type : TypeError 
Exception message : read_specific_lines() missing 1 required positional argument: 'line_numbers'
Stack trace : ['File : /sfs/gpfs/tardis/home/xpz5km/Cahn_Hilliard_Model_HPC/spinodal_decomp/compare_phi_mass.py , Line : 57, Func.Name : compare_phi_masses, Message : masses = read_specific_lines(lines)']
NMG_Julia_2000_dt_5.50e-06_Nx_128_periodic_dtout_10_mass.csv
Exception type : TypeError 
Exception message : read_specific_lines() missing 1 required positional argument: 'line_numbers'
Stack trace : ['File : /sfs/gpfs/tardis/home/xpz5km/Cahn_Hilliard_Model_HPC/spinodal_decomp/compare_phi_mass.py , Line : 57, Func.Name : compare_phi_masses, Message : masses = read_specific_lines(lines)']
NMG_Julia_2000_dt_5.50e-06_Nx_256_periodic_dtout_10_25p_mass.csv
Exception type : TypeError 
Exception message : read_specific_lines() missing 1 required positional argument: 'line_numbers'
Stack trace : ['File : /sfs/gpfs/tardis/home/xpz5km/Cahn_Hilliard_Model_HPC/spinodal_decomp/compare_phi_mass.py , Line : 57, Func.Name : compare_phi_masses, Message : masses = read_specific_lines(lines)']
SAV_Julia_2000_dt_5.50e-06_Nx_256_neumann_dtout_10_25p_mass.csv
Exception type : TypeError 
Exception message : read_specific_lines() missing 1 required positional argument: 'line_numbers'
Stack trace : ['File : /sfs/gpfs/tardis/home/xpz5km/Cahn_Hilliard_Model_HPC/spinodal_decomp/compare_phi_mass.py , Line : 57, Func.Name : compare_phi_masses, Message : masses = read_specific_lines(lines)']
NMG_Julia_2000_dt_5.50e-06_Nx_64_periodic_dtout_10_25p_mass.csv
Exception type : TypeError 
Exception message : read_specific_lines() missing 1 required positional argument: 'line_numbers'
Stack trace : ['File : /sfs/gpfs/tardis/home/xpz5km/Cahn_Hilliard_Model_HPC/spinodal_decomp/compare_phi_mass.py , Line : 57, Func.Name : compare_phi_masses, Message : masses = read_specific_lines(lines)']
NMG_Julia_2000_dt_5.50e-06_Nx_128_neumann_dtout_10_mass.csv
Exception type : TypeError 
Exception message : read_specific_lines() missing 1 required positional argument: 'line_numbers'
Stack trace : ['File : /sfs/gpfs/tardis/home/xpz5km/Cahn_Hilliard_Model_HPC/spinodal_decomp/compare_phi_mass.py , Line : 57, Func.Name : compare_phi_masses, Message : masses = read_specific_lines(lines)']
SAV_Julia_2000_dt_5.50e-06_Nx_128_neumann_dtout_10_75p_mass.csv
Exception type : TypeError 
Exception message : read_specific_lines() missing 1 required positional argument: 'line_numbers'
Stack trace : ['File : /sfs/gpfs/tardis/home/xpz5km/Cahn_Hilliard_Model_HPC/spinodal_decomp/compare_phi_mass.py , Line : 57, Func.Name : compare_phi_masses, Message : masses = read_specific_lines(lines)']
NMG_Julia_2000_dt_5.50e-06_Nx_512_periodic_dtout_10_mass.csv
Exception type : TypeError 
Exception message : read_specific_lines() missing 1 required positional argument: 'line_numbers'
Stack trace : ['File : /sfs/gpfs/tardis/home/xpz5km/Cahn_Hilliard_Model_HPC/spinodal_decomp/compare_phi_mass.py , Line : 57, Func.Name : compare_phi_masses, Message : masses = read_specific_lines(lines)']
SAV_Julia_2000_dt_5.50e-06_Nx_64_periodic_dtout_10_75p_mass.csv
Exception type : TypeError 
Exception message : read_specific_lines() missing 1 required positional argument: 'line_numbers'
Stack trace : ['File : /sfs/gpfs/tardis/home/xpz5km/Cahn_Hilliard_Model_HPC/spinodal_decomp/compare_phi_mass.py , Line : 57, Func.Name : compare_phi_masses, Message : masses = read_specific_lines(lines)']
SAV_Julia_2000_dt_5.50e-06_Nx_256_neumann_dtout_10_75p_mass.csv
Exception type : TypeError 
Exception message : read_specific_lines() missing 1 required positional argument: 'line_numbers'
Stack trace : ['File : /sfs/gpfs/tardis/home/xpz5km/Cahn_Hilliard_Model_HPC/spinodal_decomp/compare_phi_mass.py , Line : 57, Func.Name : compare_phi_masses, Message : masses = read_specific_lines(lines)']
SAV_Julia_2000_dt_5.50e-06_Nx_64_neumann_dtout_10_25p_mass.csv
Exception type : TypeError 
Exception message : read_specific_lines() missing 1 required positional argument: 'line_numbers'
Stack trace : ['File : /sfs/gpfs/tardis/home/xpz5km/Cahn_Hilliard_Model_HPC/spinodal_decomp/compare_phi_mass.py , Line : 57, Func.Name : compare_phi_masses, Message : masses = read_specific_lines(lines)']
SAV_Julia_2000_dt_5.50e-06_Nx_256_neumann_dtout_10_mass.csv
Exception type : TypeError 
Exception message : read_specific_lines() missing 1 required positional argument: 'line_numbers'
Stack trace : ['File : /sfs/gpfs/tardis/home/xpz5km/Cahn_Hilliard_Model_HPC/spinodal_decomp/compare_phi_mass.py , Line : 57, Func.Name : compare_phi_masses, Message : masses = read_specific_lines(lines)']
SAV_Julia_2000_dt_5.50e-06_Nx_512_neumann_dtout_10_mass.csv
Exception type : TypeError 
Exception message : read_specific_lines() missing 1 required positional argument: 'line_numbers'
Stack trace : ['File : /sfs/gpfs/tardis/home/xpz5km/Cahn_Hilliard_Model_HPC/spinodal_decomp/compare_phi_mass.py , Line : 57, Func.Name : compare_phi_masses, Message : masses = read_specific_lines(lines)']
NMG_Julia_2000_dt_5.50e-06_Nx_64_periodic_dtout_10_mass.csv
Exception type : TypeError 
Exception message : read_specific_lines() missing 1 required positional argument: 'line_numbers'
Stack trace : ['File : /sfs/gpfs/tardis/home/xpz5km/Cahn_Hilliard_Model_HPC/spinodal_decomp/compare_phi_mass.py , Line : 57, Func.Name : compare_phi_masses, Message : masses = read_specific_lines(lines)']
NMG_Julia_2000_dt_5.50e-06_Nx_128_neumann_dtout_10_25p_mass.csv
Exception type : TypeError 
Exception message : read_specific_lines() missing 1 required positional argument: 'line_numbers'
Stack trace : ['File : /sfs/gpfs/tardis/home/xpz5km/Cahn_Hilliard_Model_HPC/spinodal_decomp/compare_phi_mass.py , Line : 57, Func.Name : compare_phi_masses, Message : masses = read_specific_lines(lines)']
SAV_Julia_2000_dt_5.50e-06_Nx_64_neumann_dtout_10_mass.csv
Exception type : TypeError 
Exception message : read_specific_lines() missing 1 required positional argument: 'line_numbers'
Stack trace : ['File : /sfs/gpfs/tardis/home/xpz5km/Cahn_Hilliard_Model_HPC/spinodal_decomp/compare_phi_mass.py , Line : 57, Func.Name : compare_phi_masses, Message : masses = read_specific_lines(lines)']
SAV_Julia_2000_dt_5.50e-06_Nx_512_neumann_dtout_10_25p_mass.csv
Exception type : TypeError 
Exception message : read_specific_lines() missing 1 required positional argument: 'line_numbers'
Stack trace : ['File : /sfs/gpfs/tardis/home/xpz5km/Cahn_Hilliard_Model_HPC/spinodal_decomp/compare_phi_mass.py , Line : 57, Func.Name : compare_phi_masses, Message : masses = read_specific_lines(lines)']
SAV_Julia_2000_dt_5.50e-06_Nx_256_periodic_dtout_10_25p_mass.csv
Exception type : TypeError 
Exception message : read_specific_lines() missing 1 required positional argument: 'line_numbers'
Stack trace : ['File : /sfs/gpfs/tardis/home/xpz5km/Cahn_Hilliard_Model_HPC/spinodal_decomp/compare_phi_mass.py , Line : 57, Func.Name : compare_phi_masses, Message : masses = read_specific_lines(lines)']
NMG_Julia_2000_dt_5.50e-06_Nx_256_neumann_dtout_10_25p_mass.csv
Exception type : TypeError 
Exception message : read_specific_lines() missing 1 required positional argument: 'line_numbers'
Stack trace : ['File : /sfs/gpfs/tardis/home/xpz5km/Cahn_Hilliard_Model_HPC/spinodal_decomp/compare_phi_mass.py , Line : 57, Func.Name : compare_phi_masses, Message : masses = read_specific_lines(lines)']
SAV_Julia_2000_dt_5.50e-06_Nx_256_periodic_dtout_10_75p_mass.csv
Exception type : TypeError 
Exception message : read_specific_lines() missing 1 required positional argument: 'line_numbers'
Stack trace : ['File : /sfs/gpfs/tardis/home/xpz5km/Cahn_Hilliard_Model_HPC/spinodal_decomp/compare_phi_mass.py , Line : 57, Func.Name : compare_phi_masses, Message : masses = read_specific_lines(lines)']
DONE
