Tue Apr 7 10:28:47 EDT 2026
=== CPU SPECIFICATIONS ===
Socket(s):           2
Model name:          AMD EPYC 9454 48-Core Processor
CPU max MHz:         3810.7910
CPU min MHz:         1500.0000

512 neumann true SAV 25p
MODULES LOADED
ERROR: LoadError: ArgumentError: Package BenchmarkTools not found in current path.
- Run `import Pkg; Pkg.add("BenchmarkTools")` to install the BenchmarkTools package.
Stacktrace:
 [1] macro expansion
   @ ./loading.jl:2296 [inlined]
 [2] macro expansion
   @ ./lock.jl:273 [inlined]
 [3] __require(into::Module, mod::Symbol)
   @ Base ./loading.jl:2271
 [4] #invoke_in_world#3
   @ ./essentials.jl:1089 [inlined]
 [5] invoke_in_world
   @ ./essentials.jl:1086 [inlined]
 [6] require(into::Module, mod::Symbol)
   @ Base ./loading.jl:2260
in expression starting at /sfs/gpfs/tardis/home/xpz5km/Cahn_Hilliard_Model_HPC/spinodal_decomp/CahnHilliard_Julia_solvers/run_spinodal_decomp_HPC.jl:3

=== CLOCK RATE DURING SIMULATION ===
Average CPU MHz: 0
DONE
