Thu Jul 10 16:52:17 EDT 2025
128 periodic true NMG 25p
MODULES LOADED
   Resolving package versions...
  No Changes to `/sfs/gpfs/tardis/home/xpz5km/.julia/environments/v1.9/Project.toml`
  No Changes to `/sfs/gpfs/tardis/home/xpz5km/.julia/environments/v1.9/Manifest.toml`
Precompiling project...
[91m  ✗ [39m[90mGtkObservables[39m
[91m  ✗ [39mProfileView
[33m  ? [39m[90mPlots → FileIOExt[39m
[33m  ? [39m[90mPlots → UnitfulExt[39m
  0 dependencies successfully precompiled in 53 seconds. 235 already precompiled.
  [33m2[39m dependencies failed but may be precompilable after restarting julia
  [91m2[39m dependencies errored. To see a full report either run `import Pkg; Pkg.precompile()` or load the packages
  [33m2[39m dependencies had warnings during precompilation:[33m
┌ [39mFileIOExt [f5f51d8f-5827-5d2e-939b-192fcd6ec70c][33m
│  [39m┌ Warning: The call to compilecache failed to create a usable precompiled cache file for Plots [91a5bcdd-55d7-5caf-9e0b-520d859cae80][33m
│  [39m│   exception = Invalid input in module list: expected ColorSchemes.[33m
│  [39m└ @ Base loading.jl:1818[33m
└  [39m[33m
┌ [39mUnitfulExt [0e51ec96-f580-5f12-a625-1297083d7970][33m
│  [39m┌ Warning: The call to compilecache failed to create a usable precompiled cache file for Plots [91a5bcdd-55d7-5caf-9e0b-520d859cae80][33m
│  [39m│   exception = Invalid input in module list: expected ColorSchemes.[33m
│  [39m└ @ Base loading.jl:1818[33m
└  [39m
ERROR: LoadError: ArgumentError: Cannot open '/project/g_bme-janeslab/SarahG/spinodal_decomp_06_2025/out_Julia//out_julia/NMG_Julia_2000_dt_5.50e-06_Nx_128_periodic_dtout_1025p__phi.csv': not a file
Stacktrace:
 [1] readdlm_auto(input::String, dlm::Char, T::Type, eol::Char, auto::Bool; opts::Base.Pairs{Symbol, Union{}, Tuple{}, NamedTuple{(), Tuple{}}})
   @ DelimitedFiles ~/.julia/packages/DelimitedFiles/aGcsu/src/DelimitedFiles.jl:234
 [2] readdlm_auto
   @ ~/.julia/packages/DelimitedFiles/aGcsu/src/DelimitedFiles.jl:233 [inlined]
 [3] #readdlm#5
   @ ~/.julia/packages/DelimitedFiles/aGcsu/src/DelimitedFiles.jl:170 [inlined]
 [4] readdlm
   @ ~/.julia/packages/DelimitedFiles/aGcsu/src/DelimitedFiles.jl:170 [inlined]
 [5] #readdlm#4
   @ ~/.julia/packages/DelimitedFiles/aGcsu/src/DelimitedFiles.jl:162 [inlined]
 [6] readdlm(input::String, dlm::Char)
   @ DelimitedFiles ~/.julia/packages/DelimitedFiles/aGcsu/src/DelimitedFiles.jl:162
 [7] top-level scope
   @ /sfs/gpfs/tardis/home/xpz5km/Cahn_Hilliard_Model_HPC/spinodal_decomp/rmse.jl:45
in expression starting at /sfs/gpfs/tardis/home/xpz5km/Cahn_Hilliard_Model_HPC/spinodal_decomp/rmse.jl:45
Starting...
DONE
