Thu Jul 10 16:52:31 EDT 2025
512 periodic true NMG 25p
MODULES LOADED
   Resolving package versions...
  No Changes to `/sfs/gpfs/tardis/home/xpz5km/.julia/environments/v1.9/Project.toml`
  No Changes to `/sfs/gpfs/tardis/home/xpz5km/.julia/environments/v1.9/Manifest.toml`
ERROR: LoadError: ArgumentError: Cannot open '/project/g_bme-janeslab/SarahG/spinodal_decomp_06_2025/out_Julia//out_julia/NMG_Julia_2000_dt_5.50e-06_Nx_512_periodic_dtout_1025p__phi.csv': not a file
Stacktrace:
 [1] readdlm_auto(input::String, dlm::Char, T::Type, eol::Char, auto::Bool; opts::Base.Pairs{Symbol, Union{}, Tuple{}, NamedTuple{(), Tuple{}}})
   @ DelimitedFiles ~/.julia/packages/DelimitedFiles/aGcsu/src/DelimitedFiles.jl:234
 [2] readdlm_auto
   @ ~/.julia/packages/DelimitedFiles/aGcsu/src/DelimitedFiles.jl:233 [inlined]
 [3] #readdlm#5
   @ ~/.julia/packages/DelimitedFiles/aGcsu/src/DelimitedFiles.jl:170 [inlined]
 [4] readdlm
   @ ~/.julia/packages/DelimitedFiles/aGcsu/src/DelimitedFiles.jl:170 [inlined]
 [5] #readdlm#4
   @ ~/.julia/packages/DelimitedFiles/aGcsu/src/DelimitedFiles.jl:162 [inlined]
 [6] readdlm(input::String, dlm::Char)
   @ DelimitedFiles ~/.julia/packages/DelimitedFiles/aGcsu/src/DelimitedFiles.jl:162
 [7] top-level scope
   @ /sfs/gpfs/tardis/home/xpz5km/Cahn_Hilliard_Model_HPC/spinodal_decomp/rmse.jl:45
in expression starting at /sfs/gpfs/tardis/home/xpz5km/Cahn_Hilliard_Model_HPC/spinodal_decomp/rmse.jl:45
Starting...
DONE
