Thu Jul 10 14:03:59 EDT 2025
256 neumann true NMG 75p
MODULES LOADED

                            < M A T L A B (R) >
                  Copyright 1984-2024 The MathWorks, Inc.
             R2024b Update 3 (24.2.0.2806996) 64-bit (glnxa64)
                             November 26, 2024

 
To get started, type doc.
For product information, visit www.mathworks.com.
 

outdir = 

    "/project/g_bme-janeslab/SarahG/spinodal_decomp_06_2025"


dt_out =

    10

Running NMG solver with parameters: /project/g_bme-janeslab/SarahG/spinodal_decomp_06_2025/out_MATLAB/NMG_MATLAB_2000_dt_5.50e-06_Nx_256_neumann_dt_out_10

tol = 

    "1e-5"


solver_iter = 

    "1e4"

  5 percent complete
slurmstepd: error: *** JOB 951143 ON udc-aw36-19c0 CANCELLED AT 2025-07-10T14:05:57 ***
