Tue Jun 17 12:02:37 EDT 2025
MODULES LOADED
Timepoint  0
Traceback (most recent call last):
  File "/sfs/gpfs/tardis/home/xpz5km/Cahn_Hilliard_Model_HPC/run_julia_multigrid_critical_radius/plot_timepoints_critical_radius.py", line 96, in <module>
    plot_timepoint("phi_256_400000_1.0e-6__R0_0.105_eps_0.011257_two_halvesphi.csv", indir, outdir, timepoints = timepoints, delim = ",")
  File "/sfs/gpfs/tardis/home/xpz5km/Cahn_Hilliard_Model_HPC/run_julia_multigrid_critical_radius/plot_timepoints_critical_radius.py", line 72, in plot_timepoint
    plt.savefig(
  File "/apps/software/standard/core/miniforge/24.3.0-py3.11/lib/python3.11/site-packages/matplotlib/pyplot.py", line 1023, in savefig
    res = fig.savefig(*args, **kwargs)
          ^^^^^^^^^^^^^^^^^^^^^^^^^^^^
  File "/apps/software/standard/core/miniforge/24.3.0-py3.11/lib/python3.11/site-packages/matplotlib/figure.py", line 3343, in savefig
    self.canvas.print_figure(fname, **kwargs)
  File "/apps/software/standard/core/miniforge/24.3.0-py3.11/lib/python3.11/site-packages/matplotlib/backend_bases.py", line 2366, in print_figure
    result = print_method(
             ^^^^^^^^^^^^^
  File "/apps/software/standard/core/miniforge/24.3.0-py3.11/lib/python3.11/site-packages/matplotlib/backend_bases.py", line 2232, in <lambda>
    print_method = functools.wraps(meth)(lambda *args, **kwargs: meth(
                                                                 ^^^^^
  File "/apps/software/standard/core/miniforge/24.3.0-py3.11/lib/python3.11/site-packages/matplotlib/backends/backend_agg.py", line 509, in print_png
    self._print_pil(filename_or_obj, "png", pil_kwargs, metadata)
  File "/apps/software/standard/core/miniforge/24.3.0-py3.11/lib/python3.11/site-packages/matplotlib/backends/backend_agg.py", line 458, in _print_pil
    mpl.image.imsave(
  File "/apps/software/standard/core/miniforge/24.3.0-py3.11/lib/python3.11/site-packages/matplotlib/image.py", line 1689, in imsave
    image.save(fname, **pil_kwargs)
  File "/apps/software/standard/core/miniforge/24.3.0-py3.11/lib/python3.11/site-packages/PIL/Image.py", line 2428, in save
    fp = builtins.open(filename, "w+b")
         ^^^^^^^^^^^^^^^^^^^^^^^^^^^^^^
FileNotFoundError: [Errno 2] No such file or directory: '/project/g_bme-janeslab/SarahG/julia_out/critical_radius_alt_IC//timepoint_plots/phi_256_400000_1.0e-6__R0_0.105_eps_0.011257_two_halvesphi.csv_0.00e+00_zoom_v2.png'
DONE
