Thu May 8 22:21:48 EDT 2025
MODULES LOADED
Timepoint 0
NMG_MATLAB_2000_dt_5.50e-06_Nx_64_neumann_n_relax_4_25p_phi.csv
31.89139796114392
SAV_MATLAB_2000_dt_5.50e-06_Nx_64_neumann_n_relax_4_phi.csv
5.793058526954734
SAV_MATLAB_2000_dt_5.50e-06_Nx_64_periodic_n_relax_4_25p_phi.csv
31.89139796114392
NMG_MATLAB_2000_dt_5.50e-06_Nx_64_periodic_n_relax_4_25p_phi.csv
31.89139796114392
SAV_MATLAB_2000_dt_5.50e-06_Nx_64_periodic_n_relax_4_75p_phi.csv
31.90797299687814
NMG_MATLAB_2000_dt_5.50e-06_Nx_64_neumann_n_relax_4_75p_phi.csv
31.90797299687814
SAV_MATLAB_2000_dt_5.50e-06_Nx_64_neumann_n_relax_4_75p_phi.csv
31.90797299687814
SAV_MATLAB_2000_dt_5.50e-06_Nx_64_periodic_n_relax_4_phi.csv
5.793058526954734
SAV_MATLAB_2000_dt_5.50e-06_Nx_64_neumann_n_relax_4_25p_phi.csv
31.89139796114392
NMG_MATLAB_2000_dt_5.50e-06_Nx_64_periodic_n_relax_4_75p_phi.csv
31.90797299687814
NMG_MATLAB_2000_dt_5.50e-06_Nx_64_neumann_n_relax_4_phi.csv
5.793058526954734
NMG_MATLAB_2000_dt_5.50e-06_Nx_64_periodic_n_relax_4_phi.csv
5.793058526954734
NMG_Julia_2000_dt_5.50e-06_Nx_64_neumann_dtout_10_25p_phi.csv
31.89139796114392
NMG_Julia_2000_dt_5.50e-06_Nx_64_neumann_dtout_10_75p_phi.csv
31.90797299687814
NMG_Julia_2000_dt_5.50e-06_Nx_64_neumann_dtout_10_phi.csv
5.793058526954734
SAV_Julia_2000_dt_5.50e-06_Nx_64_neumann_dtout_2000_25p_phi.csv
31.89139796114392
NMG_Julia_2000_dt_5.50e-06_Nx_64_neumann_dtout_2000_phi.csv
5.793058526954734
SAV_Julia_2000_dt_5.50e-06_Nx_64_neumann_dtout_2000_phi.csv
5.793058526954734
NMG_Julia_2000_dt_5.50e-06_Nx_64_periodic_dtout_10_phi.csv
5.793058526954734
NMG_Julia_2000_dt_5.50e-06_Nx_64_periodic_dtout_2000_phi.csv
5.793058526954734
NMG_Julia_2000_dt_5.50e-06_Nx_64_periodic_dtout_2000_75p_phi.csv
31.90797299687814
SAV_Julia_2000_dt_5.50e-06_Nx_64_periodic_dtout_2000_25p_phi.csv
31.89139796114392
NMG_Julia_2000_dt_5.50e-06_Nx_64_periodic_dtout_10_75p_phi.csv
31.90797299687814
SAV_Julia_2000_dt_5.50e-06_Nx_64_neumann_dtout_2000_75p_phi.csv
31.90797299687814
SAV_Julia_2000_dt_5.50e-06_Nx_64_periodic_dtout_2000_75p_phi.csv
31.90797299687814
SAV_Julia_2000_dt_5.50e-06_Nx_64_neumann_dtout_10_25p_phi.csv
31.89139796114392
NMG_Julia_2000_dt_5.50e-06_Nx_64_neumann_dtout_2000_25p_phi.csv
31.89139796114392
SAV_Julia_2000_dt_5.50e-06_Nx_64_periodic_dtout_2000_phi.csv
5.793058526954734
SAV_Julia_2000_dt_5.50e-06_Nx_64_neumann_dtout_10_75p_phi.csv
31.90797299687814
SAV_Julia_2000_dt_5.50e-06_Nx_64_periodic_dtout_10_75p_phi.csv
31.90797299687814
NMG_Julia_2000_dt_5.50e-06_Nx_64_periodic_dtout_10_25p_phi.csv
31.89139796114392
SAV_Julia_2000_dt_5.50e-06_Nx_64_periodic_dtout_10_phi.csv
5.793058526954734
SAV_Julia_2000_dt_5.50e-06_Nx_64_neumann_dtout_10_phi.csv
5.793058526954734
NMG_Julia_2000_dt_5.50e-06_Nx_64_neumann_dtout_2000_75p_phi.csv
31.90797299687814
NMG_Julia_2000_dt_5.50e-06_Nx_64_periodic_dtout_2000_25p_phi.csv
31.89139796114392
SAV_Julia_2000_dt_5.50e-06_Nx_64_periodic_dtout_10_25p_phi.csv
31.89139796114392
SAV_Python_2000_dt_5.50e-06_Nx_64_neumann_dtout_10_25pphi.csv
SAV_Python_2000_dt_5.50e-06_Nx_64_neumann_dtout_10_25pphi.csv is not in the correct format for calculating norm.
spinodal_decomp_04_2025NMG_Python_200_dt_5.50e-06_Nx_64_periodic_dtout_200phi.csv
spinodal_decomp_04_2025NMG_Python_200_dt_5.50e-06_Nx_64_periodic_dtout_200phi.csv is not in the correct format for calculating norm.
SAV_Python_2000_dt_5.50e-06_Nx_64_neumann_dtout_10_75pphi.csv
SAV_Python_2000_dt_5.50e-06_Nx_64_neumann_dtout_10_75pphi.csv is not in the correct format for calculating norm.
NMG_Python_20_dt_5.50e-06_Nx_64_neumann_dtout_1_25pphi.csv
NMG_Python_20_dt_5.50e-06_Nx_64_neumann_dtout_1_25pphi.csv is not in the correct format for calculating norm.
NMG_Python_20_dt_5.50e-06_Nx_64_periodic_dtout_20phi.csv
NMG_Python_20_dt_5.50e-06_Nx_64_periodic_dtout_20phi.csv is not in the correct format for calculating norm.
spinodal_decomp_04_2025NMG_Python_20_dt_5.50e-06_Nx_64_periodic_dtout_2000phi.csv
spinodal_decomp_04_2025NMG_Python_20_dt_5.50e-06_Nx_64_periodic_dtout_2000phi.csv is not in the correct format for calculating norm.
NMG_Python_20_dt_5.50e-06_Nx_64_neumann_dtout_1_75pphi.csv
NMG_Python_20_dt_5.50e-06_Nx_64_neumann_dtout_1_75pphi.csv is not in the correct format for calculating norm.
NMG_Python_20_dt_5.50e-06_Nx_64_neumann_dtout_20_75pphi.csv
NMG_Python_20_dt_5.50e-06_Nx_64_neumann_dtout_20_75pphi.csv is not in the correct format for calculating norm.
SAV_Python_2000_dt_5.50e-06_Nx_64_periodic_dtout_2000_25pphi.csv
SAV_Python_2000_dt_5.50e-06_Nx_64_periodic_dtout_2000_25pphi.csv is not in the correct format for calculating norm.
NMG_Python_20_dt_5.50e-06_Nx_64_periodic_dtout_1phi.csv
NMG_Python_20_dt_5.50e-06_Nx_64_periodic_dtout_1phi.csv is not in the correct format for calculating norm.
spinodal_decomp_04_2025SAV_Python_2000_dt_5.50e-06_Nx_64_neumann_dtout_10phi.csv
spinodal_decomp_04_2025SAV_Python_2000_dt_5.50e-06_Nx_64_neumann_dtout_10phi.csv is not in the correct format for calculating norm.
SAV_Python_2000_dt_5.50e-06_Nx_64_periodic_dtout_2000_75pphi.csv
SAV_Python_2000_dt_5.50e-06_Nx_64_periodic_dtout_2000_75pphi.csv is not in the correct format for calculating norm.
NMG_Python_20_dt_5.50e-06_Nx_64_neumann_dtout_20_25pphi.csv
NMG_Python_20_dt_5.50e-06_Nx_64_neumann_dtout_20_25pphi.csv is not in the correct format for calculating norm.
spinodal_decomp_04_2025NMG_Python_20_dt_5.50e-06_Nx_64_neumann_dtout_2000phi.csv
spinodal_decomp_04_2025NMG_Python_20_dt_5.50e-06_Nx_64_neumann_dtout_2000phi.csv is not in the correct format for calculating norm.
spinodal_decomp_04_2025SAV_Python_2000_dt_5.50e-06_Nx_64_neumann_dtout_2000phi.csv
spinodal_decomp_04_2025SAV_Python_2000_dt_5.50e-06_Nx_64_neumann_dtout_2000phi.csv is not in the correct format for calculating norm.
SAV_Python_2000_dt_5.50e-06_Nx_64_neumann_dtout_2000_75pphi.csv
SAV_Python_2000_dt_5.50e-06_Nx_64_neumann_dtout_2000_75pphi.csv is not in the correct format for calculating norm.
NMG_Python_20_dt_5.50e-06_Nx_64_periodic_dtout_1_75pphi.csv
NMG_Python_20_dt_5.50e-06_Nx_64_periodic_dtout_1_75pphi.csv is not in the correct format for calculating norm.
SAV_Python_2000_dt_5.50e-06_Nx_64_neumann_dtout_2000_25pphi.csv
SAV_Python_2000_dt_5.50e-06_Nx_64_neumann_dtout_2000_25pphi.csv is not in the correct format for calculating norm.
SAV_Python_2000_dt_5.50e-06_Nx_64_periodic_dtout_10_25pphi.csv
SAV_Python_2000_dt_5.50e-06_Nx_64_periodic_dtout_10_25pphi.csv is not in the correct format for calculating norm.
spinodal_decomp_04_2025SAV_Python_2000_dt_5.50e-06_Nx_64_periodic_dtout_2000phi.csv
spinodal_decomp_04_2025SAV_Python_2000_dt_5.50e-06_Nx_64_periodic_dtout_2000phi.csv is not in the correct format for calculating norm.
NMG_Python_20_dt_5.50e-06_Nx_64_periodic_dtout_20_25pphi.csv
NMG_Python_20_dt_5.50e-06_Nx_64_periodic_dtout_20_25pphi.csv is not in the correct format for calculating norm.
NMG_Python_20_dt_5.50e-06_Nx_64_periodic_dtout_1_25pphi.csv
NMG_Python_20_dt_5.50e-06_Nx_64_periodic_dtout_1_25pphi.csv is not in the correct format for calculating norm.
spinodal_decomp_04_2025NMG_Python_20_dt_5.50e-06_Nx_64_neumann_dtout_10phi.csv
spinodal_decomp_04_2025NMG_Python_20_dt_5.50e-06_Nx_64_neumann_dtout_10phi.csv is not in the correct format for calculating norm.
spinodal_decomp_04_2025NMG_Python_20_dt_5.50e-06_Nx_64_periodic_dtout_20phi.csv
spinodal_decomp_04_2025NMG_Python_20_dt_5.50e-06_Nx_64_periodic_dtout_20phi.csv is not in the correct format for calculating norm.
SAV_Python_2000_dt_5.50e-06_Nx_64_periodic_dtout_10_75pphi.csv
SAV_Python_2000_dt_5.50e-06_Nx_64_periodic_dtout_10_75pphi.csv is not in the correct format for calculating norm.
NMG_Python_20_dt_5.50e-06_Nx_64_periodic_dtout_20_75pphi.csv
NMG_Python_20_dt_5.50e-06_Nx_64_periodic_dtout_20_75pphi.csv is not in the correct format for calculating norm.
spinodal_decomp_04_2025NMG_Python_2000_dt_5.50e-06_Nx_64_periodic_dtout_10phi.csv
spinodal_decomp_04_2025NMG_Python_2000_dt_5.50e-06_Nx_64_periodic_dtout_10phi.csv is not in the correct format for calculating norm.
spinodal_decomp_04_2025NMG_Python_200_dt_5.50e-06_Nx_64_neumann_dtout_200phi.csv
spinodal_decomp_04_2025NMG_Python_200_dt_5.50e-06_Nx_64_neumann_dtout_200phi.csv is not in the correct format for calculating norm.
spinodal_decomp_04_2025NMG_Python_20_dt_5.50e-06_Nx_64_periodic_dtout_10phi.csv
spinodal_decomp_04_2025NMG_Python_20_dt_5.50e-06_Nx_64_periodic_dtout_10phi.csv is not in the correct format for calculating norm.
spinodal_decomp_04_2025SAV_Python_2000_dt_5.50e-06_Nx_64_periodic_dtout_10phi.csv
spinodal_decomp_04_2025SAV_Python_2000_dt_5.50e-06_Nx_64_periodic_dtout_10phi.csv is not in the correct format for calculating norm.
(['NMG_MATLAB_2000_dt_5.50e-06_Nx_64_neumann_n_relax_4_25p_phi.csv', 'SAV_MATLAB_2000_dt_5.50e-06_Nx_64_neumann_n_relax_4_phi.csv', 'SAV_MATLAB_2000_dt_5.50e-06_Nx_64_periodic_n_relax_4_25p_phi.csv', 'NMG_MATLAB_2000_dt_5.50e-06_Nx_64_periodic_n_relax_4_25p_phi.csv', 'SAV_MATLAB_2000_dt_5.50e-06_Nx_64_periodic_n_relax_4_75p_phi.csv', 'NMG_MATLAB_2000_dt_5.50e-06_Nx_64_neumann_n_relax_4_75p_phi.csv', 'SAV_MATLAB_2000_dt_5.50e-06_Nx_64_neumann_n_relax_4_75p_phi.csv', 'SAV_MATLAB_2000_dt_5.50e-06_Nx_64_periodic_n_relax_4_phi.csv', 'SAV_MATLAB_2000_dt_5.50e-06_Nx_64_neumann_n_relax_4_25p_phi.csv', 'NMG_MATLAB_2000_dt_5.50e-06_Nx_64_periodic_n_relax_4_75p_phi.csv', 'NMG_MATLAB_2000_dt_5.50e-06_Nx_64_neumann_n_relax_4_phi.csv', 'NMG_MATLAB_2000_dt_5.50e-06_Nx_64_periodic_n_relax_4_phi.csv', 'NMG_Julia_2000_dt_5.50e-06_Nx_64_neumann_dtout_10_25p_phi.csv', 'NMG_Julia_2000_dt_5.50e-06_Nx_64_neumann_dtout_10_75p_phi.csv', 'NMG_Julia_2000_dt_5.50e-06_Nx_64_neumann_dtout_10_phi.csv', 'SAV_Julia_2000_dt_5.50e-06_Nx_64_neumann_dtout_2000_25p_phi.csv', 'NMG_Julia_2000_dt_5.50e-06_Nx_64_neumann_dtout_2000_phi.csv', 'SAV_Julia_2000_dt_5.50e-06_Nx_64_neumann_dtout_2000_phi.csv', 'NMG_Julia_2000_dt_5.50e-06_Nx_64_periodic_dtout_10_phi.csv', 'NMG_Julia_2000_dt_5.50e-06_Nx_64_periodic_dtout_2000_phi.csv', 'NMG_Julia_2000_dt_5.50e-06_Nx_64_periodic_dtout_2000_75p_phi.csv', 'SAV_Julia_2000_dt_5.50e-06_Nx_64_periodic_dtout_2000_25p_phi.csv', 'NMG_Julia_2000_dt_5.50e-06_Nx_64_periodic_dtout_10_75p_phi.csv', 'SAV_Julia_2000_dt_5.50e-06_Nx_64_neumann_dtout_2000_75p_phi.csv', 'SAV_Julia_2000_dt_5.50e-06_Nx_64_periodic_dtout_2000_75p_phi.csv', 'SAV_Julia_2000_dt_5.50e-06_Nx_64_neumann_dtout_10_25p_phi.csv', 'NMG_Julia_2000_dt_5.50e-06_Nx_64_neumann_dtout_2000_25p_phi.csv', 'SAV_Julia_2000_dt_5.50e-06_Nx_64_periodic_dtout_2000_phi.csv', 'SAV_Julia_2000_dt_5.50e-06_Nx_64_neumann_dtout_10_75p_phi.csv', 'SAV_Julia_2000_dt_5.50e-06_Nx_64_periodic_dtout_10_75p_phi.csv', 'NMG_Julia_2000_dt_5.50e-06_Nx_64_periodic_dtout_10_25p_phi.csv', 'SAV_Julia_2000_dt_5.50e-06_Nx_64_periodic_dtout_10_phi.csv', 'SAV_Julia_2000_dt_5.50e-06_Nx_64_neumann_dtout_10_phi.csv', 'NMG_Julia_2000_dt_5.50e-06_Nx_64_neumann_dtout_2000_75p_phi.csv', 'NMG_Julia_2000_dt_5.50e-06_Nx_64_periodic_dtout_2000_25p_phi.csv', 'SAV_Julia_2000_dt_5.50e-06_Nx_64_periodic_dtout_10_25p_phi.csv'], [31.89139796114392, 5.793058526954734, 31.89139796114392, 31.89139796114392, 31.90797299687814, 31.90797299687814, 31.90797299687814, 5.793058526954734, 31.89139796114392, 31.90797299687814, 5.793058526954734, 5.793058526954734, 31.89139796114392, 31.90797299687814, 5.793058526954734, 31.89139796114392, 5.793058526954734, 5.793058526954734, 5.793058526954734, 5.793058526954734, 31.90797299687814, 31.89139796114392, 31.90797299687814, 31.90797299687814, 31.90797299687814, 31.89139796114392, 31.89139796114392, 5.793058526954734, 31.90797299687814, 31.90797299687814, 31.89139796114392, 5.793058526954734, 5.793058526954734, 31.90797299687814, 31.89139796114392, 31.89139796114392])
Timepoint 0.04
NMG_MATLAB_2000_dt_5.50e-06_Nx_64_neumann_n_relax_4_25p_phi.csv
0.0
SAV_MATLAB_2000_dt_5.50e-06_Nx_64_neumann_n_relax_4_phi.csv
0.0
SAV_MATLAB_2000_dt_5.50e-06_Nx_64_periodic_n_relax_4_25p_phi.csv
0.0
NMG_MATLAB_2000_dt_5.50e-06_Nx_64_periodic_n_relax_4_25p_phi.csv
0.0
SAV_MATLAB_2000_dt_5.50e-06_Nx_64_periodic_n_relax_4_75p_phi.csv
31.52640544624525
NMG_MATLAB_2000_dt_5.50e-06_Nx_64_neumann_n_relax_4_75p_phi.csv
31.52950516370679
SAV_MATLAB_2000_dt_5.50e-06_Nx_64_neumann_n_relax_4_75p_phi.csv
31.529455329878335
SAV_MATLAB_2000_dt_5.50e-06_Nx_64_periodic_n_relax_4_phi.csv
10.044333210987459
SAV_MATLAB_2000_dt_5.50e-06_Nx_64_neumann_n_relax_4_25p_phi.csv
0.0
NMG_MATLAB_2000_dt_5.50e-06_Nx_64_periodic_n_relax_4_75p_phi.csv
0.0
NMG_MATLAB_2000_dt_5.50e-06_Nx_64_neumann_n_relax_4_phi.csv
10.40255049786071
NMG_MATLAB_2000_dt_5.50e-06_Nx_64_periodic_n_relax_4_phi.csv
10.14346008185456
NMG_Julia_2000_dt_5.50e-06_Nx_64_neumann_dtout_10_25p_phi.csv
31.414789913155868
NMG_Julia_2000_dt_5.50e-06_Nx_64_neumann_dtout_10_75p_phi.csv
31.41579722504934
NMG_Julia_2000_dt_5.50e-06_Nx_64_neumann_dtout_10_phi.csv
15.463282342791958
SAV_Julia_2000_dt_5.50e-06_Nx_64_neumann_dtout_2000_25p_phi.csv
0.0
NMG_Julia_2000_dt_5.50e-06_Nx_64_neumann_dtout_2000_phi.csv
0.0
SAV_Julia_2000_dt_5.50e-06_Nx_64_neumann_dtout_2000_phi.csv
0.0
NMG_Julia_2000_dt_5.50e-06_Nx_64_periodic_dtout_10_phi.csv
15.373279366252234
NMG_Julia_2000_dt_5.50e-06_Nx_64_periodic_dtout_2000_phi.csv
0.0
NMG_Julia_2000_dt_5.50e-06_Nx_64_periodic_dtout_2000_75p_phi.csv
0.0
SAV_Julia_2000_dt_5.50e-06_Nx_64_periodic_dtout_2000_25p_phi.csv
0.0
NMG_Julia_2000_dt_5.50e-06_Nx_64_periodic_dtout_10_75p_phi.csv
31.396670886471625
SAV_Julia_2000_dt_5.50e-06_Nx_64_neumann_dtout_2000_75p_phi.csv
0.0
SAV_Julia_2000_dt_5.50e-06_Nx_64_periodic_dtout_2000_75p_phi.csv
0.0
SAV_Julia_2000_dt_5.50e-06_Nx_64_neumann_dtout_10_25p_phi.csv
31.528587428094546
NMG_Julia_2000_dt_5.50e-06_Nx_64_neumann_dtout_2000_25p_phi.csv
0.0
SAV_Julia_2000_dt_5.50e-06_Nx_64_periodic_dtout_2000_phi.csv
0.0
SAV_Julia_2000_dt_5.50e-06_Nx_64_neumann_dtout_10_75p_phi.csv
31.529462488434042
SAV_Julia_2000_dt_5.50e-06_Nx_64_periodic_dtout_10_75p_phi.csv
31.526409405667025
NMG_Julia_2000_dt_5.50e-06_Nx_64_periodic_dtout_10_25p_phi.csv
31.40489838805438
SAV_Julia_2000_dt_5.50e-06_Nx_64_periodic_dtout_10_phi.csv
11.038447535534498
SAV_Julia_2000_dt_5.50e-06_Nx_64_neumann_dtout_10_phi.csv
11.619937454490513
NMG_Julia_2000_dt_5.50e-06_Nx_64_neumann_dtout_2000_75p_phi.csv
0.0
NMG_Julia_2000_dt_5.50e-06_Nx_64_periodic_dtout_2000_25p_phi.csv
0.0
SAV_Julia_2000_dt_5.50e-06_Nx_64_periodic_dtout_10_25p_phi.csv
31.527487419178623
SAV_Python_2000_dt_5.50e-06_Nx_64_neumann_dtout_10_25pphi.csv
SAV_Python_2000_dt_5.50e-06_Nx_64_neumann_dtout_10_25pphi.csv is not in the correct format for calculating norm.
spinodal_decomp_04_2025NMG_Python_200_dt_5.50e-06_Nx_64_periodic_dtout_200phi.csv
0.0
SAV_Python_2000_dt_5.50e-06_Nx_64_neumann_dtout_10_75pphi.csv
SAV_Python_2000_dt_5.50e-06_Nx_64_neumann_dtout_10_75pphi.csv is not in the correct format for calculating norm.
NMG_Python_20_dt_5.50e-06_Nx_64_neumann_dtout_1_25pphi.csv
0.0
NMG_Python_20_dt_5.50e-06_Nx_64_periodic_dtout_20phi.csv
0.0
spinodal_decomp_04_2025NMG_Python_20_dt_5.50e-06_Nx_64_periodic_dtout_2000phi.csv
0.0
NMG_Python_20_dt_5.50e-06_Nx_64_neumann_dtout_1_75pphi.csv
0.0
NMG_Python_20_dt_5.50e-06_Nx_64_neumann_dtout_20_75pphi.csv
0.0
SAV_Python_2000_dt_5.50e-06_Nx_64_periodic_dtout_2000_25pphi.csv
0.0
NMG_Python_20_dt_5.50e-06_Nx_64_periodic_dtout_1phi.csv
0.0
spinodal_decomp_04_2025SAV_Python_2000_dt_5.50e-06_Nx_64_neumann_dtout_10phi.csv
spinodal_decomp_04_2025SAV_Python_2000_dt_5.50e-06_Nx_64_neumann_dtout_10phi.csv is not in the correct format for calculating norm.
SAV_Python_2000_dt_5.50e-06_Nx_64_periodic_dtout_2000_75pphi.csv
0.0
NMG_Python_20_dt_5.50e-06_Nx_64_neumann_dtout_20_25pphi.csv
0.0
spinodal_decomp_04_2025NMG_Python_20_dt_5.50e-06_Nx_64_neumann_dtout_2000phi.csv
0.0
spinodal_decomp_04_2025SAV_Python_2000_dt_5.50e-06_Nx_64_neumann_dtout_2000phi.csv
0.0
SAV_Python_2000_dt_5.50e-06_Nx_64_neumann_dtout_2000_75pphi.csv
0.0
NMG_Python_20_dt_5.50e-06_Nx_64_periodic_dtout_1_75pphi.csv
0.0
SAV_Python_2000_dt_5.50e-06_Nx_64_neumann_dtout_2000_25pphi.csv
0.0
SAV_Python_2000_dt_5.50e-06_Nx_64_periodic_dtout_10_25pphi.csv
SAV_Python_2000_dt_5.50e-06_Nx_64_periodic_dtout_10_25pphi.csv is not in the correct format for calculating norm.
spinodal_decomp_04_2025SAV_Python_2000_dt_5.50e-06_Nx_64_periodic_dtout_2000phi.csv
0.0
NMG_Python_20_dt_5.50e-06_Nx_64_periodic_dtout_20_25pphi.csv
0.0
NMG_Python_20_dt_5.50e-06_Nx_64_periodic_dtout_1_25pphi.csv
0.0
spinodal_decomp_04_2025NMG_Python_20_dt_5.50e-06_Nx_64_neumann_dtout_10phi.csv
0.0
spinodal_decomp_04_2025NMG_Python_20_dt_5.50e-06_Nx_64_periodic_dtout_20phi.csv
0.0
SAV_Python_2000_dt_5.50e-06_Nx_64_periodic_dtout_10_75pphi.csv
SAV_Python_2000_dt_5.50e-06_Nx_64_periodic_dtout_10_75pphi.csv is not in the correct format for calculating norm.
NMG_Python_20_dt_5.50e-06_Nx_64_periodic_dtout_20_75pphi.csv
0.0
spinodal_decomp_04_2025NMG_Python_2000_dt_5.50e-06_Nx_64_periodic_dtout_10phi.csv
0.0
spinodal_decomp_04_2025NMG_Python_200_dt_5.50e-06_Nx_64_neumann_dtout_200phi.csv
0.0
spinodal_decomp_04_2025NMG_Python_20_dt_5.50e-06_Nx_64_periodic_dtout_10phi.csv
0.0
spinodal_decomp_04_2025SAV_Python_2000_dt_5.50e-06_Nx_64_periodic_dtout_10phi.csv
spinodal_decomp_04_2025SAV_Python_2000_dt_5.50e-06_Nx_64_periodic_dtout_10phi.csv is not in the correct format for calculating norm.
(['NMG_MATLAB_2000_dt_5.50e-06_Nx_64_neumann_n_relax_4_25p_phi.csv', 'SAV_MATLAB_2000_dt_5.50e-06_Nx_64_neumann_n_relax_4_phi.csv', 'SAV_MATLAB_2000_dt_5.50e-06_Nx_64_periodic_n_relax_4_25p_phi.csv', 'NMG_MATLAB_2000_dt_5.50e-06_Nx_64_periodic_n_relax_4_25p_phi.csv', 'SAV_MATLAB_2000_dt_5.50e-06_Nx_64_periodic_n_relax_4_75p_phi.csv', 'NMG_MATLAB_2000_dt_5.50e-06_Nx_64_neumann_n_relax_4_75p_phi.csv', 'SAV_MATLAB_2000_dt_5.50e-06_Nx_64_neumann_n_relax_4_75p_phi.csv', 'SAV_MATLAB_2000_dt_5.50e-06_Nx_64_periodic_n_relax_4_phi.csv', 'SAV_MATLAB_2000_dt_5.50e-06_Nx_64_neumann_n_relax_4_25p_phi.csv', 'NMG_MATLAB_2000_dt_5.50e-06_Nx_64_periodic_n_relax_4_75p_phi.csv', 'NMG_MATLAB_2000_dt_5.50e-06_Nx_64_neumann_n_relax_4_phi.csv', 'NMG_MATLAB_2000_dt_5.50e-06_Nx_64_periodic_n_relax_4_phi.csv', 'NMG_Julia_2000_dt_5.50e-06_Nx_64_neumann_dtout_10_25p_phi.csv', 'NMG_Julia_2000_dt_5.50e-06_Nx_64_neumann_dtout_10_75p_phi.csv', 'NMG_Julia_2000_dt_5.50e-06_Nx_64_neumann_dtout_10_phi.csv', 'SAV_Julia_2000_dt_5.50e-06_Nx_64_neumann_dtout_2000_25p_phi.csv', 'NMG_Julia_2000_dt_5.50e-06_Nx_64_neumann_dtout_2000_phi.csv', 'SAV_Julia_2000_dt_5.50e-06_Nx_64_neumann_dtout_2000_phi.csv', 'NMG_Julia_2000_dt_5.50e-06_Nx_64_periodic_dtout_10_phi.csv', 'NMG_Julia_2000_dt_5.50e-06_Nx_64_periodic_dtout_2000_phi.csv', 'NMG_Julia_2000_dt_5.50e-06_Nx_64_periodic_dtout_2000_75p_phi.csv', 'SAV_Julia_2000_dt_5.50e-06_Nx_64_periodic_dtout_2000_25p_phi.csv', 'NMG_Julia_2000_dt_5.50e-06_Nx_64_periodic_dtout_10_75p_phi.csv', 'SAV_Julia_2000_dt_5.50e-06_Nx_64_neumann_dtout_2000_75p_phi.csv', 'SAV_Julia_2000_dt_5.50e-06_Nx_64_periodic_dtout_2000_75p_phi.csv', 'SAV_Julia_2000_dt_5.50e-06_Nx_64_neumann_dtout_10_25p_phi.csv', 'NMG_Julia_2000_dt_5.50e-06_Nx_64_neumann_dtout_2000_25p_phi.csv', 'SAV_Julia_2000_dt_5.50e-06_Nx_64_periodic_dtout_2000_phi.csv', 'SAV_Julia_2000_dt_5.50e-06_Nx_64_neumann_dtout_10_75p_phi.csv', 'SAV_Julia_2000_dt_5.50e-06_Nx_64_periodic_dtout_10_75p_phi.csv', 'NMG_Julia_2000_dt_5.50e-06_Nx_64_periodic_dtout_10_25p_phi.csv', 'SAV_Julia_2000_dt_5.50e-06_Nx_64_periodic_dtout_10_phi.csv', 'SAV_Julia_2000_dt_5.50e-06_Nx_64_neumann_dtout_10_phi.csv', 'NMG_Julia_2000_dt_5.50e-06_Nx_64_neumann_dtout_2000_75p_phi.csv', 'NMG_Julia_2000_dt_5.50e-06_Nx_64_periodic_dtout_2000_25p_phi.csv', 'SAV_Julia_2000_dt_5.50e-06_Nx_64_periodic_dtout_10_25p_phi.csv', 'spinodal_decomp_04_2025NMG_Python_200_dt_5.50e-06_Nx_64_periodic_dtout_200phi.csv', 'NMG_Python_20_dt_5.50e-06_Nx_64_neumann_dtout_1_25pphi.csv', 'NMG_Python_20_dt_5.50e-06_Nx_64_periodic_dtout_20phi.csv', 'spinodal_decomp_04_2025NMG_Python_20_dt_5.50e-06_Nx_64_periodic_dtout_2000phi.csv', 'NMG_Python_20_dt_5.50e-06_Nx_64_neumann_dtout_1_75pphi.csv', 'NMG_Python_20_dt_5.50e-06_Nx_64_neumann_dtout_20_75pphi.csv', 'SAV_Python_2000_dt_5.50e-06_Nx_64_periodic_dtout_2000_25pphi.csv', 'NMG_Python_20_dt_5.50e-06_Nx_64_periodic_dtout_1phi.csv', 'SAV_Python_2000_dt_5.50e-06_Nx_64_periodic_dtout_2000_75pphi.csv', 'NMG_Python_20_dt_5.50e-06_Nx_64_neumann_dtout_20_25pphi.csv', 'spinodal_decomp_04_2025NMG_Python_20_dt_5.50e-06_Nx_64_neumann_dtout_2000phi.csv', 'spinodal_decomp_04_2025SAV_Python_2000_dt_5.50e-06_Nx_64_neumann_dtout_2000phi.csv', 'SAV_Python_2000_dt_5.50e-06_Nx_64_neumann_dtout_2000_75pphi.csv', 'NMG_Python_20_dt_5.50e-06_Nx_64_periodic_dtout_1_75pphi.csv', 'SAV_Python_2000_dt_5.50e-06_Nx_64_neumann_dtout_2000_25pphi.csv', 'spinodal_decomp_04_2025SAV_Python_2000_dt_5.50e-06_Nx_64_periodic_dtout_2000phi.csv', 'NMG_Python_20_dt_5.50e-06_Nx_64_periodic_dtout_20_25pphi.csv', 'NMG_Python_20_dt_5.50e-06_Nx_64_periodic_dtout_1_25pphi.csv', 'spinodal_decomp_04_2025NMG_Python_20_dt_5.50e-06_Nx_64_neumann_dtout_10phi.csv', 'spinodal_decomp_04_2025NMG_Python_20_dt_5.50e-06_Nx_64_periodic_dtout_20phi.csv', 'NMG_Python_20_dt_5.50e-06_Nx_64_periodic_dtout_20_75pphi.csv', 'spinodal_decomp_04_2025NMG_Python_2000_dt_5.50e-06_Nx_64_periodic_dtout_10phi.csv', 'spinodal_decomp_04_2025NMG_Python_200_dt_5.50e-06_Nx_64_neumann_dtout_200phi.csv', 'spinodal_decomp_04_2025NMG_Python_20_dt_5.50e-06_Nx_64_periodic_dtout_10phi.csv'], [0.0, 0.0, 0.0, 0.0, 31.52640544624525, 31.52950516370679, 31.529455329878335, 10.044333210987459, 0.0, 0.0, 10.40255049786071, 10.14346008185456, 31.414789913155868, 31.41579722504934, 15.463282342791958, 0.0, 0.0, 0.0, 15.373279366252234, 0.0, 0.0, 0.0, 31.396670886471625, 0.0, 0.0, 31.528587428094546, 0.0, 0.0, 31.529462488434042, 31.526409405667025, 31.40489838805438, 11.038447535534498, 11.619937454490513, 0.0, 0.0, 31.527487419178623, 0.0, 0.0, 0.0, 0.0, 0.0, 0.0, 0.0, 0.0, 0.0, 0.0, 0.0, 0.0, 0.0, 0.0, 0.0, 0.0, 0.0, 0.0, 0.0, 0.0, 0.0, 0.0, 0.0, 0.0])
DONE
