Wed Jul 2 19:30:36 EDT 2025
MODULES LOADED
0
<generator object _walk at 0x14bedfcc92f0>
1
<generator object _walk at 0x14bedfcc92f0>
2
<generator object _walk at 0x14bedfcc92f0>
3
<generator object _walk at 0x14bedfcc92f0>
4
<generator object _walk at 0x14bedfcc92f0>
5
<generator object _walk at 0x14bedfcc92f0>
6
<generator object _walk at 0x14bedfcc92f0>
7
<generator object _walk at 0x14bedfcc92f0>
8
<generator object _walk at 0x14bedfcc92f0>
9
<generator object _walk at 0x14bedfcc92f0>
10
<generator object _walk at 0x14bedfcc92f0>
11
<generator object _walk at 0x14bedfcc92f0>
12
<generator object _walk at 0x14bedfcc92f0>
13
<generator object _walk at 0x14bedfcc92f0>
14
<generator object _walk at 0x14bedfcc92f0>
15
<generator object _walk at 0x14bedfcc92f0>
16
<generator object _walk at 0x14bedfcc92f0>
17
<generator object _walk at 0x14bedfcc92f0>
18
<generator object _walk at 0x14bedfcc92f0>
19
<generator object _walk at 0x14bedfcc92f0>
20
<generator object _walk at 0x14bedfcc92f0>
21
<generator object _walk at 0x14bedfcc92f0>
22
<generator object _walk at 0x14bedfcc92f0>
23
<generator object _walk at 0x14bedfcc92f0>
24
<generator object _walk at 0x14bedfcc92f0>
25
<generator object _walk at 0x14bedfcc92f0>
26
<generator object _walk at 0x14bedfcc92f0>
27
<generator object _walk at 0x14bedfcc92f0>
28
<generator object _walk at 0x14bedfcc92f0>
29
<generator object _walk at 0x14bedfcc92f0>
30
<generator object _walk at 0x14bedfcc92f0>
31
<generator object _walk at 0x14bedfcc92f0>
32
<generator object _walk at 0x14bedfcc92f0>
33
<generator object _walk at 0x14bedfcc92f0>
34
<generator object _walk at 0x14bedfcc92f0>
35
<generator object _walk at 0x14bedfcc92f0>
36
<generator object _walk at 0x14bedfcc92f0>
37
<generator object _walk at 0x14bedfcc92f0>
38
<generator object _walk at 0x14bedfcc92f0>
39
<generator object _walk at 0x14bedfcc92f0>
40
<generator object _walk at 0x14bedfcc92f0>
41
<generator object _walk at 0x14bedfcc92f0>
42
<generator object _walk at 0x14bedfcc92f0>
43
<generator object _walk at 0x14bedfcc92f0>
44
<generator object _walk at 0x14bedfcc92f0>
45
<generator object _walk at 0x14bedfcc92f0>
46
<generator object _walk at 0x14bedfcc92f0>
47
<generator object _walk at 0x14bedfcc92f0>
48
<generator object _walk at 0x14bedfcc92f0>
49
<generator object _walk at 0x14bedfcc92f0>
50
<generator object _walk at 0x14bedfcc92f0>
51
<generator object _walk at 0x14bedfcc92f0>
52
<generator object _walk at 0x14bedfcc92f0>
53
<generator object _walk at 0x14bedfcc92f0>
54
<generator object _walk at 0x14bedfcc92f0>
55
<generator object _walk at 0x14bedfcc92f0>
56
<generator object _walk at 0x14bedfcc92f0>
57
<generator object _walk at 0x14bedfcc92f0>
58
<generator object _walk at 0x14bedfcc92f0>
59
<generator object _walk at 0x14bedfcc92f0>
60
<generator object _walk at 0x14bedfcc92f0>
61
<generator object _walk at 0x14bedfcc92f0>
62
<generator object _walk at 0x14bedfcc92f0>
63
<generator object _walk at 0x14bedfcc92f0>
64
<generator object _walk at 0x14bedfcc92f0>
65
<generator object _walk at 0x14bedfcc92f0>
66
<generator object _walk at 0x14bedfcc92f0>
67
<generator object _walk at 0x14bedfcc92f0>
68
<generator object _walk at 0x14bedfcc92f0>
69
<generator object _walk at 0x14bedfcc92f0>
70
<generator object _walk at 0x14bedfcc92f0>
71
<generator object _walk at 0x14bedfcc92f0>
72
<generator object _walk at 0x14bedfcc92f0>
73
<generator object _walk at 0x14bedfcc92f0>
74
<generator object _walk at 0x14bedfcc92f0>
75
<generator object _walk at 0x14bedfcc92f0>
76
<generator object _walk at 0x14bedfcc92f0>
77
<generator object _walk at 0x14bedfcc92f0>
78
<generator object _walk at 0x14bedfcc92f0>
79
<generator object _walk at 0x14bedfcc92f0>
80
<generator object _walk at 0x14bedfcc92f0>
81
<generator object _walk at 0x14bedfcc92f0>
82
<generator object _walk at 0x14bedfcc92f0>
83
<generator object _walk at 0x14bedfcc92f0>
84
<generator object _walk at 0x14bedfcc92f0>
85
<generator object _walk at 0x14bedfcc92f0>
86
<generator object _walk at 0x14bedfcc92f0>
87
<generator object _walk at 0x14bedfcc92f0>
88
<generator object _walk at 0x14bedfcc92f0>
89
<generator object _walk at 0x14bedfcc92f0>
90
<generator object _walk at 0x14bedfcc92f0>
91
<generator object _walk at 0x14bedfcc92f0>
92
<generator object _walk at 0x14bedfcc92f0>
93
<generator object _walk at 0x14bedfcc92f0>
94
<generator object _walk at 0x14bedfcc92f0>
95
<generator object _walk at 0x14bedfcc92f0>
96
<generator object _walk at 0x14bedfcc92f0>
97
<generator object _walk at 0x14bedfcc92f0>
98
<generator object _walk at 0x14bedfcc92f0>
99
<generator object _walk at 0x14bedfcc92f0>
100
<generator object _walk at 0x14bedfcc92f0>
101
<generator object _walk at 0x14bedfcc92f0>
102
<generator object _walk at 0x14bedfcc92f0>
103
<generator object _walk at 0x14bedfcc92f0>
104
<generator object _walk at 0x14bedfcc92f0>
105
<generator object _walk at 0x14bedfcc92f0>
106
<generator object _walk at 0x14bedfcc92f0>
107
<generator object _walk at 0x14bedfcc92f0>
108
<generator object _walk at 0x14bedfcc92f0>
109
<generator object _walk at 0x14bedfcc92f0>
110
<generator object _walk at 0x14bedfcc92f0>
111
<generator object _walk at 0x14bedfcc92f0>
112
<generator object _walk at 0x14bedfcc92f0>
113
<generator object _walk at 0x14bedfcc92f0>
114
<generator object _walk at 0x14bedfcc92f0>
115
<generator object _walk at 0x14bedfcc92f0>
116
<generator object _walk at 0x14bedfcc92f0>
117
<generator object _walk at 0x14bedfcc92f0>
118
<generator object _walk at 0x14bedfcc92f0>
119
<generator object _walk at 0x14bedfcc92f0>
120
<generator object _walk at 0x14bedfcc92f0>
121
<generator object _walk at 0x14bedfcc92f0>
122
<generator object _walk at 0x14bedfcc92f0>
123
<generator object _walk at 0x14bedfcc92f0>
124
<generator object _walk at 0x14bedfcc92f0>
125
<generator object _walk at 0x14bedfcc92f0>
126
<generator object _walk at 0x14bedfcc92f0>
127
<generator object _walk at 0x14bedfcc92f0>
128
<generator object _walk at 0x14bedfcc92f0>
129
<generator object _walk at 0x14bedfcc92f0>
130
<generator object _walk at 0x14bedfcc92f0>
131
<generator object _walk at 0x14bedfcc92f0>
132
<generator object _walk at 0x14bedfcc92f0>
133
<generator object _walk at 0x14bedfcc92f0>
134
<generator object _walk at 0x14bedfcc92f0>
135
<generator object _walk at 0x14bedfcc92f0>
136
<generator object _walk at 0x14bedfcc92f0>
137
<generator object _walk at 0x14bedfcc92f0>
138
<generator object _walk at 0x14bedfcc92f0>
139
<generator object _walk at 0x14bedfcc92f0>
140
<generator object _walk at 0x14bedfcc92f0>
141
<generator object _walk at 0x14bedfcc92f0>
142
<generator object _walk at 0x14bedfcc92f0>
143
<generator object _walk at 0x14bedfcc92f0>
144
<generator object _walk at 0x14bedfcc92f0>
145
<generator object _walk at 0x14bedfcc92f0>
146
<generator object _walk at 0x14bedfcc92f0>
147
<generator object _walk at 0x14bedfcc92f0>
148
<generator object _walk at 0x14bedfcc92f0>
149
<generator object _walk at 0x14bedfcc92f0>
150
<generator object _walk at 0x14bedfcc92f0>
151
<generator object _walk at 0x14bedfcc92f0>
152
<generator object _walk at 0x14bedfcc92f0>
153
<generator object _walk at 0x14bedfcc92f0>
154
<generator object _walk at 0x14bedfcc92f0>
155
<generator object _walk at 0x14bedfcc92f0>
156
<generator object _walk at 0x14bedfcc92f0>
157
<generator object _walk at 0x14bedfcc92f0>
158
<generator object _walk at 0x14bedfcc92f0>
159
<generator object _walk at 0x14bedfcc92f0>
160
<generator object _walk at 0x14bedfcc92f0>
161
<generator object _walk at 0x14bedfcc92f0>
162
<generator object _walk at 0x14bedfcc92f0>
163
<generator object _walk at 0x14bedfcc92f0>
164
<generator object _walk at 0x14bedfcc92f0>
165
<generator object _walk at 0x14bedfcc92f0>
166
<generator object _walk at 0x14bedfcc92f0>
167
<generator object _walk at 0x14bedfcc92f0>
168
<generator object _walk at 0x14bedfcc92f0>
169
<generator object _walk at 0x14bedfcc92f0>
170
<generator object _walk at 0x14bedfcc92f0>
171
<generator object _walk at 0x14bedfcc92f0>
172
<generator object _walk at 0x14bedfcc92f0>
173
<generator object _walk at 0x14bedfcc92f0>
174
<generator object _walk at 0x14bedfcc92f0>
175
<generator object _walk at 0x14bedfcc92f0>
176
<generator object _walk at 0x14bedfcc92f0>
177
<generator object _walk at 0x14bedfcc92f0>
178
<generator object _walk at 0x14bedfcc92f0>
179
<generator object _walk at 0x14bedfcc92f0>
180
<generator object _walk at 0x14bedfcc92f0>
181
<generator object _walk at 0x14bedfcc92f0>
182
<generator object _walk at 0x14bedfcc92f0>
183
<generator object _walk at 0x14bedfcc92f0>
184
<generator object _walk at 0x14bedfcc92f0>
185
<generator object _walk at 0x14bedfcc92f0>
186
<generator object _walk at 0x14bedfcc92f0>
187
<generator object _walk at 0x14bedfcc92f0>
188
<generator object _walk at 0x14bedfcc92f0>
189
<generator object _walk at 0x14bedfcc92f0>
190
<generator object _walk at 0x14bedfcc92f0>
191
<generator object _walk at 0x14bedfcc92f0>
192
<generator object _walk at 0x14bedfcc92f0>
193
<generator object _walk at 0x14bedfcc92f0>
194
<generator object _walk at 0x14bedfcc92f0>
195
<generator object _walk at 0x14bedfcc92f0>
196
<generator object _walk at 0x14bedfcc92f0>
197
<generator object _walk at 0x14bedfcc92f0>
198
<generator object _walk at 0x14bedfcc92f0>
199
<generator object _walk at 0x14bedfcc92f0>
200
<generator object _walk at 0x14bedfcc92f0>
201
<generator object _walk at 0x14bedfcc92f0>
202
<generator object _walk at 0x14bedfcc92f0>
203
<generator object _walk at 0x14bedfcc92f0>
204
<generator object _walk at 0x14bedfcc92f0>
205
<generator object _walk at 0x14bedfcc92f0>
206
<generator object _walk at 0x14bedfcc92f0>
207
<generator object _walk at 0x14bedfcc92f0>
208
<generator object _walk at 0x14bedfcc92f0>
209
<generator object _walk at 0x14bedfcc92f0>
210
<generator object _walk at 0x14bedfcc92f0>
211
<generator object _walk at 0x14bedfcc92f0>
212
<generator object _walk at 0x14bedfcc92f0>
213
<generator object _walk at 0x14bedfcc92f0>
214
<generator object _walk at 0x14bedfcc92f0>
215
<generator object _walk at 0x14bedfcc92f0>
216
<generator object _walk at 0x14bedfcc92f0>
217
<generator object _walk at 0x14bedfcc92f0>
218
<generator object _walk at 0x14bedfcc92f0>
219
<generator object _walk at 0x14bedfcc92f0>
220
<generator object _walk at 0x14bedfcc92f0>
221
<generator object _walk at 0x14bedfcc92f0>
222
<generator object _walk at 0x14bedfcc92f0>
223
<generator object _walk at 0x14bedfcc92f0>
224
<generator object _walk at 0x14bedfcc92f0>
225
<generator object _walk at 0x14bedfcc92f0>
226
<generator object _walk at 0x14bedfcc92f0>
227
<generator object _walk at 0x14bedfcc92f0>
228
<generator object _walk at 0x14bedfcc92f0>
229
<generator object _walk at 0x14bedfcc92f0>
230
<generator object _walk at 0x14bedfcc92f0>
231
<generator object _walk at 0x14bedfcc92f0>
232
<generator object _walk at 0x14bedfcc92f0>
233
<generator object _walk at 0x14bedfcc92f0>
234
<generator object _walk at 0x14bedfcc92f0>
235
<generator object _walk at 0x14bedfcc92f0>
236
<generator object _walk at 0x14bedfcc92f0>
237
<generator object _walk at 0x14bedfcc92f0>
238
<generator object _walk at 0x14bedfcc92f0>
239
<generator object _walk at 0x14bedfcc92f0>
240
<generator object _walk at 0x14bedfcc92f0>
241
<generator object _walk at 0x14bedfcc92f0>
242
<generator object _walk at 0x14bedfcc92f0>
243
<generator object _walk at 0x14bedfcc92f0>
244
<generator object _walk at 0x14bedfcc92f0>
245
<generator object _walk at 0x14bedfcc92f0>
246
<generator object _walk at 0x14bedfcc92f0>
247
<generator object _walk at 0x14bedfcc92f0>
248
<generator object _walk at 0x14bedfcc92f0>
249
<generator object _walk at 0x14bedfcc92f0>
250
<generator object _walk at 0x14bedfcc92f0>
251
<generator object _walk at 0x14bedfcc92f0>
252
<generator object _walk at 0x14bedfcc92f0>
253
<generator object _walk at 0x14bedfcc92f0>
254
<generator object _walk at 0x14bedfcc92f0>
255
<generator object _walk at 0x14bedfcc92f0>
256
<generator object _walk at 0x14bedfcc92f0>
257
<generator object _walk at 0x14bedfcc92f0>
258
<generator object _walk at 0x14bedfcc92f0>
259
<generator object _walk at 0x14bedfcc92f0>
260
<generator object _walk at 0x14bedfcc92f0>
261
<generator object _walk at 0x14bedfcc92f0>
262
<generator object _walk at 0x14bedfcc92f0>
263
<generator object _walk at 0x14bedfcc92f0>
264
<generator object _walk at 0x14bedfcc92f0>
265
<generator object _walk at 0x14bedfcc92f0>
266
<generator object _walk at 0x14bedfcc92f0>
267
<generator object _walk at 0x14bedfcc92f0>
268
<generator object _walk at 0x14bedfcc92f0>
269
<generator object _walk at 0x14bedfcc92f0>
270
<generator object _walk at 0x14bedfcc92f0>
271
<generator object _walk at 0x14bedfcc92f0>
272
<generator object _walk at 0x14bedfcc92f0>
273
<generator object _walk at 0x14bedfcc92f0>
274
<generator object _walk at 0x14bedfcc92f0>
275
<generator object _walk at 0x14bedfcc92f0>
276
<generator object _walk at 0x14bedfcc92f0>
277
<generator object _walk at 0x14bedfcc92f0>
278
<generator object _walk at 0x14bedfcc92f0>
279
<generator object _walk at 0x14bedfcc92f0>
280
<generator object _walk at 0x14bedfcc92f0>
281
<generator object _walk at 0x14bedfcc92f0>
282
<generator object _walk at 0x14bedfcc92f0>
283
<generator object _walk at 0x14bedfcc92f0>
284
<generator object _walk at 0x14bedfcc92f0>
285
<generator object _walk at 0x14bedfcc92f0>
286
<generator object _walk at 0x14bedfcc92f0>
287
<generator object _walk at 0x14bedfcc92f0>
288
<generator object _walk at 0x14bedfcc92f0>
289
<generator object _walk at 0x14bedfcc92f0>
290
<generator object _walk at 0x14bedfcc92f0>
291
<generator object _walk at 0x14bedfcc92f0>
292
<generator object _walk at 0x14bedfcc92f0>
293
<generator object _walk at 0x14bedfcc92f0>
294
<generator object _walk at 0x14bedfcc92f0>
295
<generator object _walk at 0x14bedfcc92f0>
296
<generator object _walk at 0x14bedfcc92f0>
297
<generator object _walk at 0x14bedfcc92f0>
298
<generator object _walk at 0x14bedfcc92f0>
299
<generator object _walk at 0x14bedfcc92f0>
300
<generator object _walk at 0x14bedfcc92f0>
301
<generator object _walk at 0x14bedfcc92f0>
302
<generator object _walk at 0x14bedfcc92f0>
303
<generator object _walk at 0x14bedfcc92f0>
304
<generator object _walk at 0x14bedfcc92f0>
305
<generator object _walk at 0x14bedfcc92f0>
306
<generator object _walk at 0x14bedfcc92f0>
307
<generator object _walk at 0x14bedfcc92f0>
308
<generator object _walk at 0x14bedfcc92f0>
309
<generator object _walk at 0x14bedfcc92f0>
310
<generator object _walk at 0x14bedfcc92f0>
311
<generator object _walk at 0x14bedfcc92f0>
312
<generator object _walk at 0x14bedfcc92f0>
313
<generator object _walk at 0x14bedfcc92f0>
314
<generator object _walk at 0x14bedfcc92f0>
315
<generator object _walk at 0x14bedfcc92f0>
316
<generator object _walk at 0x14bedfcc92f0>
317
<generator object _walk at 0x14bedfcc92f0>
318
<generator object _walk at 0x14bedfcc92f0>
319
<generator object _walk at 0x14bedfcc92f0>
320
<generator object _walk at 0x14bedfcc92f0>
321
<generator object _walk at 0x14bedfcc92f0>
322
<generator object _walk at 0x14bedfcc92f0>
323
<generator object _walk at 0x14bedfcc92f0>
324
<generator object _walk at 0x14bedfcc92f0>
325
<generator object _walk at 0x14bedfcc92f0>
326
<generator object _walk at 0x14bedfcc92f0>
327
<generator object _walk at 0x14bedfcc92f0>
328
<generator object _walk at 0x14bedfcc92f0>
329
<generator object _walk at 0x14bedfcc92f0>
330
<generator object _walk at 0x14bedfcc92f0>
331
<generator object _walk at 0x14bedfcc92f0>
332
<generator object _walk at 0x14bedfcc92f0>
333
<generator object _walk at 0x14bedfcc92f0>
334
<generator object _walk at 0x14bedfcc92f0>
335
<generator object _walk at 0x14bedfcc92f0>
336
<generator object _walk at 0x14bedfcc92f0>
337
<generator object _walk at 0x14bedfcc92f0>
338
<generator object _walk at 0x14bedfcc92f0>
339
<generator object _walk at 0x14bedfcc92f0>
340
<generator object _walk at 0x14bedfcc92f0>
341
<generator object _walk at 0x14bedfcc92f0>
342
<generator object _walk at 0x14bedfcc92f0>
343
<generator object _walk at 0x14bedfcc92f0>
344
<generator object _walk at 0x14bedfcc92f0>
345
<generator object _walk at 0x14bedfcc92f0>
346
<generator object _walk at 0x14bedfcc92f0>
347
<generator object _walk at 0x14bedfcc92f0>
348
<generator object _walk at 0x14bedfcc92f0>
349
<generator object _walk at 0x14bedfcc92f0>
350
<generator object _walk at 0x14bedfcc92f0>
351
<generator object _walk at 0x14bedfcc92f0>
352
<generator object _walk at 0x14bedfcc92f0>
353
<generator object _walk at 0x14bedfcc92f0>
354
<generator object _walk at 0x14bedfcc92f0>
355
<generator object _walk at 0x14bedfcc92f0>
356
<generator object _walk at 0x14bedfcc92f0>
357
<generator object _walk at 0x14bedfcc92f0>
358
<generator object _walk at 0x14bedfcc92f0>
359
<generator object _walk at 0x14bedfcc92f0>
360
<generator object _walk at 0x14bedfcc92f0>
361
<generator object _walk at 0x14bedfcc92f0>
362
<generator object _walk at 0x14bedfcc92f0>
363
<generator object _walk at 0x14bedfcc92f0>
364
<generator object _walk at 0x14bedfcc92f0>
365
<generator object _walk at 0x14bedfcc92f0>
366
<generator object _walk at 0x14bedfcc92f0>
367
<generator object _walk at 0x14bedfcc92f0>
368
<generator object _walk at 0x14bedfcc92f0>
369
<generator object _walk at 0x14bedfcc92f0>
370
<generator object _walk at 0x14bedfcc92f0>
371
<generator object _walk at 0x14bedfcc92f0>
372
<generator object _walk at 0x14bedfcc92f0>
373
<generator object _walk at 0x14bedfcc92f0>
374
<generator object _walk at 0x14bedfcc92f0>
375
<generator object _walk at 0x14bedfcc92f0>
376
<generator object _walk at 0x14bedfcc92f0>
377
<generator object _walk at 0x14bedfcc92f0>
378
<generator object _walk at 0x14bedfcc92f0>
379
<generator object _walk at 0x14bedfcc92f0>
380
<generator object _walk at 0x14bedfcc92f0>
381
<generator object _walk at 0x14bedfcc92f0>
382
<generator object _walk at 0x14bedfcc92f0>
383
<generator object _walk at 0x14bedfcc92f0>
384
<generator object _walk at 0x14bedfcc92f0>
385
<generator object _walk at 0x14bedfcc92f0>
386
<generator object _walk at 0x14bedfcc92f0>
387
<generator object _walk at 0x14bedfcc92f0>
388
<generator object _walk at 0x14bedfcc92f0>
389
<generator object _walk at 0x14bedfcc92f0>
390
<generator object _walk at 0x14bedfcc92f0>
391
<generator object _walk at 0x14bedfcc92f0>
392
<generator object _walk at 0x14bedfcc92f0>
393
<generator object _walk at 0x14bedfcc92f0>
394
<generator object _walk at 0x14bedfcc92f0>
395
<generator object _walk at 0x14bedfcc92f0>
396
<generator object _walk at 0x14bedfcc92f0>
397
<generator object _walk at 0x14bedfcc92f0>
398
<generator object _walk at 0x14bedfcc92f0>
399
<generator object _walk at 0x14bedfcc92f0>
400
<generator object _walk at 0x14bedfcc92f0>
401
<generator object _walk at 0x14bedfcc92f0>
402
<generator object _walk at 0x14bedfcc92f0>
403
<generator object _walk at 0x14bedfcc92f0>
404
<generator object _walk at 0x14bedfcc92f0>
405
<generator object _walk at 0x14bedfcc92f0>
406
<generator object _walk at 0x14bedfcc92f0>
407
<generator object _walk at 0x14bedfcc92f0>
408
<generator object _walk at 0x14bedfcc92f0>
409
<generator object _walk at 0x14bedfcc92f0>
410
<generator object _walk at 0x14bedfcc92f0>
411
<generator object _walk at 0x14bedfcc92f0>
412
<generator object _walk at 0x14bedfcc92f0>
413
<generator object _walk at 0x14bedfcc92f0>
414
<generator object _walk at 0x14bedfcc92f0>
415
<generator object _walk at 0x14bedfcc92f0>
416
<generator object _walk at 0x14bedfcc92f0>
417
<generator object _walk at 0x14bedfcc92f0>
418
<generator object _walk at 0x14bedfcc92f0>
419
<generator object _walk at 0x14bedfcc92f0>
420
<generator object _walk at 0x14bedfcc92f0>
421
<generator object _walk at 0x14bedfcc92f0>
422
<generator object _walk at 0x14bedfcc92f0>
423
<generator object _walk at 0x14bedfcc92f0>
424
<generator object _walk at 0x14bedfcc92f0>
425
<generator object _walk at 0x14bedfcc92f0>
426
<generator object _walk at 0x14bedfcc92f0>
427
<generator object _walk at 0x14bedfcc92f0>
428
<generator object _walk at 0x14bedfcc92f0>
429
<generator object _walk at 0x14bedfcc92f0>
430
<generator object _walk at 0x14bedfcc92f0>
431
<generator object _walk at 0x14bedfcc92f0>
432
<generator object _walk at 0x14bedfcc92f0>
433
<generator object _walk at 0x14bedfcc92f0>
434
<generator object _walk at 0x14bedfcc92f0>
435
<generator object _walk at 0x14bedfcc92f0>
436
<generator object _walk at 0x14bedfcc92f0>
437
<generator object _walk at 0x14bedfcc92f0>
438
<generator object _walk at 0x14bedfcc92f0>
439
<generator object _walk at 0x14bedfcc92f0>
440
<generator object _walk at 0x14bedfcc92f0>
441
<generator object _walk at 0x14bedfcc92f0>
442
<generator object _walk at 0x14bedfcc92f0>
443
<generator object _walk at 0x14bedfcc92f0>
444
<generator object _walk at 0x14bedfcc92f0>
445
<generator object _walk at 0x14bedfcc92f0>
446
<generator object _walk at 0x14bedfcc92f0>
447
<generator object _walk at 0x14bedfcc92f0>
448
<generator object _walk at 0x14bedfcc92f0>
449
<generator object _walk at 0x14bedfcc92f0>
450
<generator object _walk at 0x14bedfcc92f0>
451
<generator object _walk at 0x14bedfcc92f0>
452
<generator object _walk at 0x14bedfcc92f0>
453
<generator object _walk at 0x14bedfcc92f0>
454
<generator object _walk at 0x14bedfcc92f0>
455
<generator object _walk at 0x14bedfcc92f0>
456
<generator object _walk at 0x14bedfcc92f0>
457
<generator object _walk at 0x14bedfcc92f0>
458
<generator object _walk at 0x14bedfcc92f0>
459
<generator object _walk at 0x14bedfcc92f0>
460
<generator object _walk at 0x14bedfcc92f0>
461
<generator object _walk at 0x14bedfcc92f0>
462
<generator object _walk at 0x14bedfcc92f0>
463
<generator object _walk at 0x14bedfcc92f0>
464
<generator object _walk at 0x14bedfcc92f0>
465
<generator object _walk at 0x14bedfcc92f0>
466
<generator object _walk at 0x14bedfcc92f0>
467
<generator object _walk at 0x14bedfcc92f0>
468
<generator object _walk at 0x14bedfcc92f0>
469
<generator object _walk at 0x14bedfcc92f0>
470
<generator object _walk at 0x14bedfcc92f0>
471
<generator object _walk at 0x14bedfcc92f0>
472
<generator object _walk at 0x14bedfcc92f0>
473
<generator object _walk at 0x14bedfcc92f0>
474
<generator object _walk at 0x14bedfcc92f0>
475
<generator object _walk at 0x14bedfcc92f0>
476
<generator object _walk at 0x14bedfcc92f0>
477
<generator object _walk at 0x14bedfcc92f0>
478
<generator object _walk at 0x14bedfcc92f0>
479
<generator object _walk at 0x14bedfcc92f0>
480
<generator object _walk at 0x14bedfcc92f0>
481
<generator object _walk at 0x14bedfcc92f0>
482
<generator object _walk at 0x14bedfcc92f0>
483
<generator object _walk at 0x14bedfcc92f0>
484
<generator object _walk at 0x14bedfcc92f0>
485
<generator object _walk at 0x14bedfcc92f0>
486
<generator object _walk at 0x14bedfcc92f0>
487
<generator object _walk at 0x14bedfcc92f0>
488
<generator object _walk at 0x14bedfcc92f0>
489
<generator object _walk at 0x14bedfcc92f0>
490
<generator object _walk at 0x14bedfcc92f0>
491
<generator object _walk at 0x14bedfcc92f0>
492
<generator object _walk at 0x14bedfcc92f0>
493
<generator object _walk at 0x14bedfcc92f0>
494
<generator object _walk at 0x14bedfcc92f0>
495
<generator object _walk at 0x14bedfcc92f0>
496
<generator object _walk at 0x14bedfcc92f0>
497
<generator object _walk at 0x14bedfcc92f0>
498
<generator object _walk at 0x14bedfcc92f0>
499
<generator object _walk at 0x14bedfcc92f0>
500
<generator object _walk at 0x14bedfcc92f0>
501
<generator object _walk at 0x14bedfcc92f0>
502
<generator object _walk at 0x14bedfcc92f0>
503
<generator object _walk at 0x14bedfcc92f0>
504
<generator object _walk at 0x14bedfcc92f0>
505
<generator object _walk at 0x14bedfcc92f0>
506
<generator object _walk at 0x14bedfcc92f0>
507
<generator object _walk at 0x14bedfcc92f0>
508
<generator object _walk at 0x14bedfcc92f0>
509
<generator object _walk at 0x14bedfcc92f0>
510
<generator object _walk at 0x14bedfcc92f0>
511
<generator object _walk at 0x14bedfcc92f0>
512
<generator object _walk at 0x14bedfcc92f0>
513
<generator object _walk at 0x14bedfcc92f0>
514
<generator object _walk at 0x14bedfcc92f0>
515
<generator object _walk at 0x14bedfcc92f0>
516
<generator object _walk at 0x14bedfcc92f0>
517
<generator object _walk at 0x14bedfcc92f0>
518
<generator object _walk at 0x14bedfcc92f0>
519
<generator object _walk at 0x14bedfcc92f0>
520
<generator object _walk at 0x14bedfcc92f0>
521
<generator object _walk at 0x14bedfcc92f0>
522
<generator object _walk at 0x14bedfcc92f0>
523
<generator object _walk at 0x14bedfcc92f0>
524
<generator object _walk at 0x14bedfcc92f0>
525
<generator object _walk at 0x14bedfcc92f0>
526
<generator object _walk at 0x14bedfcc92f0>
527
<generator object _walk at 0x14bedfcc92f0>
528
<generator object _walk at 0x14bedfcc92f0>
529
<generator object _walk at 0x14bedfcc92f0>
530
<generator object _walk at 0x14bedfcc92f0>
531
<generator object _walk at 0x14bedfcc92f0>
532
<generator object _walk at 0x14bedfcc92f0>
533
<generator object _walk at 0x14bedfcc92f0>
534
<generator object _walk at 0x14bedfcc92f0>
535
<generator object _walk at 0x14bedfcc92f0>
536
<generator object _walk at 0x14bedfcc92f0>
537
<generator object _walk at 0x14bedfcc92f0>
538
<generator object _walk at 0x14bedfcc92f0>
539
<generator object _walk at 0x14bedfcc92f0>
540
<generator object _walk at 0x14bedfcc92f0>
541
<generator object _walk at 0x14bedfcc92f0>
542
<generator object _walk at 0x14bedfcc92f0>
543
<generator object _walk at 0x14bedfcc92f0>
544
<generator object _walk at 0x14bedfcc92f0>
545
<generator object _walk at 0x14bedfcc92f0>
546
<generator object _walk at 0x14bedfcc92f0>
547
<generator object _walk at 0x14bedfcc92f0>
548
<generator object _walk at 0x14bedfcc92f0>
549
<generator object _walk at 0x14bedfcc92f0>
550
<generator object _walk at 0x14bedfcc92f0>
551
<generator object _walk at 0x14bedfcc92f0>
552
<generator object _walk at 0x14bedfcc92f0>
553
<generator object _walk at 0x14bedfcc92f0>
554
<generator object _walk at 0x14bedfcc92f0>
555
<generator object _walk at 0x14bedfcc92f0>
556
<generator object _walk at 0x14bedfcc92f0>
557
<generator object _walk at 0x14bedfcc92f0>
558
<generator object _walk at 0x14bedfcc92f0>
559
<generator object _walk at 0x14bedfcc92f0>
560
<generator object _walk at 0x14bedfcc92f0>
561
<generator object _walk at 0x14bedfcc92f0>
562
<generator object _walk at 0x14bedfcc92f0>
563
<generator object _walk at 0x14bedfcc92f0>
564
<generator object _walk at 0x14bedfcc92f0>
565
<generator object _walk at 0x14bedfcc92f0>
566
<generator object _walk at 0x14bedfcc92f0>
567
<generator object _walk at 0x14bedfcc92f0>
568
<generator object _walk at 0x14bedfcc92f0>
569
<generator object _walk at 0x14bedfcc92f0>
570
<generator object _walk at 0x14bedfcc92f0>
571
<generator object _walk at 0x14bedfcc92f0>
572
<generator object _walk at 0x14bedfcc92f0>
573
<generator object _walk at 0x14bedfcc92f0>
574
<generator object _walk at 0x14bedfcc92f0>
575
<generator object _walk at 0x14bedfcc92f0>
576
<generator object _walk at 0x14bedfcc92f0>
577
<generator object _walk at 0x14bedfcc92f0>
578
<generator object _walk at 0x14bedfcc92f0>
579
<generator object _walk at 0x14bedfcc92f0>
580
<generator object _walk at 0x14bedfcc92f0>
581
<generator object _walk at 0x14bedfcc92f0>
582
<generator object _walk at 0x14bedfcc92f0>
583
<generator object _walk at 0x14bedfcc92f0>
584
<generator object _walk at 0x14bedfcc92f0>
585
<generator object _walk at 0x14bedfcc92f0>
586
<generator object _walk at 0x14bedfcc92f0>
587
<generator object _walk at 0x14bedfcc92f0>
588
<generator object _walk at 0x14bedfcc92f0>
589
<generator object _walk at 0x14bedfcc92f0>
590
<generator object _walk at 0x14bedfcc92f0>
591
<generator object _walk at 0x14bedfcc92f0>
592
<generator object _walk at 0x14bedfcc92f0>
593
<generator object _walk at 0x14bedfcc92f0>
594
<generator object _walk at 0x14bedfcc92f0>
595
<generator object _walk at 0x14bedfcc92f0>
596
<generator object _walk at 0x14bedfcc92f0>
597
<generator object _walk at 0x14bedfcc92f0>
598
<generator object _walk at 0x14bedfcc92f0>
599
<generator object _walk at 0x14bedfcc92f0>
600
<generator object _walk at 0x14bedfcc92f0>
601
<generator object _walk at 0x14bedfcc92f0>
602
<generator object _walk at 0x14bedfcc92f0>
603
<generator object _walk at 0x14bedfcc92f0>
604
<generator object _walk at 0x14bedfcc92f0>
605
<generator object _walk at 0x14bedfcc92f0>
606
<generator object _walk at 0x14bedfcc92f0>
607
<generator object _walk at 0x14bedfcc92f0>
608
<generator object _walk at 0x14bedfcc92f0>
609
<generator object _walk at 0x14bedfcc92f0>
610
<generator object _walk at 0x14bedfcc92f0>
611
<generator object _walk at 0x14bedfcc92f0>
612
<generator object _walk at 0x14bedfcc92f0>
613
<generator object _walk at 0x14bedfcc92f0>
614
<generator object _walk at 0x14bedfcc92f0>
615
<generator object _walk at 0x14bedfcc92f0>
616
<generator object _walk at 0x14bedfcc92f0>
617
<generator object _walk at 0x14bedfcc92f0>
618
<generator object _walk at 0x14bedfcc92f0>
619
<generator object _walk at 0x14bedfcc92f0>
620
<generator object _walk at 0x14bedfcc92f0>
621
<generator object _walk at 0x14bedfcc92f0>
622
<generator object _walk at 0x14bedfcc92f0>
623
<generator object _walk at 0x14bedfcc92f0>
624
<generator object _walk at 0x14bedfcc92f0>
625
<generator object _walk at 0x14bedfcc92f0>
626
<generator object _walk at 0x14bedfcc92f0>
627
<generator object _walk at 0x14bedfcc92f0>
628
<generator object _walk at 0x14bedfcc92f0>
629
<generator object _walk at 0x14bedfcc92f0>
630
<generator object _walk at 0x14bedfcc92f0>
631
<generator object _walk at 0x14bedfcc92f0>
632
<generator object _walk at 0x14bedfcc92f0>
633
<generator object _walk at 0x14bedfcc92f0>
634
<generator object _walk at 0x14bedfcc92f0>
635
<generator object _walk at 0x14bedfcc92f0>
636
<generator object _walk at 0x14bedfcc92f0>
637
<generator object _walk at 0x14bedfcc92f0>
638
<generator object _walk at 0x14bedfcc92f0>
639
<generator object _walk at 0x14bedfcc92f0>
640
<generator object _walk at 0x14bedfcc92f0>
641
<generator object _walk at 0x14bedfcc92f0>
642
<generator object _walk at 0x14bedfcc92f0>
643
<generator object _walk at 0x14bedfcc92f0>
644
<generator object _walk at 0x14bedfcc92f0>
645
<generator object _walk at 0x14bedfcc92f0>
646
<generator object _walk at 0x14bedfcc92f0>
647
<generator object _walk at 0x14bedfcc92f0>
648
<generator object _walk at 0x14bedfcc92f0>
649
<generator object _walk at 0x14bedfcc92f0>
650
<generator object _walk at 0x14bedfcc92f0>
651
<generator object _walk at 0x14bedfcc92f0>
652
<generator object _walk at 0x14bedfcc92f0>
653
<generator object _walk at 0x14bedfcc92f0>
654
<generator object _walk at 0x14bedfcc92f0>
655
<generator object _walk at 0x14bedfcc92f0>
656
<generator object _walk at 0x14bedfcc92f0>
657
<generator object _walk at 0x14bedfcc92f0>
658
<generator object _walk at 0x14bedfcc92f0>
659
<generator object _walk at 0x14bedfcc92f0>
660
<generator object _walk at 0x14bedfcc92f0>
661
<generator object _walk at 0x14bedfcc92f0>
662
<generator object _walk at 0x14bedfcc92f0>
663
<generator object _walk at 0x14bedfcc92f0>
664
<generator object _walk at 0x14bedfcc92f0>
665
<generator object _walk at 0x14bedfcc92f0>
666
<generator object _walk at 0x14bedfcc92f0>
667
<generator object _walk at 0x14bedfcc92f0>
668
<generator object _walk at 0x14bedfcc92f0>
669
<generator object _walk at 0x14bedfcc92f0>
670
<generator object _walk at 0x14bedfcc92f0>
671
<generator object _walk at 0x14bedfcc92f0>
672
<generator object _walk at 0x14bedfcc92f0>
673
<generator object _walk at 0x14bedfcc92f0>
674
<generator object _walk at 0x14bedfcc92f0>
675
<generator object _walk at 0x14bedfcc92f0>
676
<generator object _walk at 0x14bedfcc92f0>
677
<generator object _walk at 0x14bedfcc92f0>
678
<generator object _walk at 0x14bedfcc92f0>
679
<generator object _walk at 0x14bedfcc92f0>
680
<generator object _walk at 0x14bedfcc92f0>
681
<generator object _walk at 0x14bedfcc92f0>
682
<generator object _walk at 0x14bedfcc92f0>
683
<generator object _walk at 0x14bedfcc92f0>
684
<generator object _walk at 0x14bedfcc92f0>
685
<generator object _walk at 0x14bedfcc92f0>
686
<generator object _walk at 0x14bedfcc92f0>
687
<generator object _walk at 0x14bedfcc92f0>
688
<generator object _walk at 0x14bedfcc92f0>
689
<generator object _walk at 0x14bedfcc92f0>
690
<generator object _walk at 0x14bedfcc92f0>
691
<generator object _walk at 0x14bedfcc92f0>
692
<generator object _walk at 0x14bedfcc92f0>
693
<generator object _walk at 0x14bedfcc92f0>
694
<generator object _walk at 0x14bedfcc92f0>
695
<generator object _walk at 0x14bedfcc92f0>
696
<generator object _walk at 0x14bedfcc92f0>
697
<generator object _walk at 0x14bedfcc92f0>
698
<generator object _walk at 0x14bedfcc92f0>
699
<generator object _walk at 0x14bedfcc92f0>
700
<generator object _walk at 0x14bedfcc92f0>
701
<generator object _walk at 0x14bedfcc92f0>
702
<generator object _walk at 0x14bedfcc92f0>
703
<generator object _walk at 0x14bedfcc92f0>
704
<generator object _walk at 0x14bedfcc92f0>
705
<generator object _walk at 0x14bedfcc92f0>
706
<generator object _walk at 0x14bedfcc92f0>
707
<generator object _walk at 0x14bedfcc92f0>
708
<generator object _walk at 0x14bedfcc92f0>
709
<generator object _walk at 0x14bedfcc92f0>
710
<generator object _walk at 0x14bedfcc92f0>
711
<generator object _walk at 0x14bedfcc92f0>
712
<generator object _walk at 0x14bedfcc92f0>
713
<generator object _walk at 0x14bedfcc92f0>
714
<generator object _walk at 0x14bedfcc92f0>
715
<generator object _walk at 0x14bedfcc92f0>
716
<generator object _walk at 0x14bedfcc92f0>
717
<generator object _walk at 0x14bedfcc92f0>
718
<generator object _walk at 0x14bedfcc92f0>
719
<generator object _walk at 0x14bedfcc92f0>
720
<generator object _walk at 0x14bedfcc92f0>
721
<generator object _walk at 0x14bedfcc92f0>
722
<generator object _walk at 0x14bedfcc92f0>
723
<generator object _walk at 0x14bedfcc92f0>
724
<generator object _walk at 0x14bedfcc92f0>
725
<generator object _walk at 0x14bedfcc92f0>
726
<generator object _walk at 0x14bedfcc92f0>
727
<generator object _walk at 0x14bedfcc92f0>
728
<generator object _walk at 0x14bedfcc92f0>
729
<generator object _walk at 0x14bedfcc92f0>
730
<generator object _walk at 0x14bedfcc92f0>
731
<generator object _walk at 0x14bedfcc92f0>
732
<generator object _walk at 0x14bedfcc92f0>
733
<generator object _walk at 0x14bedfcc92f0>
734
<generator object _walk at 0x14bedfcc92f0>
735
<generator object _walk at 0x14bedfcc92f0>
736
<generator object _walk at 0x14bedfcc92f0>
737
<generator object _walk at 0x14bedfcc92f0>
738
<generator object _walk at 0x14bedfcc92f0>
739
<generator object _walk at 0x14bedfcc92f0>
740
<generator object _walk at 0x14bedfcc92f0>
741
<generator object _walk at 0x14bedfcc92f0>
742
<generator object _walk at 0x14bedfcc92f0>
743
<generator object _walk at 0x14bedfcc92f0>
744
<generator object _walk at 0x14bedfcc92f0>
745
<generator object _walk at 0x14bedfcc92f0>
746
<generator object _walk at 0x14bedfcc92f0>
747
<generator object _walk at 0x14bedfcc92f0>
748
<generator object _walk at 0x14bedfcc92f0>
749
<generator object _walk at 0x14bedfcc92f0>
750
<generator object _walk at 0x14bedfcc92f0>
751
<generator object _walk at 0x14bedfcc92f0>
752
<generator object _walk at 0x14bedfcc92f0>
753
<generator object _walk at 0x14bedfcc92f0>
754
<generator object _walk at 0x14bedfcc92f0>
755
<generator object _walk at 0x14bedfcc92f0>
756
<generator object _walk at 0x14bedfcc92f0>
757
<generator object _walk at 0x14bedfcc92f0>
758
<generator object _walk at 0x14bedfcc92f0>
759
<generator object _walk at 0x14bedfcc92f0>
760
<generator object _walk at 0x14bedfcc92f0>
761
<generator object _walk at 0x14bedfcc92f0>
762
<generator object _walk at 0x14bedfcc92f0>
763
<generator object _walk at 0x14bedfcc92f0>
764
<generator object _walk at 0x14bedfcc92f0>
765
<generator object _walk at 0x14bedfcc92f0>
766
<generator object _walk at 0x14bedfcc92f0>
767
<generator object _walk at 0x14bedfcc92f0>
768
<generator object _walk at 0x14bedfcc92f0>
769
<generator object _walk at 0x14bedfcc92f0>
770
<generator object _walk at 0x14bedfcc92f0>
771
<generator object _walk at 0x14bedfcc92f0>
772
<generator object _walk at 0x14bedfcc92f0>
773
<generator object _walk at 0x14bedfcc92f0>
774
<generator object _walk at 0x14bedfcc92f0>
775
<generator object _walk at 0x14bedfcc92f0>
776
<generator object _walk at 0x14bedfcc92f0>
777
<generator object _walk at 0x14bedfcc92f0>
778
<generator object _walk at 0x14bedfcc92f0>
779
<generator object _walk at 0x14bedfcc92f0>
780
<generator object _walk at 0x14bedfcc92f0>
781
<generator object _walk at 0x14bedfcc92f0>
782
<generator object _walk at 0x14bedfcc92f0>
783
<generator object _walk at 0x14bedfcc92f0>
784
<generator object _walk at 0x14bedfcc92f0>
785
<generator object _walk at 0x14bedfcc92f0>
786
<generator object _walk at 0x14bedfcc92f0>
787
<generator object _walk at 0x14bedfcc92f0>
788
<generator object _walk at 0x14bedfcc92f0>
789
<generator object _walk at 0x14bedfcc92f0>
790
<generator object _walk at 0x14bedfcc92f0>
791
<generator object _walk at 0x14bedfcc92f0>
792
<generator object _walk at 0x14bedfcc92f0>
793
<generator object _walk at 0x14bedfcc92f0>
794
<generator object _walk at 0x14bedfcc92f0>
795
<generator object _walk at 0x14bedfcc92f0>
796
<generator object _walk at 0x14bedfcc92f0>
797
<generator object _walk at 0x14bedfcc92f0>
798
<generator object _walk at 0x14bedfcc92f0>
799
<generator object _walk at 0x14bedfcc92f0>
800
<generator object _walk at 0x14bedfcc92f0>
801
<generator object _walk at 0x14bedfcc92f0>
802
<generator object _walk at 0x14bedfcc92f0>
803
<generator object _walk at 0x14bedfcc92f0>
804
<generator object _walk at 0x14bedfcc92f0>
805
<generator object _walk at 0x14bedfcc92f0>
806
<generator object _walk at 0x14bedfcc92f0>
807
<generator object _walk at 0x14bedfcc92f0>
808
<generator object _walk at 0x14bedfcc92f0>
809
<generator object _walk at 0x14bedfcc92f0>
810
<generator object _walk at 0x14bedfcc92f0>
811
<generator object _walk at 0x14bedfcc92f0>
812
<generator object _walk at 0x14bedfcc92f0>
813
<generator object _walk at 0x14bedfcc92f0>
814
<generator object _walk at 0x14bedfcc92f0>
815
<generator object _walk at 0x14bedfcc92f0>
816
<generator object _walk at 0x14bedfcc92f0>
817
<generator object _walk at 0x14bedfcc92f0>
818
<generator object _walk at 0x14bedfcc92f0>
819
<generator object _walk at 0x14bedfcc92f0>
820
<generator object _walk at 0x14bedfcc92f0>
821
<generator object _walk at 0x14bedfcc92f0>
822
<generator object _walk at 0x14bedfcc92f0>
823
<generator object _walk at 0x14bedfcc92f0>
824
<generator object _walk at 0x14bedfcc92f0>
825
<generator object _walk at 0x14bedfcc92f0>
826
<generator object _walk at 0x14bedfcc92f0>
827
<generator object _walk at 0x14bedfcc92f0>
828
<generator object _walk at 0x14bedfcc92f0>
829
<generator object _walk at 0x14bedfcc92f0>
830
<generator object _walk at 0x14bedfcc92f0>
831
<generator object _walk at 0x14bedfcc92f0>
832
<generator object _walk at 0x14bedfcc92f0>
833
<generator object _walk at 0x14bedfcc92f0>
834
<generator object _walk at 0x14bedfcc92f0>
835
<generator object _walk at 0x14bedfcc92f0>
836
<generator object _walk at 0x14bedfcc92f0>
837
<generator object _walk at 0x14bedfcc92f0>
838
<generator object _walk at 0x14bedfcc92f0>
839
<generator object _walk at 0x14bedfcc92f0>
840
<generator object _walk at 0x14bedfcc92f0>
841
<generator object _walk at 0x14bedfcc92f0>
842
<generator object _walk at 0x14bedfcc92f0>
843
<generator object _walk at 0x14bedfcc92f0>
844
<generator object _walk at 0x14bedfcc92f0>
845
<generator object _walk at 0x14bedfcc92f0>
846
<generator object _walk at 0x14bedfcc92f0>
847
<generator object _walk at 0x14bedfcc92f0>
848
<generator object _walk at 0x14bedfcc92f0>
849
<generator object _walk at 0x14bedfcc92f0>
850
<generator object _walk at 0x14bedfcc92f0>
851
<generator object _walk at 0x14bedfcc92f0>
852
<generator object _walk at 0x14bedfcc92f0>
853
<generator object _walk at 0x14bedfcc92f0>
854
<generator object _walk at 0x14bedfcc92f0>
855
<generator object _walk at 0x14bedfcc92f0>
856
<generator object _walk at 0x14bedfcc92f0>
857
<generator object _walk at 0x14bedfcc92f0>
858
<generator object _walk at 0x14bedfcc92f0>
859
<generator object _walk at 0x14bedfcc92f0>
860
<generator object _walk at 0x14bedfcc92f0>
861
<generator object _walk at 0x14bedfcc92f0>
862
<generator object _walk at 0x14bedfcc92f0>
863
<generator object _walk at 0x14bedfcc92f0>
864
<generator object _walk at 0x14bedfcc92f0>
865
<generator object _walk at 0x14bedfcc92f0>
866
<generator object _walk at 0x14bedfcc92f0>
867
<generator object _walk at 0x14bedfcc92f0>
868
<generator object _walk at 0x14bedfcc92f0>
869
<generator object _walk at 0x14bedfcc92f0>
870
<generator object _walk at 0x14bedfcc92f0>
871
<generator object _walk at 0x14bedfcc92f0>
872
<generator object _walk at 0x14bedfcc92f0>
873
<generator object _walk at 0x14bedfcc92f0>
874
<generator object _walk at 0x14bedfcc92f0>
875
<generator object _walk at 0x14bedfcc92f0>
876
<generator object _walk at 0x14bedfcc92f0>
877
<generator object _walk at 0x14bedfcc92f0>
878
<generator object _walk at 0x14bedfcc92f0>
879
<generator object _walk at 0x14bedfcc92f0>
880
<generator object _walk at 0x14bedfcc92f0>
881
<generator object _walk at 0x14bedfcc92f0>
882
<generator object _walk at 0x14bedfcc92f0>
883
<generator object _walk at 0x14bedfcc92f0>
884
<generator object _walk at 0x14bedfcc92f0>
885
<generator object _walk at 0x14bedfcc92f0>
886
<generator object _walk at 0x14bedfcc92f0>
887
<generator object _walk at 0x14bedfcc92f0>
888
<generator object _walk at 0x14bedfcc92f0>
889
<generator object _walk at 0x14bedfcc92f0>
890
<generator object _walk at 0x14bedfcc92f0>
891
<generator object _walk at 0x14bedfcc92f0>
892
<generator object _walk at 0x14bedfcc92f0>
893
<generator object _walk at 0x14bedfcc92f0>
894
<generator object _walk at 0x14bedfcc92f0>
895
<generator object _walk at 0x14bedfcc92f0>
896
<generator object _walk at 0x14bedfcc92f0>
897
<generator object _walk at 0x14bedfcc92f0>
898
<generator object _walk at 0x14bedfcc92f0>
899
<generator object _walk at 0x14bedfcc92f0>
900
<generator object _walk at 0x14bedfcc92f0>
901
<generator object _walk at 0x14bedfcc92f0>
902
<generator object _walk at 0x14bedfcc92f0>
903
<generator object _walk at 0x14bedfcc92f0>
904
<generator object _walk at 0x14bedfcc92f0>
905
<generator object _walk at 0x14bedfcc92f0>
906
<generator object _walk at 0x14bedfcc92f0>
907
<generator object _walk at 0x14bedfcc92f0>
908
<generator object _walk at 0x14bedfcc92f0>
909
<generator object _walk at 0x14bedfcc92f0>
910
<generator object _walk at 0x14bedfcc92f0>
911
<generator object _walk at 0x14bedfcc92f0>
912
<generator object _walk at 0x14bedfcc92f0>
913
<generator object _walk at 0x14bedfcc92f0>
914
<generator object _walk at 0x14bedfcc92f0>
915
<generator object _walk at 0x14bedfcc92f0>
916
<generator object _walk at 0x14bedfcc92f0>
917
<generator object _walk at 0x14bedfcc92f0>
918
<generator object _walk at 0x14bedfcc92f0>
919
<generator object _walk at 0x14bedfcc92f0>
920
<generator object _walk at 0x14bedfcc92f0>
921
<generator object _walk at 0x14bedfcc92f0>
922
<generator object _walk at 0x14bedfcc92f0>
923
<generator object _walk at 0x14bedfcc92f0>
924
<generator object _walk at 0x14bedfcc92f0>
925
<generator object _walk at 0x14bedfcc92f0>
926
<generator object _walk at 0x14bedfcc92f0>
927
<generator object _walk at 0x14bedfcc92f0>
928
<generator object _walk at 0x14bedfcc92f0>
929
<generator object _walk at 0x14bedfcc92f0>
930
<generator object _walk at 0x14bedfcc92f0>
931
<generator object _walk at 0x14bedfcc92f0>
932
<generator object _walk at 0x14bedfcc92f0>
933
<generator object _walk at 0x14bedfcc92f0>
934
<generator object _walk at 0x14bedfcc92f0>
935
<generator object _walk at 0x14bedfcc92f0>
936
<generator object _walk at 0x14bedfcc92f0>
937
<generator object _walk at 0x14bedfcc92f0>
938
<generator object _walk at 0x14bedfcc92f0>
939
<generator object _walk at 0x14bedfcc92f0>
940
<generator object _walk at 0x14bedfcc92f0>
941
<generator object _walk at 0x14bedfcc92f0>
942
<generator object _walk at 0x14bedfcc92f0>
943
<generator object _walk at 0x14bedfcc92f0>
944
<generator object _walk at 0x14bedfcc92f0>
945
<generator object _walk at 0x14bedfcc92f0>
946
<generator object _walk at 0x14bedfcc92f0>
947
<generator object _walk at 0x14bedfcc92f0>
948
<generator object _walk at 0x14bedfcc92f0>
949
<generator object _walk at 0x14bedfcc92f0>
950
<generator object _walk at 0x14bedfcc92f0>
951
<generator object _walk at 0x14bedfcc92f0>
952
<generator object _walk at 0x14bedfcc92f0>
953
<generator object _walk at 0x14bedfcc92f0>
954
<generator object _walk at 0x14bedfcc92f0>
955
<generator object _walk at 0x14bedfcc92f0>
956
<generator object _walk at 0x14bedfcc92f0>
957
<generator object _walk at 0x14bedfcc92f0>
958
<generator object _walk at 0x14bedfcc92f0>
959
<generator object _walk at 0x14bedfcc92f0>
960
<generator object _walk at 0x14bedfcc92f0>
961
<generator object _walk at 0x14bedfcc92f0>
962
<generator object _walk at 0x14bedfcc92f0>
963
<generator object _walk at 0x14bedfcc92f0>
964
<generator object _walk at 0x14bedfcc92f0>
965
<generator object _walk at 0x14bedfcc92f0>
966
<generator object _walk at 0x14bedfcc92f0>
967
<generator object _walk at 0x14bedfcc92f0>
968
<generator object _walk at 0x14bedfcc92f0>
969
<generator object _walk at 0x14bedfcc92f0>
970
<generator object _walk at 0x14bedfcc92f0>
971
<generator object _walk at 0x14bedfcc92f0>
972
<generator object _walk at 0x14bedfcc92f0>
973
<generator object _walk at 0x14bedfcc92f0>
974
<generator object _walk at 0x14bedfcc92f0>
975
<generator object _walk at 0x14bedfcc92f0>
976
<generator object _walk at 0x14bedfcc92f0>
977
<generator object _walk at 0x14bedfcc92f0>
978
<generator object _walk at 0x14bedfcc92f0>
979
<generator object _walk at 0x14bedfcc92f0>
980
<generator object _walk at 0x14bedfcc92f0>
981
<generator object _walk at 0x14bedfcc92f0>
982
<generator object _walk at 0x14bedfcc92f0>
983
<generator object _walk at 0x14bedfcc92f0>
984
<generator object _walk at 0x14bedfcc92f0>
985
<generator object _walk at 0x14bedfcc92f0>
986
<generator object _walk at 0x14bedfcc92f0>
987
<generator object _walk at 0x14bedfcc92f0>
988
<generator object _walk at 0x14bedfcc92f0>
989
<generator object _walk at 0x14bedfcc92f0>
990
<generator object _walk at 0x14bedfcc92f0>
991
<generator object _walk at 0x14bedfcc92f0>
992
<generator object _walk at 0x14bedfcc92f0>
993
<generator object _walk at 0x14bedfcc92f0>
994
<generator object _walk at 0x14bedfcc92f0>
995
<generator object _walk at 0x14bedfcc92f0>
996
<generator object _walk at 0x14bedfcc92f0>
997
<generator object _walk at 0x14bedfcc92f0>
998
<generator object _walk at 0x14bedfcc92f0>
999
<generator object _walk at 0x14bedfcc92f0>
1000
<generator object _walk at 0x14bedfcc92f0>
1001
<generator object _walk at 0x14bedfcc92f0>
1002
<generator object _walk at 0x14bedfcc92f0>
1003
<generator object _walk at 0x14bedfcc92f0>
1004
<generator object _walk at 0x14bedfcc92f0>
1005
<generator object _walk at 0x14bedfcc92f0>
1006
<generator object _walk at 0x14bedfcc92f0>
1007
<generator object _walk at 0x14bedfcc92f0>
1008
<generator object _walk at 0x14bedfcc92f0>
1009
<generator object _walk at 0x14bedfcc92f0>
1010
<generator object _walk at 0x14bedfcc92f0>
1011
<generator object _walk at 0x14bedfcc92f0>
1012
<generator object _walk at 0x14bedfcc92f0>
1013
<generator object _walk at 0x14bedfcc92f0>
1014
<generator object _walk at 0x14bedfcc92f0>
1015
<generator object _walk at 0x14bedfcc92f0>
1016
<generator object _walk at 0x14bedfcc92f0>
1017
<generator object _walk at 0x14bedfcc92f0>
1018
<generator object _walk at 0x14bedfcc92f0>
1019
<generator object _walk at 0x14bedfcc92f0>
1020
<generator object _walk at 0x14bedfcc92f0>
1021
<generator object _walk at 0x14bedfcc92f0>
1022
<generator object _walk at 0x14bedfcc92f0>
1023
<generator object _walk at 0x14bedfcc92f0>
1024
<generator object _walk at 0x14bedfcc92f0>
1025
<generator object _walk at 0x14bedfcc92f0>
1026
<generator object _walk at 0x14bedfcc92f0>
1027
<generator object _walk at 0x14bedfcc92f0>
1028
<generator object _walk at 0x14bedfcc92f0>
1029
<generator object _walk at 0x14bedfcc92f0>
1030
<generator object _walk at 0x14bedfcc92f0>
1031
<generator object _walk at 0x14bedfcc92f0>
1032
<generator object _walk at 0x14bedfcc92f0>
1033
<generator object _walk at 0x14bedfcc92f0>
1034
<generator object _walk at 0x14bedfcc92f0>
1035
<generator object _walk at 0x14bedfcc92f0>
1036
<generator object _walk at 0x14bedfcc92f0>
1037
<generator object _walk at 0x14bedfcc92f0>
1038
<generator object _walk at 0x14bedfcc92f0>
1039
<generator object _walk at 0x14bedfcc92f0>
1040
<generator object _walk at 0x14bedfcc92f0>
1041
<generator object _walk at 0x14bedfcc92f0>
1042
<generator object _walk at 0x14bedfcc92f0>
1043
<generator object _walk at 0x14bedfcc92f0>
1044
<generator object _walk at 0x14bedfcc92f0>
1045
<generator object _walk at 0x14bedfcc92f0>
1046
<generator object _walk at 0x14bedfcc92f0>
1047
<generator object _walk at 0x14bedfcc92f0>
1048
<generator object _walk at 0x14bedfcc92f0>
1049
<generator object _walk at 0x14bedfcc92f0>
1050
<generator object _walk at 0x14bedfcc92f0>
1051
<generator object _walk at 0x14bedfcc92f0>
1052
<generator object _walk at 0x14bedfcc92f0>
1053
<generator object _walk at 0x14bedfcc92f0>
1054
<generator object _walk at 0x14bedfcc92f0>
1055
<generator object _walk at 0x14bedfcc92f0>
1056
<generator object _walk at 0x14bedfcc92f0>
1057
<generator object _walk at 0x14bedfcc92f0>
1058
<generator object _walk at 0x14bedfcc92f0>
1059
<generator object _walk at 0x14bedfcc92f0>
1060
<generator object _walk at 0x14bedfcc92f0>
1061
<generator object _walk at 0x14bedfcc92f0>
1062
<generator object _walk at 0x14bedfcc92f0>
1063
<generator object _walk at 0x14bedfcc92f0>
1064
<generator object _walk at 0x14bedfcc92f0>
1065
<generator object _walk at 0x14bedfcc92f0>
1066
<generator object _walk at 0x14bedfcc92f0>
1067
<generator object _walk at 0x14bedfcc92f0>
1068
<generator object _walk at 0x14bedfcc92f0>
1069
<generator object _walk at 0x14bedfcc92f0>
1070
<generator object _walk at 0x14bedfcc92f0>
1071
<generator object _walk at 0x14bedfcc92f0>
1072
<generator object _walk at 0x14bedfcc92f0>
1073
<generator object _walk at 0x14bedfcc92f0>
1074
<generator object _walk at 0x14bedfcc92f0>
1075
<generator object _walk at 0x14bedfcc92f0>
1076
<generator object _walk at 0x14bedfcc92f0>
1077
<generator object _walk at 0x14bedfcc92f0>
1078
<generator object _walk at 0x14bedfcc92f0>
1079
<generator object _walk at 0x14bedfcc92f0>
1080
<generator object _walk at 0x14bedfcc92f0>
1081
<generator object _walk at 0x14bedfcc92f0>
1082
<generator object _walk at 0x14bedfcc92f0>
1083
<generator object _walk at 0x14bedfcc92f0>
1084
<generator object _walk at 0x14bedfcc92f0>
1085
<generator object _walk at 0x14bedfcc92f0>
1086
<generator object _walk at 0x14bedfcc92f0>
1087
<generator object _walk at 0x14bedfcc92f0>
1088
<generator object _walk at 0x14bedfcc92f0>
1089
<generator object _walk at 0x14bedfcc92f0>
1090
<generator object _walk at 0x14bedfcc92f0>
1091
<generator object _walk at 0x14bedfcc92f0>
1092
<generator object _walk at 0x14bedfcc92f0>
1093
<generator object _walk at 0x14bedfcc92f0>
1094
<generator object _walk at 0x14bedfcc92f0>
1095
<generator object _walk at 0x14bedfcc92f0>
1096
<generator object _walk at 0x14bedfcc92f0>
1097
<generator object _walk at 0x14bedfcc92f0>
1098
<generator object _walk at 0x14bedfcc92f0>
1099
<generator object _walk at 0x14bedfcc92f0>
1100
<generator object _walk at 0x14bedfcc92f0>
1101
<generator object _walk at 0x14bedfcc92f0>
1102
<generator object _walk at 0x14bedfcc92f0>
1103
<generator object _walk at 0x14bedfcc92f0>
1104
<generator object _walk at 0x14bedfcc92f0>
1105
<generator object _walk at 0x14bedfcc92f0>
1106
<generator object _walk at 0x14bedfcc92f0>
1107
<generator object _walk at 0x14bedfcc92f0>
1108
<generator object _walk at 0x14bedfcc92f0>
1109
<generator object _walk at 0x14bedfcc92f0>
1110
<generator object _walk at 0x14bedfcc92f0>
1111
<generator object _walk at 0x14bedfcc92f0>
1112
<generator object _walk at 0x14bedfcc92f0>
1113
<generator object _walk at 0x14bedfcc92f0>
1114
<generator object _walk at 0x14bedfcc92f0>
1115
<generator object _walk at 0x14bedfcc92f0>
1116
<generator object _walk at 0x14bedfcc92f0>
1117
<generator object _walk at 0x14bedfcc92f0>
1118
<generator object _walk at 0x14bedfcc92f0>
1119
<generator object _walk at 0x14bedfcc92f0>
1120
<generator object _walk at 0x14bedfcc92f0>
1121
<generator object _walk at 0x14bedfcc92f0>
1122
<generator object _walk at 0x14bedfcc92f0>
1123
<generator object _walk at 0x14bedfcc92f0>
1124
<generator object _walk at 0x14bedfcc92f0>
1125
<generator object _walk at 0x14bedfcc92f0>
1126
<generator object _walk at 0x14bedfcc92f0>
1127
<generator object _walk at 0x14bedfcc92f0>
1128
<generator object _walk at 0x14bedfcc92f0>
1129
<generator object _walk at 0x14bedfcc92f0>
1130
<generator object _walk at 0x14bedfcc92f0>
1131
<generator object _walk at 0x14bedfcc92f0>
1132
<generator object _walk at 0x14bedfcc92f0>
1133
<generator object _walk at 0x14bedfcc92f0>
1134
<generator object _walk at 0x14bedfcc92f0>
1135
<generator object _walk at 0x14bedfcc92f0>
1136
<generator object _walk at 0x14bedfcc92f0>
1137
<generator object _walk at 0x14bedfcc92f0>
1138
<generator object _walk at 0x14bedfcc92f0>
1139
<generator object _walk at 0x14bedfcc92f0>
1140
<generator object _walk at 0x14bedfcc92f0>
1141
<generator object _walk at 0x14bedfcc92f0>
1142
<generator object _walk at 0x14bedfcc92f0>
1143
<generator object _walk at 0x14bedfcc92f0>
1144
<generator object _walk at 0x14bedfcc92f0>
1145
<generator object _walk at 0x14bedfcc92f0>
1146
<generator object _walk at 0x14bedfcc92f0>
1147
<generator object _walk at 0x14bedfcc92f0>
1148
<generator object _walk at 0x14bedfcc92f0>
1149
<generator object _walk at 0x14bedfcc92f0>
1150
<generator object _walk at 0x14bedfcc92f0>
1151
<generator object _walk at 0x14bedfcc92f0>
1152
<generator object _walk at 0x14bedfcc92f0>
1153
<generator object _walk at 0x14bedfcc92f0>
1154
<generator object _walk at 0x14bedfcc92f0>
1155
<generator object _walk at 0x14bedfcc92f0>
1156
<generator object _walk at 0x14bedfcc92f0>
1157
<generator object _walk at 0x14bedfcc92f0>
1158
<generator object _walk at 0x14bedfcc92f0>
1159
<generator object _walk at 0x14bedfcc92f0>
1160
<generator object _walk at 0x14bedfcc92f0>
1161
<generator object _walk at 0x14bedfcc92f0>
1162
<generator object _walk at 0x14bedfcc92f0>
1163
<generator object _walk at 0x14bedfcc92f0>
1164
<generator object _walk at 0x14bedfcc92f0>
1165
<generator object _walk at 0x14bedfcc92f0>
1166
<generator object _walk at 0x14bedfcc92f0>
1167
<generator object _walk at 0x14bedfcc92f0>
1168
<generator object _walk at 0x14bedfcc92f0>
1169
<generator object _walk at 0x14bedfcc92f0>
1170
<generator object _walk at 0x14bedfcc92f0>
1171
<generator object _walk at 0x14bedfcc92f0>
1172
<generator object _walk at 0x14bedfcc92f0>
1173
<generator object _walk at 0x14bedfcc92f0>
1174
<generator object _walk at 0x14bedfcc92f0>
1175
<generator object _walk at 0x14bedfcc92f0>
1176
<generator object _walk at 0x14bedfcc92f0>
1177
<generator object _walk at 0x14bedfcc92f0>
1178
<generator object _walk at 0x14bedfcc92f0>
1179
<generator object _walk at 0x14bedfcc92f0>
1180
<generator object _walk at 0x14bedfcc92f0>
1181
<generator object _walk at 0x14bedfcc92f0>
1182
<generator object _walk at 0x14bedfcc92f0>
1183
<generator object _walk at 0x14bedfcc92f0>
1184
<generator object _walk at 0x14bedfcc92f0>
1185
<generator object _walk at 0x14bedfcc92f0>
1186
<generator object _walk at 0x14bedfcc92f0>
1187
<generator object _walk at 0x14bedfcc92f0>
1188
<generator object _walk at 0x14bedfcc92f0>
1189
<generator object _walk at 0x14bedfcc92f0>
1190
<generator object _walk at 0x14bedfcc92f0>
1191
<generator object _walk at 0x14bedfcc92f0>
1192
<generator object _walk at 0x14bedfcc92f0>
1193
<generator object _walk at 0x14bedfcc92f0>
1194
<generator object _walk at 0x14bedfcc92f0>
1195
<generator object _walk at 0x14bedfcc92f0>
1196
<generator object _walk at 0x14bedfcc92f0>
1197
<generator object _walk at 0x14bedfcc92f0>
1198
<generator object _walk at 0x14bedfcc92f0>
1199
<generator object _walk at 0x14bedfcc92f0>
1200
<generator object _walk at 0x14bedfcc92f0>
1201
<generator object _walk at 0x14bedfcc92f0>
1202
<generator object _walk at 0x14bedfcc92f0>
1203
<generator object _walk at 0x14bedfcc92f0>
1204
<generator object _walk at 0x14bedfcc92f0>
1205
<generator object _walk at 0x14bedfcc92f0>
1206
<generator object _walk at 0x14bedfcc92f0>
1207
<generator object _walk at 0x14bedfcc92f0>
1208
<generator object _walk at 0x14bedfcc92f0>
1209
<generator object _walk at 0x14bedfcc92f0>
1210
<generator object _walk at 0x14bedfcc92f0>
1211
<generator object _walk at 0x14bedfcc92f0>
1212
<generator object _walk at 0x14bedfcc92f0>
1213
<generator object _walk at 0x14bedfcc92f0>
1214
<generator object _walk at 0x14bedfcc92f0>
1215
<generator object _walk at 0x14bedfcc92f0>
1216
<generator object _walk at 0x14bedfcc92f0>
1217
<generator object _walk at 0x14bedfcc92f0>
1218
<generator object _walk at 0x14bedfcc92f0>
1219
<generator object _walk at 0x14bedfcc92f0>
1220
<generator object _walk at 0x14bedfcc92f0>
1221
<generator object _walk at 0x14bedfcc92f0>
1222
<generator object _walk at 0x14bedfcc92f0>
1223
<generator object _walk at 0x14bedfcc92f0>
1224
<generator object _walk at 0x14bedfcc92f0>
1225
<generator object _walk at 0x14bedfcc92f0>
1226
<generator object _walk at 0x14bedfcc92f0>
1227
<generator object _walk at 0x14bedfcc92f0>
1228
<generator object _walk at 0x14bedfcc92f0>
1229
<generator object _walk at 0x14bedfcc92f0>
1230
<generator object _walk at 0x14bedfcc92f0>
1231
<generator object _walk at 0x14bedfcc92f0>
1232
<generator object _walk at 0x14bedfcc92f0>
1233
<generator object _walk at 0x14bedfcc92f0>
1234
<generator object _walk at 0x14bedfcc92f0>
1235
<generator object _walk at 0x14bedfcc92f0>
1236
<generator object _walk at 0x14bedfcc92f0>
1237
<generator object _walk at 0x14bedfcc92f0>
1238
<generator object _walk at 0x14bedfcc92f0>
1239
<generator object _walk at 0x14bedfcc92f0>
1240
<generator object _walk at 0x14bedfcc92f0>
1241
<generator object _walk at 0x14bedfcc92f0>
1242
<generator object _walk at 0x14bedfcc92f0>
1243
<generator object _walk at 0x14bedfcc92f0>
1244
<generator object _walk at 0x14bedfcc92f0>
1245
<generator object _walk at 0x14bedfcc92f0>
1246
<generator object _walk at 0x14bedfcc92f0>
1247
<generator object _walk at 0x14bedfcc92f0>
1248
<generator object _walk at 0x14bedfcc92f0>
1249
<generator object _walk at 0x14bedfcc92f0>
1250
<generator object _walk at 0x14bedfcc92f0>
1251
<generator object _walk at 0x14bedfcc92f0>
1252
<generator object _walk at 0x14bedfcc92f0>
1253
<generator object _walk at 0x14bedfcc92f0>
1254
<generator object _walk at 0x14bedfcc92f0>
1255
<generator object _walk at 0x14bedfcc92f0>
1256
<generator object _walk at 0x14bedfcc92f0>
1257
<generator object _walk at 0x14bedfcc92f0>
1258
<generator object _walk at 0x14bedfcc92f0>
1259
<generator object _walk at 0x14bedfcc92f0>
1260
<generator object _walk at 0x14bedfcc92f0>
1261
<generator object _walk at 0x14bedfcc92f0>
1262
<generator object _walk at 0x14bedfcc92f0>
1263
<generator object _walk at 0x14bedfcc92f0>
1264
<generator object _walk at 0x14bedfcc92f0>
1265
<generator object _walk at 0x14bedfcc92f0>
1266
<generator object _walk at 0x14bedfcc92f0>
1267
<generator object _walk at 0x14bedfcc92f0>
1268
<generator object _walk at 0x14bedfcc92f0>
1269
<generator object _walk at 0x14bedfcc92f0>
1270
<generator object _walk at 0x14bedfcc92f0>
1271
<generator object _walk at 0x14bedfcc92f0>
1272
<generator object _walk at 0x14bedfcc92f0>
1273
<generator object _walk at 0x14bedfcc92f0>
1274
<generator object _walk at 0x14bedfcc92f0>
1275
<generator object _walk at 0x14bedfcc92f0>
1276
<generator object _walk at 0x14bedfcc92f0>
1277
<generator object _walk at 0x14bedfcc92f0>
1278
<generator object _walk at 0x14bedfcc92f0>
1279
<generator object _walk at 0x14bedfcc92f0>
1280
<generator object _walk at 0x14bedfcc92f0>
1281
<generator object _walk at 0x14bedfcc92f0>
1282
<generator object _walk at 0x14bedfcc92f0>
1283
<generator object _walk at 0x14bedfcc92f0>
1284
<generator object _walk at 0x14bedfcc92f0>
1285
<generator object _walk at 0x14bedfcc92f0>
1286
<generator object _walk at 0x14bedfcc92f0>
1287
<generator object _walk at 0x14bedfcc92f0>
1288
<generator object _walk at 0x14bedfcc92f0>
1289
<generator object _walk at 0x14bedfcc92f0>
1290
<generator object _walk at 0x14bedfcc92f0>
1291
<generator object _walk at 0x14bedfcc92f0>
1292
<generator object _walk at 0x14bedfcc92f0>
1293
<generator object _walk at 0x14bedfcc92f0>
1294
<generator object _walk at 0x14bedfcc92f0>
1295
<generator object _walk at 0x14bedfcc92f0>
1296
<generator object _walk at 0x14bedfcc92f0>
1297
<generator object _walk at 0x14bedfcc92f0>
1298
<generator object _walk at 0x14bedfcc92f0>
1299
<generator object _walk at 0x14bedfcc92f0>
1300
<generator object _walk at 0x14bedfcc92f0>
1301
<generator object _walk at 0x14bedfcc92f0>
1302
<generator object _walk at 0x14bedfcc92f0>
1303
<generator object _walk at 0x14bedfcc92f0>
1304
<generator object _walk at 0x14bedfcc92f0>
1305
<generator object _walk at 0x14bedfcc92f0>
1306
<generator object _walk at 0x14bedfcc92f0>
1307
<generator object _walk at 0x14bedfcc92f0>
1308
<generator object _walk at 0x14bedfcc92f0>
1309
<generator object _walk at 0x14bedfcc92f0>
1310
<generator object _walk at 0x14bedfcc92f0>
1311
<generator object _walk at 0x14bedfcc92f0>
1312
<generator object _walk at 0x14bedfcc92f0>
1313
<generator object _walk at 0x14bedfcc92f0>
1314
<generator object _walk at 0x14bedfcc92f0>
1315
<generator object _walk at 0x14bedfcc92f0>
1316
<generator object _walk at 0x14bedfcc92f0>
1317
<generator object _walk at 0x14bedfcc92f0>
1318
<generator object _walk at 0x14bedfcc92f0>
1319
<generator object _walk at 0x14bedfcc92f0>
1320
<generator object _walk at 0x14bedfcc92f0>
1321
<generator object _walk at 0x14bedfcc92f0>
1322
<generator object _walk at 0x14bedfcc92f0>
1323
<generator object _walk at 0x14bedfcc92f0>
1324
<generator object _walk at 0x14bedfcc92f0>
1325
<generator object _walk at 0x14bedfcc92f0>
1326
<generator object _walk at 0x14bedfcc92f0>
1327
<generator object _walk at 0x14bedfcc92f0>
1328
<generator object _walk at 0x14bedfcc92f0>
1329
<generator object _walk at 0x14bedfcc92f0>
1330
<generator object _walk at 0x14bedfcc92f0>
1331
<generator object _walk at 0x14bedfcc92f0>
1332
<generator object _walk at 0x14bedfcc92f0>
1333
<generator object _walk at 0x14bedfcc92f0>
1334
<generator object _walk at 0x14bedfcc92f0>
1335
<generator object _walk at 0x14bedfcc92f0>
1336
<generator object _walk at 0x14bedfcc92f0>
1337
<generator object _walk at 0x14bedfcc92f0>
1338
<generator object _walk at 0x14bedfcc92f0>
1339
<generator object _walk at 0x14bedfcc92f0>
1340
<generator object _walk at 0x14bedfcc92f0>
1341
<generator object _walk at 0x14bedfcc92f0>
1342
<generator object _walk at 0x14bedfcc92f0>
1343
<generator object _walk at 0x14bedfcc92f0>
1344
<generator object _walk at 0x14bedfcc92f0>
1345
<generator object _walk at 0x14bedfcc92f0>
1346
<generator object _walk at 0x14bedfcc92f0>
1347
<generator object _walk at 0x14bedfcc92f0>
1348
<generator object _walk at 0x14bedfcc92f0>
1349
<generator object _walk at 0x14bedfcc92f0>
1350
<generator object _walk at 0x14bedfcc92f0>
1351
<generator object _walk at 0x14bedfcc92f0>
1352
<generator object _walk at 0x14bedfcc92f0>
1353
<generator object _walk at 0x14bedfcc92f0>
1354
<generator object _walk at 0x14bedfcc92f0>
1355
<generator object _walk at 0x14bedfcc92f0>
1356
<generator object _walk at 0x14bedfcc92f0>
1357
<generator object _walk at 0x14bedfcc92f0>
1358
<generator object _walk at 0x14bedfcc92f0>
1359
<generator object _walk at 0x14bedfcc92f0>
1360
<generator object _walk at 0x14bedfcc92f0>
1361
<generator object _walk at 0x14bedfcc92f0>
1362
<generator object _walk at 0x14bedfcc92f0>
1363
<generator object _walk at 0x14bedfcc92f0>
1364
<generator object _walk at 0x14bedfcc92f0>
1365
<generator object _walk at 0x14bedfcc92f0>
1366
<generator object _walk at 0x14bedfcc92f0>
1367
<generator object _walk at 0x14bedfcc92f0>
1368
<generator object _walk at 0x14bedfcc92f0>
1369
<generator object _walk at 0x14bedfcc92f0>
1370
<generator object _walk at 0x14bedfcc92f0>
1371
<generator object _walk at 0x14bedfcc92f0>
1372
<generator object _walk at 0x14bedfcc92f0>
1373
<generator object _walk at 0x14bedfcc92f0>
1374
<generator object _walk at 0x14bedfcc92f0>
1375
<generator object _walk at 0x14bedfcc92f0>
1376
<generator object _walk at 0x14bedfcc92f0>
1377
<generator object _walk at 0x14bedfcc92f0>
1378
<generator object _walk at 0x14bedfcc92f0>
1379
<generator object _walk at 0x14bedfcc92f0>
1380
<generator object _walk at 0x14bedfcc92f0>
1381
<generator object _walk at 0x14bedfcc92f0>
1382
<generator object _walk at 0x14bedfcc92f0>
1383
<generator object _walk at 0x14bedfcc92f0>
1384
<generator object _walk at 0x14bedfcc92f0>
1385
<generator object _walk at 0x14bedfcc92f0>
1386
<generator object _walk at 0x14bedfcc92f0>
1387
<generator object _walk at 0x14bedfcc92f0>
1388
<generator object _walk at 0x14bedfcc92f0>
1389
<generator object _walk at 0x14bedfcc92f0>
1390
<generator object _walk at 0x14bedfcc92f0>
1391
<generator object _walk at 0x14bedfcc92f0>
1392
<generator object _walk at 0x14bedfcc92f0>
1393
<generator object _walk at 0x14bedfcc92f0>
1394
<generator object _walk at 0x14bedfcc92f0>
1395
<generator object _walk at 0x14bedfcc92f0>
1396
<generator object _walk at 0x14bedfcc92f0>
1397
<generator object _walk at 0x14bedfcc92f0>
1398
<generator object _walk at 0x14bedfcc92f0>
1399
<generator object _walk at 0x14bedfcc92f0>
1400
<generator object _walk at 0x14bedfcc92f0>
1401
<generator object _walk at 0x14bedfcc92f0>
1402
<generator object _walk at 0x14bedfcc92f0>
1403
<generator object _walk at 0x14bedfcc92f0>
1404
<generator object _walk at 0x14bedfcc92f0>
1405
<generator object _walk at 0x14bedfcc92f0>
1406
<generator object _walk at 0x14bedfcc92f0>
1407
<generator object _walk at 0x14bedfcc92f0>
1408
<generator object _walk at 0x14bedfcc92f0>
1409
<generator object _walk at 0x14bedfcc92f0>
1410
<generator object _walk at 0x14bedfcc92f0>
1411
<generator object _walk at 0x14bedfcc92f0>
1412
<generator object _walk at 0x14bedfcc92f0>
1413
<generator object _walk at 0x14bedfcc92f0>
1414
<generator object _walk at 0x14bedfcc92f0>
1415
<generator object _walk at 0x14bedfcc92f0>
1416
<generator object _walk at 0x14bedfcc92f0>
1417
<generator object _walk at 0x14bedfcc92f0>
1418
<generator object _walk at 0x14bedfcc92f0>
1419
<generator object _walk at 0x14bedfcc92f0>
1420
<generator object _walk at 0x14bedfcc92f0>
1421
<generator object _walk at 0x14bedfcc92f0>
1422
<generator object _walk at 0x14bedfcc92f0>
1423
<generator object _walk at 0x14bedfcc92f0>
1424
<generator object _walk at 0x14bedfcc92f0>
1425
<generator object _walk at 0x14bedfcc92f0>
1426
<generator object _walk at 0x14bedfcc92f0>
1427
<generator object _walk at 0x14bedfcc92f0>
1428
<generator object _walk at 0x14bedfcc92f0>
1429
<generator object _walk at 0x14bedfcc92f0>
1430
<generator object _walk at 0x14bedfcc92f0>
1431
<generator object _walk at 0x14bedfcc92f0>
1432
<generator object _walk at 0x14bedfcc92f0>
1433
<generator object _walk at 0x14bedfcc92f0>
1434
<generator object _walk at 0x14bedfcc92f0>
1435
<generator object _walk at 0x14bedfcc92f0>
1436
<generator object _walk at 0x14bedfcc92f0>
1437
<generator object _walk at 0x14bedfcc92f0>
1438
<generator object _walk at 0x14bedfcc92f0>
1439
<generator object _walk at 0x14bedfcc92f0>
1440
<generator object _walk at 0x14bedfcc92f0>
1441
<generator object _walk at 0x14bedfcc92f0>
1442
<generator object _walk at 0x14bedfcc92f0>
1443
<generator object _walk at 0x14bedfcc92f0>
1444
<generator object _walk at 0x14bedfcc92f0>
1445
<generator object _walk at 0x14bedfcc92f0>
1446
<generator object _walk at 0x14bedfcc92f0>
1447
<generator object _walk at 0x14bedfcc92f0>
1448
<generator object _walk at 0x14bedfcc92f0>
1449
<generator object _walk at 0x14bedfcc92f0>
1450
<generator object _walk at 0x14bedfcc92f0>
1451
<generator object _walk at 0x14bedfcc92f0>
1452
<generator object _walk at 0x14bedfcc92f0>
1453
<generator object _walk at 0x14bedfcc92f0>
1454
<generator object _walk at 0x14bedfcc92f0>
1455
<generator object _walk at 0x14bedfcc92f0>
1456
<generator object _walk at 0x14bedfcc92f0>
1457
<generator object _walk at 0x14bedfcc92f0>
1458
<generator object _walk at 0x14bedfcc92f0>
1459
<generator object _walk at 0x14bedfcc92f0>
1460
<generator object _walk at 0x14bedfcc92f0>
1461
<generator object _walk at 0x14bedfcc92f0>
1462
<generator object _walk at 0x14bedfcc92f0>
1463
<generator object _walk at 0x14bedfcc92f0>
1464
<generator object _walk at 0x14bedfcc92f0>
1465
<generator object _walk at 0x14bedfcc92f0>
1466
<generator object _walk at 0x14bedfcc92f0>
1467
<generator object _walk at 0x14bedfcc92f0>
1468
<generator object _walk at 0x14bedfcc92f0>
1469
<generator object _walk at 0x14bedfcc92f0>
1470
<generator object _walk at 0x14bedfcc92f0>
1471
<generator object _walk at 0x14bedfcc92f0>
1472
<generator object _walk at 0x14bedfcc92f0>
1473
<generator object _walk at 0x14bedfcc92f0>
1474
<generator object _walk at 0x14bedfcc92f0>
1475
<generator object _walk at 0x14bedfcc92f0>
1476
<generator object _walk at 0x14bedfcc92f0>
1477
<generator object _walk at 0x14bedfcc92f0>
1478
<generator object _walk at 0x14bedfcc92f0>
1479
<generator object _walk at 0x14bedfcc92f0>
1480
<generator object _walk at 0x14bedfcc92f0>
1481
<generator object _walk at 0x14bedfcc92f0>
1482
<generator object _walk at 0x14bedfcc92f0>
1483
<generator object _walk at 0x14bedfcc92f0>
1484
<generator object _walk at 0x14bedfcc92f0>
1485
<generator object _walk at 0x14bedfcc92f0>
1486
<generator object _walk at 0x14bedfcc92f0>
1487
<generator object _walk at 0x14bedfcc92f0>
1488
<generator object _walk at 0x14bedfcc92f0>
1489
<generator object _walk at 0x14bedfcc92f0>
1490
<generator object _walk at 0x14bedfcc92f0>
1491
<generator object _walk at 0x14bedfcc92f0>
1492
<generator object _walk at 0x14bedfcc92f0>
1493
<generator object _walk at 0x14bedfcc92f0>
1494
<generator object _walk at 0x14bedfcc92f0>
1495
<generator object _walk at 0x14bedfcc92f0>
1496
<generator object _walk at 0x14bedfcc92f0>
1497
<generator object _walk at 0x14bedfcc92f0>
1498
<generator object _walk at 0x14bedfcc92f0>
1499
<generator object _walk at 0x14bedfcc92f0>
1500
<generator object _walk at 0x14bedfcc92f0>
1501
<generator object _walk at 0x14bedfcc92f0>
1502
<generator object _walk at 0x14bedfcc92f0>
1503
<generator object _walk at 0x14bedfcc92f0>
1504
<generator object _walk at 0x14bedfcc92f0>
1505
<generator object _walk at 0x14bedfcc92f0>
1506
<generator object _walk at 0x14bedfcc92f0>
1507
<generator object _walk at 0x14bedfcc92f0>
1508
<generator object _walk at 0x14bedfcc92f0>
1509
<generator object _walk at 0x14bedfcc92f0>
1510
<generator object _walk at 0x14bedfcc92f0>
1511
<generator object _walk at 0x14bedfcc92f0>
1512
<generator object _walk at 0x14bedfcc92f0>
1513
<generator object _walk at 0x14bedfcc92f0>
1514
<generator object _walk at 0x14bedfcc92f0>
1515
<generator object _walk at 0x14bedfcc92f0>
1516
<generator object _walk at 0x14bedfcc92f0>
1517
<generator object _walk at 0x14bedfcc92f0>
1518
<generator object _walk at 0x14bedfcc92f0>
1519
<generator object _walk at 0x14bedfcc92f0>
1520
<generator object _walk at 0x14bedfcc92f0>
1521
<generator object _walk at 0x14bedfcc92f0>
1522
<generator object _walk at 0x14bedfcc92f0>
1523
<generator object _walk at 0x14bedfcc92f0>
1524
<generator object _walk at 0x14bedfcc92f0>
1525
<generator object _walk at 0x14bedfcc92f0>
1526
<generator object _walk at 0x14bedfcc92f0>
1527
<generator object _walk at 0x14bedfcc92f0>
1528
<generator object _walk at 0x14bedfcc92f0>
1529
<generator object _walk at 0x14bedfcc92f0>
1530
<generator object _walk at 0x14bedfcc92f0>
1531
<generator object _walk at 0x14bedfcc92f0>
1532
<generator object _walk at 0x14bedfcc92f0>
1533
<generator object _walk at 0x14bedfcc92f0>
1534
<generator object _walk at 0x14bedfcc92f0>
1535
<generator object _walk at 0x14bedfcc92f0>
1536
<generator object _walk at 0x14bedfcc92f0>
1537
<generator object _walk at 0x14bedfcc92f0>
1538
<generator object _walk at 0x14bedfcc92f0>
1539
<generator object _walk at 0x14bedfcc92f0>
1540
<generator object _walk at 0x14bedfcc92f0>
1541
<generator object _walk at 0x14bedfcc92f0>
1542
<generator object _walk at 0x14bedfcc92f0>
1543
<generator object _walk at 0x14bedfcc92f0>
1544
<generator object _walk at 0x14bedfcc92f0>
1545
<generator object _walk at 0x14bedfcc92f0>
1546
<generator object _walk at 0x14bedfcc92f0>
1547
<generator object _walk at 0x14bedfcc92f0>
1548
<generator object _walk at 0x14bedfcc92f0>
1549
<generator object _walk at 0x14bedfcc92f0>
1550
<generator object _walk at 0x14bedfcc92f0>
1551
<generator object _walk at 0x14bedfcc92f0>
1552
<generator object _walk at 0x14bedfcc92f0>
1553
<generator object _walk at 0x14bedfcc92f0>
1554
<generator object _walk at 0x14bedfcc92f0>
1555
<generator object _walk at 0x14bedfcc92f0>
1556
<generator object _walk at 0x14bedfcc92f0>
1557
<generator object _walk at 0x14bedfcc92f0>
1558
<generator object _walk at 0x14bedfcc92f0>
1559
<generator object _walk at 0x14bedfcc92f0>
1560
<generator object _walk at 0x14bedfcc92f0>
1561
<generator object _walk at 0x14bedfcc92f0>
1562
<generator object _walk at 0x14bedfcc92f0>
1563
<generator object _walk at 0x14bedfcc92f0>
1564
<generator object _walk at 0x14bedfcc92f0>
1565
<generator object _walk at 0x14bedfcc92f0>
1566
<generator object _walk at 0x14bedfcc92f0>
1567
<generator object _walk at 0x14bedfcc92f0>
1568
<generator object _walk at 0x14bedfcc92f0>
1569
<generator object _walk at 0x14bedfcc92f0>
1570
<generator object _walk at 0x14bedfcc92f0>
1571
<generator object _walk at 0x14bedfcc92f0>
1572
<generator object _walk at 0x14bedfcc92f0>
1573
<generator object _walk at 0x14bedfcc92f0>
1574
<generator object _walk at 0x14bedfcc92f0>
1575
<generator object _walk at 0x14bedfcc92f0>
1576
<generator object _walk at 0x14bedfcc92f0>
1577
<generator object _walk at 0x14bedfcc92f0>
1578
<generator object _walk at 0x14bedfcc92f0>
1579
<generator object _walk at 0x14bedfcc92f0>
1580
<generator object _walk at 0x14bedfcc92f0>
1581
<generator object _walk at 0x14bedfcc92f0>
1582
<generator object _walk at 0x14bedfcc92f0>
1583
<generator object _walk at 0x14bedfcc92f0>
1584
<generator object _walk at 0x14bedfcc92f0>
1585
<generator object _walk at 0x14bedfcc92f0>
1586
<generator object _walk at 0x14bedfcc92f0>
1587
<generator object _walk at 0x14bedfcc92f0>
1588
<generator object _walk at 0x14bedfcc92f0>
1589
<generator object _walk at 0x14bedfcc92f0>
1590
<generator object _walk at 0x14bedfcc92f0>
1591
<generator object _walk at 0x14bedfcc92f0>
1592
<generator object _walk at 0x14bedfcc92f0>
1593
<generator object _walk at 0x14bedfcc92f0>
1594
<generator object _walk at 0x14bedfcc92f0>
1595
<generator object _walk at 0x14bedfcc92f0>
1596
<generator object _walk at 0x14bedfcc92f0>
1597
<generator object _walk at 0x14bedfcc92f0>
1598
<generator object _walk at 0x14bedfcc92f0>
1599
<generator object _walk at 0x14bedfcc92f0>
1600
<generator object _walk at 0x14bedfcc92f0>
1601
<generator object _walk at 0x14bedfcc92f0>
1602
<generator object _walk at 0x14bedfcc92f0>
1603
<generator object _walk at 0x14bedfcc92f0>
1604
<generator object _walk at 0x14bedfcc92f0>
1605
<generator object _walk at 0x14bedfcc92f0>
1606
<generator object _walk at 0x14bedfcc92f0>
1607
<generator object _walk at 0x14bedfcc92f0>
1608
<generator object _walk at 0x14bedfcc92f0>
1609
<generator object _walk at 0x14bedfcc92f0>
1610
<generator object _walk at 0x14bedfcc92f0>
1611
<generator object _walk at 0x14bedfcc92f0>
1612
<generator object _walk at 0x14bedfcc92f0>
1613
<generator object _walk at 0x14bedfcc92f0>
1614
<generator object _walk at 0x14bedfcc92f0>
1615
<generator object _walk at 0x14bedfcc92f0>
1616
<generator object _walk at 0x14bedfcc92f0>
1617
<generator object _walk at 0x14bedfcc92f0>
1618
<generator object _walk at 0x14bedfcc92f0>
1619
<generator object _walk at 0x14bedfcc92f0>
1620
<generator object _walk at 0x14bedfcc92f0>
1621
<generator object _walk at 0x14bedfcc92f0>
1622
<generator object _walk at 0x14bedfcc92f0>
1623
<generator object _walk at 0x14bedfcc92f0>
1624
<generator object _walk at 0x14bedfcc92f0>
1625
<generator object _walk at 0x14bedfcc92f0>
1626
<generator object _walk at 0x14bedfcc92f0>
1627
<generator object _walk at 0x14bedfcc92f0>
1628
<generator object _walk at 0x14bedfcc92f0>
1629
<generator object _walk at 0x14bedfcc92f0>
1630
<generator object _walk at 0x14bedfcc92f0>
1631
<generator object _walk at 0x14bedfcc92f0>
1632
<generator object _walk at 0x14bedfcc92f0>
1633
<generator object _walk at 0x14bedfcc92f0>
1634
<generator object _walk at 0x14bedfcc92f0>
1635
<generator object _walk at 0x14bedfcc92f0>
1636
<generator object _walk at 0x14bedfcc92f0>
1637
<generator object _walk at 0x14bedfcc92f0>
1638
<generator object _walk at 0x14bedfcc92f0>
1639
<generator object _walk at 0x14bedfcc92f0>
1640
<generator object _walk at 0x14bedfcc92f0>
1641
<generator object _walk at 0x14bedfcc92f0>
1642
<generator object _walk at 0x14bedfcc92f0>
1643
<generator object _walk at 0x14bedfcc92f0>
1644
<generator object _walk at 0x14bedfcc92f0>
1645
<generator object _walk at 0x14bedfcc92f0>
1646
<generator object _walk at 0x14bedfcc92f0>
1647
<generator object _walk at 0x14bedfcc92f0>
1648
<generator object _walk at 0x14bedfcc92f0>
1649
<generator object _walk at 0x14bedfcc92f0>
1650
<generator object _walk at 0x14bedfcc92f0>
1651
<generator object _walk at 0x14bedfcc92f0>
1652
<generator object _walk at 0x14bedfcc92f0>
1653
<generator object _walk at 0x14bedfcc92f0>
1654
<generator object _walk at 0x14bedfcc92f0>
1655
<generator object _walk at 0x14bedfcc92f0>
1656
<generator object _walk at 0x14bedfcc92f0>
1657
<generator object _walk at 0x14bedfcc92f0>
1658
<generator object _walk at 0x14bedfcc92f0>
1659
<generator object _walk at 0x14bedfcc92f0>
1660
<generator object _walk at 0x14bedfcc92f0>
1661
<generator object _walk at 0x14bedfcc92f0>
1662
<generator object _walk at 0x14bedfcc92f0>
1663
<generator object _walk at 0x14bedfcc92f0>
1664
<generator object _walk at 0x14bedfcc92f0>
1665
<generator object _walk at 0x14bedfcc92f0>
1666
<generator object _walk at 0x14bedfcc92f0>
1667
<generator object _walk at 0x14bedfcc92f0>
1668
<generator object _walk at 0x14bedfcc92f0>
1669
<generator object _walk at 0x14bedfcc92f0>
1670
<generator object _walk at 0x14bedfcc92f0>
1671
<generator object _walk at 0x14bedfcc92f0>
1672
<generator object _walk at 0x14bedfcc92f0>
1673
<generator object _walk at 0x14bedfcc92f0>
1674
<generator object _walk at 0x14bedfcc92f0>
1675
<generator object _walk at 0x14bedfcc92f0>
1676
<generator object _walk at 0x14bedfcc92f0>
1677
<generator object _walk at 0x14bedfcc92f0>
1678
<generator object _walk at 0x14bedfcc92f0>
1679
<generator object _walk at 0x14bedfcc92f0>
1680
<generator object _walk at 0x14bedfcc92f0>
1681
<generator object _walk at 0x14bedfcc92f0>
1682
<generator object _walk at 0x14bedfcc92f0>
1683
<generator object _walk at 0x14bedfcc92f0>
1684
<generator object _walk at 0x14bedfcc92f0>
1685
<generator object _walk at 0x14bedfcc92f0>
1686
<generator object _walk at 0x14bedfcc92f0>
1687
<generator object _walk at 0x14bedfcc92f0>
1688
<generator object _walk at 0x14bedfcc92f0>
1689
<generator object _walk at 0x14bedfcc92f0>
1690
<generator object _walk at 0x14bedfcc92f0>
1691
<generator object _walk at 0x14bedfcc92f0>
1692
<generator object _walk at 0x14bedfcc92f0>
1693
<generator object _walk at 0x14bedfcc92f0>
1694
<generator object _walk at 0x14bedfcc92f0>
1695
<generator object _walk at 0x14bedfcc92f0>
1696
<generator object _walk at 0x14bedfcc92f0>
1697
<generator object _walk at 0x14bedfcc92f0>
1698
<generator object _walk at 0x14bedfcc92f0>
1699
<generator object _walk at 0x14bedfcc92f0>
1700
<generator object _walk at 0x14bedfcc92f0>
1701
<generator object _walk at 0x14bedfcc92f0>
1702
<generator object _walk at 0x14bedfcc92f0>
1703
<generator object _walk at 0x14bedfcc92f0>
1704
<generator object _walk at 0x14bedfcc92f0>
1705
<generator object _walk at 0x14bedfcc92f0>
1706
<generator object _walk at 0x14bedfcc92f0>
1707
<generator object _walk at 0x14bedfcc92f0>
1708
<generator object _walk at 0x14bedfcc92f0>
1709
<generator object _walk at 0x14bedfcc92f0>
1710
<generator object _walk at 0x14bedfcc92f0>
1711
<generator object _walk at 0x14bedfcc92f0>
1712
<generator object _walk at 0x14bedfcc92f0>
1713
<generator object _walk at 0x14bedfcc92f0>
1714
<generator object _walk at 0x14bedfcc92f0>
1715
<generator object _walk at 0x14bedfcc92f0>
1716
<generator object _walk at 0x14bedfcc92f0>
1717
<generator object _walk at 0x14bedfcc92f0>
1718
<generator object _walk at 0x14bedfcc92f0>
1719
<generator object _walk at 0x14bedfcc92f0>
1720
<generator object _walk at 0x14bedfcc92f0>
1721
<generator object _walk at 0x14bedfcc92f0>
1722
<generator object _walk at 0x14bedfcc92f0>
1723
<generator object _walk at 0x14bedfcc92f0>
1724
<generator object _walk at 0x14bedfcc92f0>
1725
<generator object _walk at 0x14bedfcc92f0>
1726
<generator object _walk at 0x14bedfcc92f0>
1727
<generator object _walk at 0x14bedfcc92f0>
1728
<generator object _walk at 0x14bedfcc92f0>
1729
<generator object _walk at 0x14bedfcc92f0>
1730
<generator object _walk at 0x14bedfcc92f0>
1731
<generator object _walk at 0x14bedfcc92f0>
1732
<generator object _walk at 0x14bedfcc92f0>
1733
<generator object _walk at 0x14bedfcc92f0>
1734
<generator object _walk at 0x14bedfcc92f0>
1735
<generator object _walk at 0x14bedfcc92f0>
1736
<generator object _walk at 0x14bedfcc92f0>
1737
<generator object _walk at 0x14bedfcc92f0>
1738
<generator object _walk at 0x14bedfcc92f0>
1739
<generator object _walk at 0x14bedfcc92f0>
1740
<generator object _walk at 0x14bedfcc92f0>
1741
<generator object _walk at 0x14bedfcc92f0>
1742
<generator object _walk at 0x14bedfcc92f0>
1743
<generator object _walk at 0x14bedfcc92f0>
1744
<generator object _walk at 0x14bedfcc92f0>
1745
<generator object _walk at 0x14bedfcc92f0>
1746
<generator object _walk at 0x14bedfcc92f0>
1747
<generator object _walk at 0x14bedfcc92f0>
1748
<generator object _walk at 0x14bedfcc92f0>
1749
<generator object _walk at 0x14bedfcc92f0>
1750
<generator object _walk at 0x14bedfcc92f0>
1751
<generator object _walk at 0x14bedfcc92f0>
1752
<generator object _walk at 0x14bedfcc92f0>
1753
<generator object _walk at 0x14bedfcc92f0>
1754
<generator object _walk at 0x14bedfcc92f0>
1755
<generator object _walk at 0x14bedfcc92f0>
1756
<generator object _walk at 0x14bedfcc92f0>
1757
<generator object _walk at 0x14bedfcc92f0>
1758
<generator object _walk at 0x14bedfcc92f0>
1759
<generator object _walk at 0x14bedfcc92f0>
1760
<generator object _walk at 0x14bedfcc92f0>
1761
<generator object _walk at 0x14bedfcc92f0>
1762
<generator object _walk at 0x14bedfcc92f0>
1763
<generator object _walk at 0x14bedfcc92f0>
1764
<generator object _walk at 0x14bedfcc92f0>
1765
<generator object _walk at 0x14bedfcc92f0>
1766
<generator object _walk at 0x14bedfcc92f0>
1767
<generator object _walk at 0x14bedfcc92f0>
1768
<generator object _walk at 0x14bedfcc92f0>
1769
<generator object _walk at 0x14bedfcc92f0>
1770
<generator object _walk at 0x14bedfcc92f0>
1771
<generator object _walk at 0x14bedfcc92f0>
1772
<generator object _walk at 0x14bedfcc92f0>
1773
<generator object _walk at 0x14bedfcc92f0>
1774
<generator object _walk at 0x14bedfcc92f0>
1775
<generator object _walk at 0x14bedfcc92f0>
1776
<generator object _walk at 0x14bedfcc92f0>
1777
<generator object _walk at 0x14bedfcc92f0>
1778
<generator object _walk at 0x14bedfcc92f0>
1779
<generator object _walk at 0x14bedfcc92f0>
1780
<generator object _walk at 0x14bedfcc92f0>
1781
<generator object _walk at 0x14bedfcc92f0>
1782
<generator object _walk at 0x14bedfcc92f0>
1783
<generator object _walk at 0x14bedfcc92f0>
1784
<generator object _walk at 0x14bedfcc92f0>
1785
<generator object _walk at 0x14bedfcc92f0>
1786
<generator object _walk at 0x14bedfcc92f0>
1787
<generator object _walk at 0x14bedfcc92f0>
1788
<generator object _walk at 0x14bedfcc92f0>
1789
<generator object _walk at 0x14bedfcc92f0>
1790
<generator object _walk at 0x14bedfcc92f0>
1791
<generator object _walk at 0x14bedfcc92f0>
1792
<generator object _walk at 0x14bedfcc92f0>
1793
<generator object _walk at 0x14bedfcc92f0>
1794
<generator object _walk at 0x14bedfcc92f0>
1795
<generator object _walk at 0x14bedfcc92f0>
1796
<generator object _walk at 0x14bedfcc92f0>
1797
<generator object _walk at 0x14bedfcc92f0>
1798
<generator object _walk at 0x14bedfcc92f0>
1799
<generator object _walk at 0x14bedfcc92f0>
1800
<generator object _walk at 0x14bedfcc92f0>
1801
<generator object _walk at 0x14bedfcc92f0>
1802
<generator object _walk at 0x14bedfcc92f0>
1803
<generator object _walk at 0x14bedfcc92f0>
1804
<generator object _walk at 0x14bedfcc92f0>
1805
<generator object _walk at 0x14bedfcc92f0>
1806
<generator object _walk at 0x14bedfcc92f0>
1807
<generator object _walk at 0x14bedfcc92f0>
1808
<generator object _walk at 0x14bedfcc92f0>
1809
<generator object _walk at 0x14bedfcc92f0>
1810
<generator object _walk at 0x14bedfcc92f0>
1811
<generator object _walk at 0x14bedfcc92f0>
1812
<generator object _walk at 0x14bedfcc92f0>
1813
<generator object _walk at 0x14bedfcc92f0>
1814
<generator object _walk at 0x14bedfcc92f0>
1815
<generator object _walk at 0x14bedfcc92f0>
1816
<generator object _walk at 0x14bedfcc92f0>
1817
<generator object _walk at 0x14bedfcc92f0>
1818
<generator object _walk at 0x14bedfcc92f0>
1819
<generator object _walk at 0x14bedfcc92f0>
1820
<generator object _walk at 0x14bedfcc92f0>
1821
<generator object _walk at 0x14bedfcc92f0>
1822
<generator object _walk at 0x14bedfcc92f0>
1823
<generator object _walk at 0x14bedfcc92f0>
1824
<generator object _walk at 0x14bedfcc92f0>
1825
<generator object _walk at 0x14bedfcc92f0>
1826
<generator object _walk at 0x14bedfcc92f0>
1827
<generator object _walk at 0x14bedfcc92f0>
1828
<generator object _walk at 0x14bedfcc92f0>
1829
<generator object _walk at 0x14bedfcc92f0>
1830
<generator object _walk at 0x14bedfcc92f0>
1831
<generator object _walk at 0x14bedfcc92f0>
1832
<generator object _walk at 0x14bedfcc92f0>
1833
<generator object _walk at 0x14bedfcc92f0>
1834
<generator object _walk at 0x14bedfcc92f0>
1835
<generator object _walk at 0x14bedfcc92f0>
1836
<generator object _walk at 0x14bedfcc92f0>
1837
<generator object _walk at 0x14bedfcc92f0>
1838
<generator object _walk at 0x14bedfcc92f0>
1839
<generator object _walk at 0x14bedfcc92f0>
1840
<generator object _walk at 0x14bedfcc92f0>
1841
<generator object _walk at 0x14bedfcc92f0>
1842
<generator object _walk at 0x14bedfcc92f0>
1843
<generator object _walk at 0x14bedfcc92f0>
1844
<generator object _walk at 0x14bedfcc92f0>
1845
<generator object _walk at 0x14bedfcc92f0>
1846
<generator object _walk at 0x14bedfcc92f0>
1847
<generator object _walk at 0x14bedfcc92f0>
1848
<generator object _walk at 0x14bedfcc92f0>
1849
<generator object _walk at 0x14bedfcc92f0>
1850
<generator object _walk at 0x14bedfcc92f0>
1851
<generator object _walk at 0x14bedfcc92f0>
1852
<generator object _walk at 0x14bedfcc92f0>
1853
<generator object _walk at 0x14bedfcc92f0>
1854
<generator object _walk at 0x14bedfcc92f0>
1855
<generator object _walk at 0x14bedfcc92f0>
1856
<generator object _walk at 0x14bedfcc92f0>
1857
<generator object _walk at 0x14bedfcc92f0>
1858
<generator object _walk at 0x14bedfcc92f0>
1859
<generator object _walk at 0x14bedfcc92f0>
1860
<generator object _walk at 0x14bedfcc92f0>
1861
<generator object _walk at 0x14bedfcc92f0>
1862
<generator object _walk at 0x14bedfcc92f0>
1863
<generator object _walk at 0x14bedfcc92f0>
1864
<generator object _walk at 0x14bedfcc92f0>
1865
<generator object _walk at 0x14bedfcc92f0>
1866
<generator object _walk at 0x14bedfcc92f0>
1867
<generator object _walk at 0x14bedfcc92f0>
1868
<generator object _walk at 0x14bedfcc92f0>
1869
<generator object _walk at 0x14bedfcc92f0>
1870
<generator object _walk at 0x14bedfcc92f0>
1871
<generator object _walk at 0x14bedfcc92f0>
1872
<generator object _walk at 0x14bedfcc92f0>
1873
<generator object _walk at 0x14bedfcc92f0>
1874
<generator object _walk at 0x14bedfcc92f0>
1875
<generator object _walk at 0x14bedfcc92f0>
1876
<generator object _walk at 0x14bedfcc92f0>
1877
<generator object _walk at 0x14bedfcc92f0>
1878
<generator object _walk at 0x14bedfcc92f0>
1879
<generator object _walk at 0x14bedfcc92f0>
1880
<generator object _walk at 0x14bedfcc92f0>
1881
<generator object _walk at 0x14bedfcc92f0>
1882
<generator object _walk at 0x14bedfcc92f0>
1883
<generator object _walk at 0x14bedfcc92f0>
1884
<generator object _walk at 0x14bedfcc92f0>
1885
<generator object _walk at 0x14bedfcc92f0>
1886
<generator object _walk at 0x14bedfcc92f0>
1887
<generator object _walk at 0x14bedfcc92f0>
1888
<generator object _walk at 0x14bedfcc92f0>
1889
<generator object _walk at 0x14bedfcc92f0>
1890
<generator object _walk at 0x14bedfcc92f0>
1891
<generator object _walk at 0x14bedfcc92f0>
1892
<generator object _walk at 0x14bedfcc92f0>
1893
<generator object _walk at 0x14bedfcc92f0>
1894
<generator object _walk at 0x14bedfcc92f0>
1895
<generator object _walk at 0x14bedfcc92f0>
1896
<generator object _walk at 0x14bedfcc92f0>
1897
<generator object _walk at 0x14bedfcc92f0>
1898
<generator object _walk at 0x14bedfcc92f0>
1899
<generator object _walk at 0x14bedfcc92f0>
1900
<generator object _walk at 0x14bedfcc92f0>
1901
<generator object _walk at 0x14bedfcc92f0>
1902
<generator object _walk at 0x14bedfcc92f0>
1903
<generator object _walk at 0x14bedfcc92f0>
1904
<generator object _walk at 0x14bedfcc92f0>
1905
<generator object _walk at 0x14bedfcc92f0>
1906
<generator object _walk at 0x14bedfcc92f0>
1907
<generator object _walk at 0x14bedfcc92f0>
1908
<generator object _walk at 0x14bedfcc92f0>
1909
<generator object _walk at 0x14bedfcc92f0>
1910
<generator object _walk at 0x14bedfcc92f0>
1911
<generator object _walk at 0x14bedfcc92f0>
1912
<generator object _walk at 0x14bedfcc92f0>
1913
<generator object _walk at 0x14bedfcc92f0>
1914
<generator object _walk at 0x14bedfcc92f0>
1915
<generator object _walk at 0x14bedfcc92f0>
1916
<generator object _walk at 0x14bedfcc92f0>
1917
<generator object _walk at 0x14bedfcc92f0>
1918
<generator object _walk at 0x14bedfcc92f0>
1919
<generator object _walk at 0x14bedfcc92f0>
1920
<generator object _walk at 0x14bedfcc92f0>
1921
<generator object _walk at 0x14bedfcc92f0>
1922
<generator object _walk at 0x14bedfcc92f0>
1923
<generator object _walk at 0x14bedfcc92f0>
1924
<generator object _walk at 0x14bedfcc92f0>
1925
<generator object _walk at 0x14bedfcc92f0>
1926
<generator object _walk at 0x14bedfcc92f0>
1927
<generator object _walk at 0x14bedfcc92f0>
1928
<generator object _walk at 0x14bedfcc92f0>
1929
<generator object _walk at 0x14bedfcc92f0>
1930
<generator object _walk at 0x14bedfcc92f0>
1931
<generator object _walk at 0x14bedfcc92f0>
1932
<generator object _walk at 0x14bedfcc92f0>
1933
<generator object _walk at 0x14bedfcc92f0>
1934
<generator object _walk at 0x14bedfcc92f0>
1935
<generator object _walk at 0x14bedfcc92f0>
1936
<generator object _walk at 0x14bedfcc92f0>
1937
<generator object _walk at 0x14bedfcc92f0>
1938
<generator object _walk at 0x14bedfcc92f0>
1939
<generator object _walk at 0x14bedfcc92f0>
1940
<generator object _walk at 0x14bedfcc92f0>
1941
<generator object _walk at 0x14bedfcc92f0>
1942
<generator object _walk at 0x14bedfcc92f0>
1943
<generator object _walk at 0x14bedfcc92f0>
1944
<generator object _walk at 0x14bedfcc92f0>
1945
<generator object _walk at 0x14bedfcc92f0>
1946
<generator object _walk at 0x14bedfcc92f0>
1947
<generator object _walk at 0x14bedfcc92f0>
1948
<generator object _walk at 0x14bedfcc92f0>
1949
<generator object _walk at 0x14bedfcc92f0>
1950
<generator object _walk at 0x14bedfcc92f0>
1951
<generator object _walk at 0x14bedfcc92f0>
1952
<generator object _walk at 0x14bedfcc92f0>
1953
<generator object _walk at 0x14bedfcc92f0>
1954
<generator object _walk at 0x14bedfcc92f0>
1955
<generator object _walk at 0x14bedfcc92f0>
1956
<generator object _walk at 0x14bedfcc92f0>
1957
<generator object _walk at 0x14bedfcc92f0>
1958
<generator object _walk at 0x14bedfcc92f0>
1959
<generator object _walk at 0x14bedfcc92f0>
1960
<generator object _walk at 0x14bedfcc92f0>
1961
<generator object _walk at 0x14bedfcc92f0>
1962
<generator object _walk at 0x14bedfcc92f0>
1963
<generator object _walk at 0x14bedfcc92f0>
1964
<generator object _walk at 0x14bedfcc92f0>
1965
<generator object _walk at 0x14bedfcc92f0>
1966
<generator object _walk at 0x14bedfcc92f0>
1967
<generator object _walk at 0x14bedfcc92f0>
1968
<generator object _walk at 0x14bedfcc92f0>
1969
<generator object _walk at 0x14bedfcc92f0>
1970
<generator object _walk at 0x14bedfcc92f0>
1971
<generator object _walk at 0x14bedfcc92f0>
1972
<generator object _walk at 0x14bedfcc92f0>
1973
<generator object _walk at 0x14bedfcc92f0>
1974
<generator object _walk at 0x14bedfcc92f0>
1975
<generator object _walk at 0x14bedfcc92f0>
1976
<generator object _walk at 0x14bedfcc92f0>
1977
<generator object _walk at 0x14bedfcc92f0>
1978
<generator object _walk at 0x14bedfcc92f0>
1979
<generator object _walk at 0x14bedfcc92f0>
1980
<generator object _walk at 0x14bedfcc92f0>
1981
<generator object _walk at 0x14bedfcc92f0>
1982
<generator object _walk at 0x14bedfcc92f0>
1983
<generator object _walk at 0x14bedfcc92f0>
1984
<generator object _walk at 0x14bedfcc92f0>
1985
<generator object _walk at 0x14bedfcc92f0>
1986
<generator object _walk at 0x14bedfcc92f0>
1987
<generator object _walk at 0x14bedfcc92f0>
1988
<generator object _walk at 0x14bedfcc92f0>
1989
<generator object _walk at 0x14bedfcc92f0>
1990
<generator object _walk at 0x14bedfcc92f0>
1991
<generator object _walk at 0x14bedfcc92f0>
1992
<generator object _walk at 0x14bedfcc92f0>
1993
<generator object _walk at 0x14bedfcc92f0>
1994
<generator object _walk at 0x14bedfcc92f0>
1995
<generator object _walk at 0x14bedfcc92f0>
1996
<generator object _walk at 0x14bedfcc92f0>
1997
<generator object _walk at 0x14bedfcc92f0>
1998
<generator object _walk at 0x14bedfcc92f0>
1999
<generator object _walk at 0x14bedfcc92f0>
DONE
