Wed Jul 2 20:29:42 EDT 2025
MODULES LOADED
0
Python,20,256,neumann,20,20,75p
Python,2000,256,neumann,2000,2000,25p not recorded; dt_out too large.
Python,20,128,periodic,20,20,25p
Python,2000,256,periodic,2000,2000,50p not recorded; dt_out too large.
Python,20,256,periodic,20,20,25p
Python,20,512,neumann,20,20,50p
Python,2000,512,periodic,2000,2000,25p not recorded; dt_out too large.
Python,2000,64,periodic,2000,2000,75p not recorded; dt_out too large.
Python,2000,256,periodic,2000,2000,25p not recorded; dt_out too large.
Python,2000,256,neumann,2000,2000,75p not recorded; dt_out too large.
Python,2000,128,periodic,2000,2000,75p not recorded; dt_out too large.
Python,20,128,neumann,1,1,25p
Python,2000,256,periodic,2000,2000,75p not recorded; dt_out too large.
Python,20,256,neumann,20,20,50p
Python,2000,128,neumann,2000,2000,25p not recorded; dt_out too large.
Python,20,64,periodic,1,1,75p
Python,20,256,periodic,1,1,50p
Python,20,128,neumann,1,1,75p
Python,20,64,neumann,1,1,50p
Python,20,256,neumann,1,1,50p
Python,20,512,neumann,1,1,25p
Python,2000,128,neumann,2000,2000,50p not recorded; dt_out too large.
Python,2000,512,periodic,2000,2000,50p not recorded; dt_out too large.
Python,20,256,neumann,1,1,75p
Python,20,128,neumann,20,20,50p
Python,20,128,periodic,1,1,50p
Python,20,256,neumann,1,1,25p
Python,20,64,neumann,1,1,75p
Python,20,256,periodic,1,1,25p
Python,20,64,periodic,20,20,25p
Python,20,512,periodic,1,1,50p
Python,2000,512,neumann,2000,2000,50p not recorded; dt_out too large.
Python,2000,512,neumann,2000,2000,75p not recorded; dt_out too large.
Python,20,512,periodic,20,20,25p
Python,20,64,neumann,20,20,50p
Python,20,128,neumann,20,20,75p
Python,20,64,neumann,1,1,25p
Python,2000,64,neumann,2000,2000,25p not recorded; dt_out too large.
Python,20,512,periodic,1,1,25p
Python,2000,128,periodic,2000,2000,25p not recorded; dt_out too large.
Python,20,512,periodic,20,20,50p
Python,2000,512,periodic,2000,2000,75p not recorded; dt_out too large.
Python,20,128,periodic,1,1,75p
Python,20,512,periodic,1,1,75p
Python,20,128,neumann,1,1,50p
Python,2000,64,periodic,2000,2000,25p not recorded; dt_out too large.
Python,20,128,periodic,20,20,75p
Python,2000,64,neumann,2000,2000,50p not recorded; dt_out too large.
Python,2000,128,periodic,2000,2000,50p not recorded; dt_out too large.
Python,20,256,periodic,20,20,75p
Python,20,512,neumann,1,1,75p
Python,20,64,neumann,20,20,25p
Python,20,64,neumann,20,20,75p
Python,2000,64,periodic,2000,2000,50p not recorded; dt_out too large.
Python,20,512,periodic,20,20,75p
Python,20,512,neumann,20,20,25p
Python,20,512,neumann,1,1,50p
Python,20,64,periodic,1,1,25p
Python,2000,128,neumann,2000,2000,75p not recorded; dt_out too large.
Python,20,128,periodic,20,20,50p
Python,20,256,periodic,20,20,50p
Python,2000,256,neumann,2000,2000,50p not recorded; dt_out too large.
Python,20,64,periodic,20,20,50p
Python,2000,512,neumann,2000,2000,25p not recorded; dt_out too large.
Python,20,512,neumann,20,20,75p
Python,20,256,neumann,20,20,25p
Python,2000,64,neumann,2000,2000,75p not recorded; dt_out too large.
Python,20,128,neumann,20,20,25p
Python,20,64,periodic,20,20,75p
Python,20,256,periodic,1,1,75p
Python,20,64,periodic,1,1,50p
Python,20,128,periodic,1,1,25p
1
Python,20,256,neumann,20,20,75p
Python,2000,256,neumann,2000,2000,25p not recorded; dt_out too large.
Python,20,128,periodic,20,20,25p
Python,2000,256,periodic,2000,2000,50p not recorded; dt_out too large.
Python,20,256,periodic,20,20,25p
Python,20,512,neumann,20,20,50p
Python,2000,512,periodic,2000,2000,25p not recorded; dt_out too large.
Python,2000,64,periodic,2000,2000,75p not recorded; dt_out too large.
Python,2000,256,periodic,2000,2000,25p not recorded; dt_out too large.
Python,2000,256,neumann,2000,2000,75p not recorded; dt_out too large.
Python,2000,128,periodic,2000,2000,75p not recorded; dt_out too large.
Python,20,128,neumann,1,1,25p
Python,2000,256,periodic,2000,2000,75p not recorded; dt_out too large.
Python,20,256,neumann,20,20,50p
Python,2000,128,neumann,2000,2000,25p not recorded; dt_out too large.
Python,20,64,periodic,1,1,75p
Python,20,256,periodic,1,1,50p
Python,20,128,neumann,1,1,75p
Python,20,64,neumann,1,1,50p
Python,20,256,neumann,1,1,50p
Python,20,512,neumann,1,1,25p
Python,2000,128,neumann,2000,2000,50p not recorded; dt_out too large.
Python,2000,512,periodic,2000,2000,50p not recorded; dt_out too large.
Python,20,256,neumann,1,1,75p
Python,20,128,neumann,20,20,50p
Python,20,128,periodic,1,1,50p
Python,20,256,neumann,1,1,25p
Python,20,64,neumann,1,1,75p
Python,20,256,periodic,1,1,25p
Python,20,64,periodic,20,20,25p
Python,20,512,periodic,1,1,50p
Python,2000,512,neumann,2000,2000,50p not recorded; dt_out too large.
Python,2000,512,neumann,2000,2000,75p not recorded; dt_out too large.
Python,20,512,periodic,20,20,25p
Python,20,64,neumann,20,20,50p
Python,20,128,neumann,20,20,75p
Python,20,64,neumann,1,1,25p
Python,2000,64,neumann,2000,2000,25p not recorded; dt_out too large.
Python,20,512,periodic,1,1,25p
Python,2000,128,periodic,2000,2000,25p not recorded; dt_out too large.
Python,20,512,periodic,20,20,50p
Python,2000,512,periodic,2000,2000,75p not recorded; dt_out too large.
Python,20,128,periodic,1,1,75p
Python,20,512,periodic,1,1,75p
Python,20,128,neumann,1,1,50p
Python,2000,64,periodic,2000,2000,25p not recorded; dt_out too large.
Python,20,128,periodic,20,20,75p
Python,2000,64,neumann,2000,2000,50p not recorded; dt_out too large.
Python,2000,128,periodic,2000,2000,50p not recorded; dt_out too large.
Python,20,256,periodic,20,20,75p
Python,20,512,neumann,1,1,75p
Python,20,64,neumann,20,20,25p
Python,20,64,neumann,20,20,75p
Python,2000,64,periodic,2000,2000,50p not recorded; dt_out too large.
Python,20,512,periodic,20,20,75p
Python,20,512,neumann,20,20,25p
Python,20,512,neumann,1,1,50p
Python,20,64,periodic,1,1,25p
Python,2000,128,neumann,2000,2000,75p not recorded; dt_out too large.
Python,20,128,periodic,20,20,50p
Python,20,256,periodic,20,20,50p
Python,2000,256,neumann,2000,2000,50p not recorded; dt_out too large.
Python,20,64,periodic,20,20,50p
Python,2000,512,neumann,2000,2000,25p not recorded; dt_out too large.
Python,20,512,neumann,20,20,75p
Python,20,256,neumann,20,20,25p
Python,2000,64,neumann,2000,2000,75p not recorded; dt_out too large.
Python,20,128,neumann,20,20,25p
Python,20,64,periodic,20,20,75p
Python,20,256,periodic,1,1,75p
Python,20,64,periodic,1,1,50p
Python,20,128,periodic,1,1,25p
2
Python,20,256,neumann,20,20,75p
Python,2000,256,neumann,2000,2000,25p not recorded; dt_out too large.
Python,20,128,periodic,20,20,25p
Python,2000,256,periodic,2000,2000,50p not recorded; dt_out too large.
Python,20,256,periodic,20,20,25p
Python,20,512,neumann,20,20,50p
Python,2000,512,periodic,2000,2000,25p not recorded; dt_out too large.
Python,2000,64,periodic,2000,2000,75p not recorded; dt_out too large.
Python,2000,256,periodic,2000,2000,25p not recorded; dt_out too large.
Python,2000,256,neumann,2000,2000,75p not recorded; dt_out too large.
Python,2000,128,periodic,2000,2000,75p not recorded; dt_out too large.
Python,20,128,neumann,1,1,25p
Python,2000,256,periodic,2000,2000,75p not recorded; dt_out too large.
Python,20,256,neumann,20,20,50p
Python,2000,128,neumann,2000,2000,25p not recorded; dt_out too large.
Python,20,64,periodic,1,1,75p
Python,20,256,periodic,1,1,50p
Python,20,128,neumann,1,1,75p
Python,20,64,neumann,1,1,50p
Python,20,256,neumann,1,1,50p
Python,20,512,neumann,1,1,25p
Python,2000,128,neumann,2000,2000,50p not recorded; dt_out too large.
Python,2000,512,periodic,2000,2000,50p not recorded; dt_out too large.
Python,20,256,neumann,1,1,75p
Python,20,128,neumann,20,20,50p
Python,20,128,periodic,1,1,50p
Python,20,256,neumann,1,1,25p
Python,20,64,neumann,1,1,75p
Python,20,256,periodic,1,1,25p
Python,20,64,periodic,20,20,25p
Python,20,512,periodic,1,1,50p
Python,2000,512,neumann,2000,2000,50p not recorded; dt_out too large.
Python,2000,512,neumann,2000,2000,75p not recorded; dt_out too large.
Python,20,512,periodic,20,20,25p
Python,20,64,neumann,20,20,50p
Python,20,128,neumann,20,20,75p
Python,20,64,neumann,1,1,25p
Python,2000,64,neumann,2000,2000,25p not recorded; dt_out too large.
Python,20,512,periodic,1,1,25p
Python,2000,128,periodic,2000,2000,25p not recorded; dt_out too large.
Python,20,512,periodic,20,20,50p
Python,2000,512,periodic,2000,2000,75p not recorded; dt_out too large.
Python,20,128,periodic,1,1,75p
Python,20,512,periodic,1,1,75p
Python,20,128,neumann,1,1,50p
Python,2000,64,periodic,2000,2000,25p not recorded; dt_out too large.
Python,20,128,periodic,20,20,75p
Python,2000,64,neumann,2000,2000,50p not recorded; dt_out too large.
Python,2000,128,periodic,2000,2000,50p not recorded; dt_out too large.
Python,20,256,periodic,20,20,75p
Python,20,512,neumann,1,1,75p
Python,20,64,neumann,20,20,25p
Python,20,64,neumann,20,20,75p
Python,2000,64,periodic,2000,2000,50p not recorded; dt_out too large.
Python,20,512,periodic,20,20,75p
Python,20,512,neumann,20,20,25p
Python,20,512,neumann,1,1,50p
Python,20,64,periodic,1,1,25p
Python,2000,128,neumann,2000,2000,75p not recorded; dt_out too large.
Python,20,128,periodic,20,20,50p
Python,20,256,periodic,20,20,50p
Python,2000,256,neumann,2000,2000,50p not recorded; dt_out too large.
Python,20,64,periodic,20,20,50p
Python,2000,512,neumann,2000,2000,25p not recorded; dt_out too large.
Python,20,512,neumann,20,20,75p
Python,20,256,neumann,20,20,25p
Python,2000,64,neumann,2000,2000,75p not recorded; dt_out too large.
Python,20,128,neumann,20,20,25p
Python,20,64,periodic,20,20,75p
Python,20,256,periodic,1,1,75p
Python,20,64,periodic,1,1,50p
Python,20,128,periodic,1,1,25p
3
Python,20,256,neumann,20,20,75p
Python,2000,256,neumann,2000,2000,25p not recorded; dt_out too large.
Python,20,128,periodic,20,20,25p
Python,2000,256,periodic,2000,2000,50p not recorded; dt_out too large.
Python,20,256,periodic,20,20,25p
Python,20,512,neumann,20,20,50p
Python,2000,512,periodic,2000,2000,25p not recorded; dt_out too large.
Python,2000,64,periodic,2000,2000,75p not recorded; dt_out too large.
Python,2000,256,periodic,2000,2000,25p not recorded; dt_out too large.
Python,2000,256,neumann,2000,2000,75p not recorded; dt_out too large.
Python,2000,128,periodic,2000,2000,75p not recorded; dt_out too large.
Python,20,128,neumann,1,1,25p
Python,2000,256,periodic,2000,2000,75p not recorded; dt_out too large.
Python,20,256,neumann,20,20,50p
Python,2000,128,neumann,2000,2000,25p not recorded; dt_out too large.
Python,20,64,periodic,1,1,75p
Python,20,256,periodic,1,1,50p
Python,20,128,neumann,1,1,75p
Python,20,64,neumann,1,1,50p
Python,20,256,neumann,1,1,50p
Python,20,512,neumann,1,1,25p
Python,2000,128,neumann,2000,2000,50p not recorded; dt_out too large.
Python,2000,512,periodic,2000,2000,50p not recorded; dt_out too large.
Python,20,256,neumann,1,1,75p
Python,20,128,neumann,20,20,50p
Python,20,128,periodic,1,1,50p
Python,20,256,neumann,1,1,25p
Python,20,64,neumann,1,1,75p
Python,20,256,periodic,1,1,25p
Python,20,64,periodic,20,20,25p
Python,20,512,periodic,1,1,50p
Python,2000,512,neumann,2000,2000,50p not recorded; dt_out too large.
Python,2000,512,neumann,2000,2000,75p not recorded; dt_out too large.
Python,20,512,periodic,20,20,25p
Python,20,64,neumann,20,20,50p
Python,20,128,neumann,20,20,75p
Python,20,64,neumann,1,1,25p
Python,2000,64,neumann,2000,2000,25p not recorded; dt_out too large.
Python,20,512,periodic,1,1,25p
Python,2000,128,periodic,2000,2000,25p not recorded; dt_out too large.
Python,20,512,periodic,20,20,50p
Python,2000,512,periodic,2000,2000,75p not recorded; dt_out too large.
Python,20,128,periodic,1,1,75p
Python,20,512,periodic,1,1,75p
Python,20,128,neumann,1,1,50p
Python,2000,64,periodic,2000,2000,25p not recorded; dt_out too large.
Python,20,128,periodic,20,20,75p
Python,2000,64,neumann,2000,2000,50p not recorded; dt_out too large.
Python,2000,128,periodic,2000,2000,50p not recorded; dt_out too large.
Python,20,256,periodic,20,20,75p
Python,20,512,neumann,1,1,75p
Python,20,64,neumann,20,20,25p
Python,20,64,neumann,20,20,75p
Python,2000,64,periodic,2000,2000,50p not recorded; dt_out too large.
Python,20,512,periodic,20,20,75p
Python,20,512,neumann,20,20,25p
Python,20,512,neumann,1,1,50p
Python,20,64,periodic,1,1,25p
Python,2000,128,neumann,2000,2000,75p not recorded; dt_out too large.
Python,20,128,periodic,20,20,50p
Python,20,256,periodic,20,20,50p
Python,2000,256,neumann,2000,2000,50p not recorded; dt_out too large.
Python,20,64,periodic,20,20,50p
Python,2000,512,neumann,2000,2000,25p not recorded; dt_out too large.
Python,20,512,neumann,20,20,75p
Python,20,256,neumann,20,20,25p
Python,2000,64,neumann,2000,2000,75p not recorded; dt_out too large.
Python,20,128,neumann,20,20,25p
Python,20,64,periodic,20,20,75p
Python,20,256,periodic,1,1,75p
Python,20,64,periodic,1,1,50p
Python,20,128,periodic,1,1,25p
4
Python,20,256,neumann,20,20,75p
Python,2000,256,neumann,2000,2000,25p not recorded; dt_out too large.
Python,20,128,periodic,20,20,25p
Python,2000,256,periodic,2000,2000,50p not recorded; dt_out too large.
Python,20,256,periodic,20,20,25p
Python,20,512,neumann,20,20,50p
Python,2000,512,periodic,2000,2000,25p not recorded; dt_out too large.
Python,2000,64,periodic,2000,2000,75p not recorded; dt_out too large.
Python,2000,256,periodic,2000,2000,25p not recorded; dt_out too large.
Python,2000,256,neumann,2000,2000,75p not recorded; dt_out too large.
Python,2000,128,periodic,2000,2000,75p not recorded; dt_out too large.
Python,20,128,neumann,1,1,25p
Python,2000,256,periodic,2000,2000,75p not recorded; dt_out too large.
Python,20,256,neumann,20,20,50p
Python,2000,128,neumann,2000,2000,25p not recorded; dt_out too large.
Python,20,64,periodic,1,1,75p
Python,20,256,periodic,1,1,50p
Python,20,128,neumann,1,1,75p
Python,20,64,neumann,1,1,50p
Python,20,256,neumann,1,1,50p
Python,20,512,neumann,1,1,25p
Python,2000,128,neumann,2000,2000,50p not recorded; dt_out too large.
Python,2000,512,periodic,2000,2000,50p not recorded; dt_out too large.
Python,20,256,neumann,1,1,75p
Python,20,128,neumann,20,20,50p
Python,20,128,periodic,1,1,50p
Python,20,256,neumann,1,1,25p
Python,20,64,neumann,1,1,75p
Python,20,256,periodic,1,1,25p
Python,20,64,periodic,20,20,25p
Python,20,512,periodic,1,1,50p
Python,2000,512,neumann,2000,2000,50p not recorded; dt_out too large.
Python,2000,512,neumann,2000,2000,75p not recorded; dt_out too large.
Python,20,512,periodic,20,20,25p
Python,20,64,neumann,20,20,50p
Python,20,128,neumann,20,20,75p
Python,20,64,neumann,1,1,25p
Python,2000,64,neumann,2000,2000,25p not recorded; dt_out too large.
Python,20,512,periodic,1,1,25p
Python,2000,128,periodic,2000,2000,25p not recorded; dt_out too large.
Python,20,512,periodic,20,20,50p
Python,2000,512,periodic,2000,2000,75p not recorded; dt_out too large.
Python,20,128,periodic,1,1,75p
Python,20,512,periodic,1,1,75p
Python,20,128,neumann,1,1,50p
Python,2000,64,periodic,2000,2000,25p not recorded; dt_out too large.
Python,20,128,periodic,20,20,75p
Python,2000,64,neumann,2000,2000,50p not recorded; dt_out too large.
Python,2000,128,periodic,2000,2000,50p not recorded; dt_out too large.
Python,20,256,periodic,20,20,75p
Python,20,512,neumann,1,1,75p
Python,20,64,neumann,20,20,25p
Python,20,64,neumann,20,20,75p
Python,2000,64,periodic,2000,2000,50p not recorded; dt_out too large.
Python,20,512,periodic,20,20,75p
Python,20,512,neumann,20,20,25p
Python,20,512,neumann,1,1,50p
Python,20,64,periodic,1,1,25p
Python,2000,128,neumann,2000,2000,75p not recorded; dt_out too large.
Python,20,128,periodic,20,20,50p
Python,20,256,periodic,20,20,50p
Python,2000,256,neumann,2000,2000,50p not recorded; dt_out too large.
Python,20,64,periodic,20,20,50p
Python,2000,512,neumann,2000,2000,25p not recorded; dt_out too large.
Python,20,512,neumann,20,20,75p
Python,20,256,neumann,20,20,25p
Python,2000,64,neumann,2000,2000,75p not recorded; dt_out too large.
Python,20,128,neumann,20,20,25p
Python,20,64,periodic,20,20,75p
Python,20,256,periodic,1,1,75p
Python,20,64,periodic,1,1,50p
Python,20,128,periodic,1,1,25p
5
Python,20,256,neumann,20,20,75p
Python,2000,256,neumann,2000,2000,25p not recorded; dt_out too large.
Python,20,128,periodic,20,20,25p
Python,2000,256,periodic,2000,2000,50p not recorded; dt_out too large.
Python,20,256,periodic,20,20,25p
Python,20,512,neumann,20,20,50p
Python,2000,512,periodic,2000,2000,25p not recorded; dt_out too large.
Python,2000,64,periodic,2000,2000,75p not recorded; dt_out too large.
Python,2000,256,periodic,2000,2000,25p not recorded; dt_out too large.
Python,2000,256,neumann,2000,2000,75p not recorded; dt_out too large.
Python,2000,128,periodic,2000,2000,75p not recorded; dt_out too large.
Python,20,128,neumann,1,1,25p
Python,2000,256,periodic,2000,2000,75p not recorded; dt_out too large.
Python,20,256,neumann,20,20,50p
Python,2000,128,neumann,2000,2000,25p not recorded; dt_out too large.
Python,20,64,periodic,1,1,75p
Python,20,256,periodic,1,1,50p
Python,20,128,neumann,1,1,75p
Python,20,64,neumann,1,1,50p
Python,20,256,neumann,1,1,50p
Python,20,512,neumann,1,1,25p
Python,2000,128,neumann,2000,2000,50p not recorded; dt_out too large.
Python,2000,512,periodic,2000,2000,50p not recorded; dt_out too large.
Python,20,256,neumann,1,1,75p
Python,20,128,neumann,20,20,50p
Python,20,128,periodic,1,1,50p
Python,20,256,neumann,1,1,25p
Python,20,64,neumann,1,1,75p
Python,20,256,periodic,1,1,25p
Python,20,64,periodic,20,20,25p
Python,20,512,periodic,1,1,50p
Python,2000,512,neumann,2000,2000,50p not recorded; dt_out too large.
Python,2000,512,neumann,2000,2000,75p not recorded; dt_out too large.
Python,20,512,periodic,20,20,25p
Python,20,64,neumann,20,20,50p
Python,20,128,neumann,20,20,75p
Python,20,64,neumann,1,1,25p
Python,2000,64,neumann,2000,2000,25p not recorded; dt_out too large.
Python,20,512,periodic,1,1,25p
Python,2000,128,periodic,2000,2000,25p not recorded; dt_out too large.
Python,20,512,periodic,20,20,50p
Python,2000,512,periodic,2000,2000,75p not recorded; dt_out too large.
Python,20,128,periodic,1,1,75p
Python,20,512,periodic,1,1,75p
Python,20,128,neumann,1,1,50p
Python,2000,64,periodic,2000,2000,25p not recorded; dt_out too large.
Python,20,128,periodic,20,20,75p
Python,2000,64,neumann,2000,2000,50p not recorded; dt_out too large.
Python,2000,128,periodic,2000,2000,50p not recorded; dt_out too large.
Python,20,256,periodic,20,20,75p
Python,20,512,neumann,1,1,75p
Python,20,64,neumann,20,20,25p
Python,20,64,neumann,20,20,75p
Python,2000,64,periodic,2000,2000,50p not recorded; dt_out too large.
Python,20,512,periodic,20,20,75p
Python,20,512,neumann,20,20,25p
Python,20,512,neumann,1,1,50p
Python,20,64,periodic,1,1,25p
Python,2000,128,neumann,2000,2000,75p not recorded; dt_out too large.
Python,20,128,periodic,20,20,50p
Python,20,256,periodic,20,20,50p
Python,2000,256,neumann,2000,2000,50p not recorded; dt_out too large.
Python,20,64,periodic,20,20,50p
Python,2000,512,neumann,2000,2000,25p not recorded; dt_out too large.
Python,20,512,neumann,20,20,75p
Python,20,256,neumann,20,20,25p
Python,2000,64,neumann,2000,2000,75p not recorded; dt_out too large.
Python,20,128,neumann,20,20,25p
Python,20,64,periodic,20,20,75p
Python,20,256,periodic,1,1,75p
Python,20,64,periodic,1,1,50p
Python,20,128,periodic,1,1,25p
6
Python,20,256,neumann,20,20,75p
Python,2000,256,neumann,2000,2000,25p not recorded; dt_out too large.
Python,20,128,periodic,20,20,25p
Python,2000,256,periodic,2000,2000,50p not recorded; dt_out too large.
Python,20,256,periodic,20,20,25p
Python,20,512,neumann,20,20,50p
Python,2000,512,periodic,2000,2000,25p not recorded; dt_out too large.
Python,2000,64,periodic,2000,2000,75p not recorded; dt_out too large.
Python,2000,256,periodic,2000,2000,25p not recorded; dt_out too large.
Python,2000,256,neumann,2000,2000,75p not recorded; dt_out too large.
Python,2000,128,periodic,2000,2000,75p not recorded; dt_out too large.
Python,20,128,neumann,1,1,25p
Python,2000,256,periodic,2000,2000,75p not recorded; dt_out too large.
Python,20,256,neumann,20,20,50p
Python,2000,128,neumann,2000,2000,25p not recorded; dt_out too large.
Python,20,64,periodic,1,1,75p
Python,20,256,periodic,1,1,50p
Python,20,128,neumann,1,1,75p
Python,20,64,neumann,1,1,50p
Python,20,256,neumann,1,1,50p
Python,20,512,neumann,1,1,25p
Python,2000,128,neumann,2000,2000,50p not recorded; dt_out too large.
Python,2000,512,periodic,2000,2000,50p not recorded; dt_out too large.
Python,20,256,neumann,1,1,75p
Python,20,128,neumann,20,20,50p
Python,20,128,periodic,1,1,50p
Python,20,256,neumann,1,1,25p
Python,20,64,neumann,1,1,75p
Python,20,256,periodic,1,1,25p
Python,20,64,periodic,20,20,25p
Python,20,512,periodic,1,1,50p
Python,2000,512,neumann,2000,2000,50p not recorded; dt_out too large.
Python,2000,512,neumann,2000,2000,75p not recorded; dt_out too large.
Python,20,512,periodic,20,20,25p
Python,20,64,neumann,20,20,50p
Python,20,128,neumann,20,20,75p
Python,20,64,neumann,1,1,25p
Python,2000,64,neumann,2000,2000,25p not recorded; dt_out too large.
Python,20,512,periodic,1,1,25p
Python,2000,128,periodic,2000,2000,25p not recorded; dt_out too large.
Python,20,512,periodic,20,20,50p
Python,2000,512,periodic,2000,2000,75p not recorded; dt_out too large.
Python,20,128,periodic,1,1,75p
Python,20,512,periodic,1,1,75p
Python,20,128,neumann,1,1,50p
Python,2000,64,periodic,2000,2000,25p not recorded; dt_out too large.
Python,20,128,periodic,20,20,75p
Python,2000,64,neumann,2000,2000,50p not recorded; dt_out too large.
Python,2000,128,periodic,2000,2000,50p not recorded; dt_out too large.
Python,20,256,periodic,20,20,75p
Python,20,512,neumann,1,1,75p
Python,20,64,neumann,20,20,25p
Python,20,64,neumann,20,20,75p
Python,2000,64,periodic,2000,2000,50p not recorded; dt_out too large.
Python,20,512,periodic,20,20,75p
Python,20,512,neumann,20,20,25p
Python,20,512,neumann,1,1,50p
Python,20,64,periodic,1,1,25p
Python,2000,128,neumann,2000,2000,75p not recorded; dt_out too large.
Python,20,128,periodic,20,20,50p
Python,20,256,periodic,20,20,50p
Python,2000,256,neumann,2000,2000,50p not recorded; dt_out too large.
Python,20,64,periodic,20,20,50p
Python,2000,512,neumann,2000,2000,25p not recorded; dt_out too large.
Python,20,512,neumann,20,20,75p
Python,20,256,neumann,20,20,25p
Python,2000,64,neumann,2000,2000,75p not recorded; dt_out too large.
Python,20,128,neumann,20,20,25p
Python,20,64,periodic,20,20,75p
Python,20,256,periodic,1,1,75p
Python,20,64,periodic,1,1,50p
Python,20,128,periodic,1,1,25p
7
Python,20,256,neumann,20,20,75p
Python,2000,256,neumann,2000,2000,25p not recorded; dt_out too large.
Python,20,128,periodic,20,20,25p
Python,2000,256,periodic,2000,2000,50p not recorded; dt_out too large.
Python,20,256,periodic,20,20,25p
Python,20,512,neumann,20,20,50p
Python,2000,512,periodic,2000,2000,25p not recorded; dt_out too large.
Python,2000,64,periodic,2000,2000,75p not recorded; dt_out too large.
Python,2000,256,periodic,2000,2000,25p not recorded; dt_out too large.
Python,2000,256,neumann,2000,2000,75p not recorded; dt_out too large.
Python,2000,128,periodic,2000,2000,75p not recorded; dt_out too large.
Python,20,128,neumann,1,1,25p
Python,2000,256,periodic,2000,2000,75p not recorded; dt_out too large.
Python,20,256,neumann,20,20,50p
Python,2000,128,neumann,2000,2000,25p not recorded; dt_out too large.
Python,20,64,periodic,1,1,75p
Python,20,256,periodic,1,1,50p
Python,20,128,neumann,1,1,75p
Python,20,64,neumann,1,1,50p
Python,20,256,neumann,1,1,50p
Python,20,512,neumann,1,1,25p
Python,2000,128,neumann,2000,2000,50p not recorded; dt_out too large.
Python,2000,512,periodic,2000,2000,50p not recorded; dt_out too large.
Python,20,256,neumann,1,1,75p
Python,20,128,neumann,20,20,50p
Python,20,128,periodic,1,1,50p
Python,20,256,neumann,1,1,25p
Python,20,64,neumann,1,1,75p
Python,20,256,periodic,1,1,25p
Python,20,64,periodic,20,20,25p
Python,20,512,periodic,1,1,50p
Python,2000,512,neumann,2000,2000,50p not recorded; dt_out too large.
Python,2000,512,neumann,2000,2000,75p not recorded; dt_out too large.
Python,20,512,periodic,20,20,25p
Python,20,64,neumann,20,20,50p
Python,20,128,neumann,20,20,75p
Python,20,64,neumann,1,1,25p
Python,2000,64,neumann,2000,2000,25p not recorded; dt_out too large.
Python,20,512,periodic,1,1,25p
Python,2000,128,periodic,2000,2000,25p not recorded; dt_out too large.
Python,20,512,periodic,20,20,50p
Python,2000,512,periodic,2000,2000,75p not recorded; dt_out too large.
Python,20,128,periodic,1,1,75p
Python,20,512,periodic,1,1,75p
Python,20,128,neumann,1,1,50p
Python,2000,64,periodic,2000,2000,25p not recorded; dt_out too large.
Python,20,128,periodic,20,20,75p
Python,2000,64,neumann,2000,2000,50p not recorded; dt_out too large.
Python,2000,128,periodic,2000,2000,50p not recorded; dt_out too large.
Python,20,256,periodic,20,20,75p
Python,20,512,neumann,1,1,75p
Python,20,64,neumann,20,20,25p
Python,20,64,neumann,20,20,75p
Python,2000,64,periodic,2000,2000,50p not recorded; dt_out too large.
Python,20,512,periodic,20,20,75p
Python,20,512,neumann,20,20,25p
Python,20,512,neumann,1,1,50p
Python,20,64,periodic,1,1,25p
Python,2000,128,neumann,2000,2000,75p not recorded; dt_out too large.
Python,20,128,periodic,20,20,50p
Python,20,256,periodic,20,20,50p
Python,2000,256,neumann,2000,2000,50p not recorded; dt_out too large.
Python,20,64,periodic,20,20,50p
Python,2000,512,neumann,2000,2000,25p not recorded; dt_out too large.
Python,20,512,neumann,20,20,75p
Python,20,256,neumann,20,20,25p
Python,2000,64,neumann,2000,2000,75p not recorded; dt_out too large.
Python,20,128,neumann,20,20,25p
Python,20,64,periodic,20,20,75p
Python,20,256,periodic,1,1,75p
Python,20,64,periodic,1,1,50p
Python,20,128,periodic,1,1,25p
8
Python,20,256,neumann,20,20,75p
Python,2000,256,neumann,2000,2000,25p not recorded; dt_out too large.
Python,20,128,periodic,20,20,25p
Python,2000,256,periodic,2000,2000,50p not recorded; dt_out too large.
Python,20,256,periodic,20,20,25p
Python,20,512,neumann,20,20,50p
Python,2000,512,periodic,2000,2000,25p not recorded; dt_out too large.
Python,2000,64,periodic,2000,2000,75p not recorded; dt_out too large.
Python,2000,256,periodic,2000,2000,25p not recorded; dt_out too large.
Python,2000,256,neumann,2000,2000,75p not recorded; dt_out too large.
Python,2000,128,periodic,2000,2000,75p not recorded; dt_out too large.
Python,20,128,neumann,1,1,25p
Python,2000,256,periodic,2000,2000,75p not recorded; dt_out too large.
Python,20,256,neumann,20,20,50p
Python,2000,128,neumann,2000,2000,25p not recorded; dt_out too large.
Python,20,64,periodic,1,1,75p
Python,20,256,periodic,1,1,50p
Python,20,128,neumann,1,1,75p
Python,20,64,neumann,1,1,50p
Python,20,256,neumann,1,1,50p
Python,20,512,neumann,1,1,25p
Python,2000,128,neumann,2000,2000,50p not recorded; dt_out too large.
Python,2000,512,periodic,2000,2000,50p not recorded; dt_out too large.
Python,20,256,neumann,1,1,75p
Python,20,128,neumann,20,20,50p
Python,20,128,periodic,1,1,50p
Python,20,256,neumann,1,1,25p
Python,20,64,neumann,1,1,75p
Python,20,256,periodic,1,1,25p
Python,20,64,periodic,20,20,25p
Python,20,512,periodic,1,1,50p
Python,2000,512,neumann,2000,2000,50p not recorded; dt_out too large.
Python,2000,512,neumann,2000,2000,75p not recorded; dt_out too large.
Python,20,512,periodic,20,20,25p
Python,20,64,neumann,20,20,50p
Python,20,128,neumann,20,20,75p
Python,20,64,neumann,1,1,25p
Python,2000,64,neumann,2000,2000,25p not recorded; dt_out too large.
Python,20,512,periodic,1,1,25p
Python,2000,128,periodic,2000,2000,25p not recorded; dt_out too large.
Python,20,512,periodic,20,20,50p
Python,2000,512,periodic,2000,2000,75p not recorded; dt_out too large.
Python,20,128,periodic,1,1,75p
Python,20,512,periodic,1,1,75p
Python,20,128,neumann,1,1,50p
Python,2000,64,periodic,2000,2000,25p not recorded; dt_out too large.
Python,20,128,periodic,20,20,75p
Python,2000,64,neumann,2000,2000,50p not recorded; dt_out too large.
Python,2000,128,periodic,2000,2000,50p not recorded; dt_out too large.
Python,20,256,periodic,20,20,75p
Python,20,512,neumann,1,1,75p
Python,20,64,neumann,20,20,25p
Python,20,64,neumann,20,20,75p
Python,2000,64,periodic,2000,2000,50p not recorded; dt_out too large.
Python,20,512,periodic,20,20,75p
Python,20,512,neumann,20,20,25p
Python,20,512,neumann,1,1,50p
Python,20,64,periodic,1,1,25p
Python,2000,128,neumann,2000,2000,75p not recorded; dt_out too large.
Python,20,128,periodic,20,20,50p
Python,20,256,periodic,20,20,50p
Python,2000,256,neumann,2000,2000,50p not recorded; dt_out too large.
Python,20,64,periodic,20,20,50p
Python,2000,512,neumann,2000,2000,25p not recorded; dt_out too large.
Python,20,512,neumann,20,20,75p
Python,20,256,neumann,20,20,25p
Python,2000,64,neumann,2000,2000,75p not recorded; dt_out too large.
Python,20,128,neumann,20,20,25p
Python,20,64,periodic,20,20,75p
Python,20,256,periodic,1,1,75p
Python,20,64,periodic,1,1,50p
Python,20,128,periodic,1,1,25p
9
Python,20,256,neumann,20,20,75p
Python,2000,256,neumann,2000,2000,25p not recorded; dt_out too large.
Python,20,128,periodic,20,20,25p
Python,2000,256,periodic,2000,2000,50p not recorded; dt_out too large.
Python,20,256,periodic,20,20,25p
Python,20,512,neumann,20,20,50p
Python,2000,512,periodic,2000,2000,25p not recorded; dt_out too large.
Python,2000,64,periodic,2000,2000,75p not recorded; dt_out too large.
Python,2000,256,periodic,2000,2000,25p not recorded; dt_out too large.
Python,2000,256,neumann,2000,2000,75p not recorded; dt_out too large.
Python,2000,128,periodic,2000,2000,75p not recorded; dt_out too large.
Python,20,128,neumann,1,1,25p
Python,2000,256,periodic,2000,2000,75p not recorded; dt_out too large.
Python,20,256,neumann,20,20,50p
Python,2000,128,neumann,2000,2000,25p not recorded; dt_out too large.
Python,20,64,periodic,1,1,75p
Python,20,256,periodic,1,1,50p
Python,20,128,neumann,1,1,75p
Python,20,64,neumann,1,1,50p
Python,20,256,neumann,1,1,50p
Python,20,512,neumann,1,1,25p
Python,2000,128,neumann,2000,2000,50p not recorded; dt_out too large.
Python,2000,512,periodic,2000,2000,50p not recorded; dt_out too large.
Python,20,256,neumann,1,1,75p
Python,20,128,neumann,20,20,50p
Python,20,128,periodic,1,1,50p
Python,20,256,neumann,1,1,25p
Python,20,64,neumann,1,1,75p
Python,20,256,periodic,1,1,25p
Python,20,64,periodic,20,20,25p
Python,20,512,periodic,1,1,50p
Python,2000,512,neumann,2000,2000,50p not recorded; dt_out too large.
Python,2000,512,neumann,2000,2000,75p not recorded; dt_out too large.
Python,20,512,periodic,20,20,25p
Python,20,64,neumann,20,20,50p
Python,20,128,neumann,20,20,75p
Python,20,64,neumann,1,1,25p
Python,2000,64,neumann,2000,2000,25p not recorded; dt_out too large.
Python,20,512,periodic,1,1,25p
Python,2000,128,periodic,2000,2000,25p not recorded; dt_out too large.
Python,20,512,periodic,20,20,50p
Python,2000,512,periodic,2000,2000,75p not recorded; dt_out too large.
Python,20,128,periodic,1,1,75p
Python,20,512,periodic,1,1,75p
Python,20,128,neumann,1,1,50p
Python,2000,64,periodic,2000,2000,25p not recorded; dt_out too large.
Python,20,128,periodic,20,20,75p
Python,2000,64,neumann,2000,2000,50p not recorded; dt_out too large.
Python,2000,128,periodic,2000,2000,50p not recorded; dt_out too large.
Python,20,256,periodic,20,20,75p
Python,20,512,neumann,1,1,75p
Python,20,64,neumann,20,20,25p
Python,20,64,neumann,20,20,75p
Python,2000,64,periodic,2000,2000,50p not recorded; dt_out too large.
Python,20,512,periodic,20,20,75p
Python,20,512,neumann,20,20,25p
Python,20,512,neumann,1,1,50p
Python,20,64,periodic,1,1,25p
Python,2000,128,neumann,2000,2000,75p not recorded; dt_out too large.
Python,20,128,periodic,20,20,50p
Python,20,256,periodic,20,20,50p
Python,2000,256,neumann,2000,2000,50p not recorded; dt_out too large.
Python,20,64,periodic,20,20,50p
Python,2000,512,neumann,2000,2000,25p not recorded; dt_out too large.
Python,20,512,neumann,20,20,75p
Python,20,256,neumann,20,20,25p
Python,2000,64,neumann,2000,2000,75p not recorded; dt_out too large.
Python,20,128,neumann,20,20,25p
Python,20,64,periodic,20,20,75p
Python,20,256,periodic,1,1,75p
Python,20,64,periodic,1,1,50p
Python,20,128,periodic,1,1,25p
10
Python,20,256,neumann,20,20,75p
Python,2000,256,neumann,2000,2000,25p not recorded; dt_out too large.
Python,20,128,periodic,20,20,25p
Python,2000,256,periodic,2000,2000,50p not recorded; dt_out too large.
Python,20,256,periodic,20,20,25p
Python,20,512,neumann,20,20,50p
Python,2000,512,periodic,2000,2000,25p not recorded; dt_out too large.
Python,2000,64,periodic,2000,2000,75p not recorded; dt_out too large.
Python,2000,256,periodic,2000,2000,25p not recorded; dt_out too large.
Python,2000,256,neumann,2000,2000,75p not recorded; dt_out too large.
Python,2000,128,periodic,2000,2000,75p not recorded; dt_out too large.
Python,20,128,neumann,1,1,25p
Python,2000,256,periodic,2000,2000,75p not recorded; dt_out too large.
Python,20,256,neumann,20,20,50p
Python,2000,128,neumann,2000,2000,25p not recorded; dt_out too large.
Python,20,64,periodic,1,1,75p
Python,20,256,periodic,1,1,50p
Python,20,128,neumann,1,1,75p
Python,20,64,neumann,1,1,50p
Python,20,256,neumann,1,1,50p
Python,20,512,neumann,1,1,25p
Python,2000,128,neumann,2000,2000,50p not recorded; dt_out too large.
Python,2000,512,periodic,2000,2000,50p not recorded; dt_out too large.
Python,20,256,neumann,1,1,75p
Python,20,128,neumann,20,20,50p
Python,20,128,periodic,1,1,50p
Python,20,256,neumann,1,1,25p
Python,20,64,neumann,1,1,75p
Python,20,256,periodic,1,1,25p
Python,20,64,periodic,20,20,25p
Python,20,512,periodic,1,1,50p
Python,2000,512,neumann,2000,2000,50p not recorded; dt_out too large.
Python,2000,512,neumann,2000,2000,75p not recorded; dt_out too large.
Python,20,512,periodic,20,20,25p
Python,20,64,neumann,20,20,50p
Python,20,128,neumann,20,20,75p
Python,20,64,neumann,1,1,25p
Python,2000,64,neumann,2000,2000,25p not recorded; dt_out too large.
Python,20,512,periodic,1,1,25p
Python,2000,128,periodic,2000,2000,25p not recorded; dt_out too large.
Python,20,512,periodic,20,20,50p
Python,2000,512,periodic,2000,2000,75p not recorded; dt_out too large.
Python,20,128,periodic,1,1,75p
Python,20,512,periodic,1,1,75p
Python,20,128,neumann,1,1,50p
Python,2000,64,periodic,2000,2000,25p not recorded; dt_out too large.
Python,20,128,periodic,20,20,75p
Python,2000,64,neumann,2000,2000,50p not recorded; dt_out too large.
Python,2000,128,periodic,2000,2000,50p not recorded; dt_out too large.
Python,20,256,periodic,20,20,75p
Python,20,512,neumann,1,1,75p
Python,20,64,neumann,20,20,25p
Python,20,64,neumann,20,20,75p
Python,2000,64,periodic,2000,2000,50p not recorded; dt_out too large.
Python,20,512,periodic,20,20,75p
Python,20,512,neumann,20,20,25p
Python,20,512,neumann,1,1,50p
Python,20,64,periodic,1,1,25p
Python,2000,128,neumann,2000,2000,75p not recorded; dt_out too large.
Python,20,128,periodic,20,20,50p
Python,20,256,periodic,20,20,50p
Python,2000,256,neumann,2000,2000,50p not recorded; dt_out too large.
Python,20,64,periodic,20,20,50p
Python,2000,512,neumann,2000,2000,25p not recorded; dt_out too large.
Python,20,512,neumann,20,20,75p
Python,20,256,neumann,20,20,25p
Python,2000,64,neumann,2000,2000,75p not recorded; dt_out too large.
Python,20,128,neumann,20,20,25p
Python,20,64,periodic,20,20,75p
Python,20,256,periodic,1,1,75p
Python,20,64,periodic,1,1,50p
Python,20,128,periodic,1,1,25p
11
Python,20,256,neumann,20,20,75p
Python,2000,256,neumann,2000,2000,25p not recorded; dt_out too large.
Python,20,128,periodic,20,20,25p
Python,2000,256,periodic,2000,2000,50p not recorded; dt_out too large.
Python,20,256,periodic,20,20,25p
Python,20,512,neumann,20,20,50p
Python,2000,512,periodic,2000,2000,25p not recorded; dt_out too large.
Python,2000,64,periodic,2000,2000,75p not recorded; dt_out too large.
Python,2000,256,periodic,2000,2000,25p not recorded; dt_out too large.
Python,2000,256,neumann,2000,2000,75p not recorded; dt_out too large.
Python,2000,128,periodic,2000,2000,75p not recorded; dt_out too large.
Python,20,128,neumann,1,1,25p
Python,2000,256,periodic,2000,2000,75p not recorded; dt_out too large.
Python,20,256,neumann,20,20,50p
Python,2000,128,neumann,2000,2000,25p not recorded; dt_out too large.
Python,20,64,periodic,1,1,75p
Python,20,256,periodic,1,1,50p
Python,20,128,neumann,1,1,75p
Python,20,64,neumann,1,1,50p
Python,20,256,neumann,1,1,50p
Python,20,512,neumann,1,1,25p
Python,2000,128,neumann,2000,2000,50p not recorded; dt_out too large.
Python,2000,512,periodic,2000,2000,50p not recorded; dt_out too large.
Python,20,256,neumann,1,1,75p
Python,20,128,neumann,20,20,50p
Python,20,128,periodic,1,1,50p
Python,20,256,neumann,1,1,25p
Python,20,64,neumann,1,1,75p
Python,20,256,periodic,1,1,25p
Python,20,64,periodic,20,20,25p
Python,20,512,periodic,1,1,50p
Python,2000,512,neumann,2000,2000,50p not recorded; dt_out too large.
Python,2000,512,neumann,2000,2000,75p not recorded; dt_out too large.
Python,20,512,periodic,20,20,25p
Python,20,64,neumann,20,20,50p
Python,20,128,neumann,20,20,75p
Python,20,64,neumann,1,1,25p
Python,2000,64,neumann,2000,2000,25p not recorded; dt_out too large.
Python,20,512,periodic,1,1,25p
Python,2000,128,periodic,2000,2000,25p not recorded; dt_out too large.
Python,20,512,periodic,20,20,50p
Python,2000,512,periodic,2000,2000,75p not recorded; dt_out too large.
Python,20,128,periodic,1,1,75p
Python,20,512,periodic,1,1,75p
Python,20,128,neumann,1,1,50p
Python,2000,64,periodic,2000,2000,25p not recorded; dt_out too large.
Python,20,128,periodic,20,20,75p
Python,2000,64,neumann,2000,2000,50p not recorded; dt_out too large.
Python,2000,128,periodic,2000,2000,50p not recorded; dt_out too large.
Python,20,256,periodic,20,20,75p
Python,20,512,neumann,1,1,75p
Python,20,64,neumann,20,20,25p
Python,20,64,neumann,20,20,75p
Python,2000,64,periodic,2000,2000,50p not recorded; dt_out too large.
Python,20,512,periodic,20,20,75p
Python,20,512,neumann,20,20,25p
Python,20,512,neumann,1,1,50p
Python,20,64,periodic,1,1,25p
Python,2000,128,neumann,2000,2000,75p not recorded; dt_out too large.
Python,20,128,periodic,20,20,50p
Python,20,256,periodic,20,20,50p
Python,2000,256,neumann,2000,2000,50p not recorded; dt_out too large.
Python,20,64,periodic,20,20,50p
Python,2000,512,neumann,2000,2000,25p not recorded; dt_out too large.
Python,20,512,neumann,20,20,75p
Python,20,256,neumann,20,20,25p
Python,2000,64,neumann,2000,2000,75p not recorded; dt_out too large.
Python,20,128,neumann,20,20,25p
Python,20,64,periodic,20,20,75p
Python,20,256,periodic,1,1,75p
Python,20,64,periodic,1,1,50p
Python,20,128,periodic,1,1,25p
12
Python,20,256,neumann,20,20,75p
Python,2000,256,neumann,2000,2000,25p not recorded; dt_out too large.
Python,20,128,periodic,20,20,25p
Python,2000,256,periodic,2000,2000,50p not recorded; dt_out too large.
Python,20,256,periodic,20,20,25p
Python,20,512,neumann,20,20,50p
Python,2000,512,periodic,2000,2000,25p not recorded; dt_out too large.
Python,2000,64,periodic,2000,2000,75p not recorded; dt_out too large.
Python,2000,256,periodic,2000,2000,25p not recorded; dt_out too large.
Python,2000,256,neumann,2000,2000,75p not recorded; dt_out too large.
Python,2000,128,periodic,2000,2000,75p not recorded; dt_out too large.
Python,20,128,neumann,1,1,25p
Python,2000,256,periodic,2000,2000,75p not recorded; dt_out too large.
Python,20,256,neumann,20,20,50p
Python,2000,128,neumann,2000,2000,25p not recorded; dt_out too large.
Python,20,64,periodic,1,1,75p
Python,20,256,periodic,1,1,50p
Python,20,128,neumann,1,1,75p
Python,20,64,neumann,1,1,50p
Python,20,256,neumann,1,1,50p
Python,20,512,neumann,1,1,25p
Python,2000,128,neumann,2000,2000,50p not recorded; dt_out too large.
Python,2000,512,periodic,2000,2000,50p not recorded; dt_out too large.
Python,20,256,neumann,1,1,75p
Python,20,128,neumann,20,20,50p
Python,20,128,periodic,1,1,50p
Python,20,256,neumann,1,1,25p
Python,20,64,neumann,1,1,75p
Python,20,256,periodic,1,1,25p
Python,20,64,periodic,20,20,25p
Python,20,512,periodic,1,1,50p
Python,2000,512,neumann,2000,2000,50p not recorded; dt_out too large.
Python,2000,512,neumann,2000,2000,75p not recorded; dt_out too large.
Python,20,512,periodic,20,20,25p
Python,20,64,neumann,20,20,50p
Python,20,128,neumann,20,20,75p
Python,20,64,neumann,1,1,25p
Python,2000,64,neumann,2000,2000,25p not recorded; dt_out too large.
Python,20,512,periodic,1,1,25p
Python,2000,128,periodic,2000,2000,25p not recorded; dt_out too large.
Python,20,512,periodic,20,20,50p
Python,2000,512,periodic,2000,2000,75p not recorded; dt_out too large.
Python,20,128,periodic,1,1,75p
Python,20,512,periodic,1,1,75p
Python,20,128,neumann,1,1,50p
Python,2000,64,periodic,2000,2000,25p not recorded; dt_out too large.
Python,20,128,periodic,20,20,75p
Python,2000,64,neumann,2000,2000,50p not recorded; dt_out too large.
Python,2000,128,periodic,2000,2000,50p not recorded; dt_out too large.
Python,20,256,periodic,20,20,75p
Python,20,512,neumann,1,1,75p
Python,20,64,neumann,20,20,25p
Python,20,64,neumann,20,20,75p
Python,2000,64,periodic,2000,2000,50p not recorded; dt_out too large.
Python,20,512,periodic,20,20,75p
Python,20,512,neumann,20,20,25p
Python,20,512,neumann,1,1,50p
Python,20,64,periodic,1,1,25p
Python,2000,128,neumann,2000,2000,75p not recorded; dt_out too large.
Python,20,128,periodic,20,20,50p
Python,20,256,periodic,20,20,50p
Python,2000,256,neumann,2000,2000,50p not recorded; dt_out too large.
Python,20,64,periodic,20,20,50p
Python,2000,512,neumann,2000,2000,25p not recorded; dt_out too large.
Python,20,512,neumann,20,20,75p
Python,20,256,neumann,20,20,25p
Python,2000,64,neumann,2000,2000,75p not recorded; dt_out too large.
Python,20,128,neumann,20,20,25p
Python,20,64,periodic,20,20,75p
Python,20,256,periodic,1,1,75p
Python,20,64,periodic,1,1,50p
Python,20,128,periodic,1,1,25p
13
Python,20,256,neumann,20,20,75p
Python,2000,256,neumann,2000,2000,25p not recorded; dt_out too large.
Python,20,128,periodic,20,20,25p
Python,2000,256,periodic,2000,2000,50p not recorded; dt_out too large.
Python,20,256,periodic,20,20,25p
Python,20,512,neumann,20,20,50p
Python,2000,512,periodic,2000,2000,25p not recorded; dt_out too large.
Python,2000,64,periodic,2000,2000,75p not recorded; dt_out too large.
Python,2000,256,periodic,2000,2000,25p not recorded; dt_out too large.
Python,2000,256,neumann,2000,2000,75p not recorded; dt_out too large.
Python,2000,128,periodic,2000,2000,75p not recorded; dt_out too large.
Python,20,128,neumann,1,1,25p
Python,2000,256,periodic,2000,2000,75p not recorded; dt_out too large.
Python,20,256,neumann,20,20,50p
Python,2000,128,neumann,2000,2000,25p not recorded; dt_out too large.
Python,20,64,periodic,1,1,75p
Python,20,256,periodic,1,1,50p
Python,20,128,neumann,1,1,75p
Python,20,64,neumann,1,1,50p
Python,20,256,neumann,1,1,50p
Python,20,512,neumann,1,1,25p
Python,2000,128,neumann,2000,2000,50p not recorded; dt_out too large.
Python,2000,512,periodic,2000,2000,50p not recorded; dt_out too large.
Python,20,256,neumann,1,1,75p
Python,20,128,neumann,20,20,50p
Python,20,128,periodic,1,1,50p
Python,20,256,neumann,1,1,25p
Python,20,64,neumann,1,1,75p
Python,20,256,periodic,1,1,25p
Python,20,64,periodic,20,20,25p
Python,20,512,periodic,1,1,50p
Python,2000,512,neumann,2000,2000,50p not recorded; dt_out too large.
Python,2000,512,neumann,2000,2000,75p not recorded; dt_out too large.
Python,20,512,periodic,20,20,25p
Python,20,64,neumann,20,20,50p
Python,20,128,neumann,20,20,75p
Python,20,64,neumann,1,1,25p
Python,2000,64,neumann,2000,2000,25p not recorded; dt_out too large.
Python,20,512,periodic,1,1,25p
Python,2000,128,periodic,2000,2000,25p not recorded; dt_out too large.
Python,20,512,periodic,20,20,50p
Python,2000,512,periodic,2000,2000,75p not recorded; dt_out too large.
Python,20,128,periodic,1,1,75p
Python,20,512,periodic,1,1,75p
Python,20,128,neumann,1,1,50p
Python,2000,64,periodic,2000,2000,25p not recorded; dt_out too large.
Python,20,128,periodic,20,20,75p
Python,2000,64,neumann,2000,2000,50p not recorded; dt_out too large.
Python,2000,128,periodic,2000,2000,50p not recorded; dt_out too large.
Python,20,256,periodic,20,20,75p
Python,20,512,neumann,1,1,75p
Python,20,64,neumann,20,20,25p
Python,20,64,neumann,20,20,75p
Python,2000,64,periodic,2000,2000,50p not recorded; dt_out too large.
Python,20,512,periodic,20,20,75p
Python,20,512,neumann,20,20,25p
Python,20,512,neumann,1,1,50p
Python,20,64,periodic,1,1,25p
Python,2000,128,neumann,2000,2000,75p not recorded; dt_out too large.
Python,20,128,periodic,20,20,50p
Python,20,256,periodic,20,20,50p
Python,2000,256,neumann,2000,2000,50p not recorded; dt_out too large.
Python,20,64,periodic,20,20,50p
Python,2000,512,neumann,2000,2000,25p not recorded; dt_out too large.
Python,20,512,neumann,20,20,75p
Python,20,256,neumann,20,20,25p
Python,2000,64,neumann,2000,2000,75p not recorded; dt_out too large.
Python,20,128,neumann,20,20,25p
Python,20,64,periodic,20,20,75p
Python,20,256,periodic,1,1,75p
Python,20,64,periodic,1,1,50p
Python,20,128,periodic,1,1,25p
14
Python,20,256,neumann,20,20,75p
Python,2000,256,neumann,2000,2000,25p not recorded; dt_out too large.
Python,20,128,periodic,20,20,25p
Python,2000,256,periodic,2000,2000,50p not recorded; dt_out too large.
Python,20,256,periodic,20,20,25p
Python,20,512,neumann,20,20,50p
Python,2000,512,periodic,2000,2000,25p not recorded; dt_out too large.
Python,2000,64,periodic,2000,2000,75p not recorded; dt_out too large.
Python,2000,256,periodic,2000,2000,25p not recorded; dt_out too large.
Python,2000,256,neumann,2000,2000,75p not recorded; dt_out too large.
Python,2000,128,periodic,2000,2000,75p not recorded; dt_out too large.
Python,20,128,neumann,1,1,25p
Python,2000,256,periodic,2000,2000,75p not recorded; dt_out too large.
Python,20,256,neumann,20,20,50p
Python,2000,128,neumann,2000,2000,25p not recorded; dt_out too large.
Python,20,64,periodic,1,1,75p
Python,20,256,periodic,1,1,50p
Python,20,128,neumann,1,1,75p
Python,20,64,neumann,1,1,50p
Python,20,256,neumann,1,1,50p
Python,20,512,neumann,1,1,25p
Python,2000,128,neumann,2000,2000,50p not recorded; dt_out too large.
Python,2000,512,periodic,2000,2000,50p not recorded; dt_out too large.
Python,20,256,neumann,1,1,75p
Python,20,128,neumann,20,20,50p
Python,20,128,periodic,1,1,50p
Python,20,256,neumann,1,1,25p
Python,20,64,neumann,1,1,75p
Python,20,256,periodic,1,1,25p
Python,20,64,periodic,20,20,25p
Python,20,512,periodic,1,1,50p
Python,2000,512,neumann,2000,2000,50p not recorded; dt_out too large.
Python,2000,512,neumann,2000,2000,75p not recorded; dt_out too large.
Python,20,512,periodic,20,20,25p
Python,20,64,neumann,20,20,50p
Python,20,128,neumann,20,20,75p
Python,20,64,neumann,1,1,25p
Python,2000,64,neumann,2000,2000,25p not recorded; dt_out too large.
Python,20,512,periodic,1,1,25p
Python,2000,128,periodic,2000,2000,25p not recorded; dt_out too large.
Python,20,512,periodic,20,20,50p
Python,2000,512,periodic,2000,2000,75p not recorded; dt_out too large.
Python,20,128,periodic,1,1,75p
Python,20,512,periodic,1,1,75p
Python,20,128,neumann,1,1,50p
Python,2000,64,periodic,2000,2000,25p not recorded; dt_out too large.
Python,20,128,periodic,20,20,75p
Python,2000,64,neumann,2000,2000,50p not recorded; dt_out too large.
Python,2000,128,periodic,2000,2000,50p not recorded; dt_out too large.
Python,20,256,periodic,20,20,75p
Python,20,512,neumann,1,1,75p
Python,20,64,neumann,20,20,25p
Python,20,64,neumann,20,20,75p
Python,2000,64,periodic,2000,2000,50p not recorded; dt_out too large.
Python,20,512,periodic,20,20,75p
Python,20,512,neumann,20,20,25p
Python,20,512,neumann,1,1,50p
Python,20,64,periodic,1,1,25p
Python,2000,128,neumann,2000,2000,75p not recorded; dt_out too large.
Python,20,128,periodic,20,20,50p
Python,20,256,periodic,20,20,50p
Python,2000,256,neumann,2000,2000,50p not recorded; dt_out too large.
Python,20,64,periodic,20,20,50p
Python,2000,512,neumann,2000,2000,25p not recorded; dt_out too large.
Python,20,512,neumann,20,20,75p
Python,20,256,neumann,20,20,25p
Python,2000,64,neumann,2000,2000,75p not recorded; dt_out too large.
Python,20,128,neumann,20,20,25p
Python,20,64,periodic,20,20,75p
Python,20,256,periodic,1,1,75p
Python,20,64,periodic,1,1,50p
Python,20,128,periodic,1,1,25p
15
Python,20,256,neumann,20,20,75p
Python,2000,256,neumann,2000,2000,25p not recorded; dt_out too large.
Python,20,128,periodic,20,20,25p
Python,2000,256,periodic,2000,2000,50p not recorded; dt_out too large.
Python,20,256,periodic,20,20,25p
Python,20,512,neumann,20,20,50p
Python,2000,512,periodic,2000,2000,25p not recorded; dt_out too large.
Python,2000,64,periodic,2000,2000,75p not recorded; dt_out too large.
Python,2000,256,periodic,2000,2000,25p not recorded; dt_out too large.
Python,2000,256,neumann,2000,2000,75p not recorded; dt_out too large.
Python,2000,128,periodic,2000,2000,75p not recorded; dt_out too large.
Python,20,128,neumann,1,1,25p
Python,2000,256,periodic,2000,2000,75p not recorded; dt_out too large.
Python,20,256,neumann,20,20,50p
Python,2000,128,neumann,2000,2000,25p not recorded; dt_out too large.
Python,20,64,periodic,1,1,75p
Python,20,256,periodic,1,1,50p
Python,20,128,neumann,1,1,75p
Python,20,64,neumann,1,1,50p
Python,20,256,neumann,1,1,50p
Python,20,512,neumann,1,1,25p
Python,2000,128,neumann,2000,2000,50p not recorded; dt_out too large.
Python,2000,512,periodic,2000,2000,50p not recorded; dt_out too large.
Python,20,256,neumann,1,1,75p
Python,20,128,neumann,20,20,50p
Python,20,128,periodic,1,1,50p
Python,20,256,neumann,1,1,25p
Python,20,64,neumann,1,1,75p
Python,20,256,periodic,1,1,25p
Python,20,64,periodic,20,20,25p
Python,20,512,periodic,1,1,50p
Python,2000,512,neumann,2000,2000,50p not recorded; dt_out too large.
Python,2000,512,neumann,2000,2000,75p not recorded; dt_out too large.
Python,20,512,periodic,20,20,25p
Python,20,64,neumann,20,20,50p
Python,20,128,neumann,20,20,75p
Python,20,64,neumann,1,1,25p
Python,2000,64,neumann,2000,2000,25p not recorded; dt_out too large.
Python,20,512,periodic,1,1,25p
Python,2000,128,periodic,2000,2000,25p not recorded; dt_out too large.
Python,20,512,periodic,20,20,50p
Python,2000,512,periodic,2000,2000,75p not recorded; dt_out too large.
Python,20,128,periodic,1,1,75p
Python,20,512,periodic,1,1,75p
Python,20,128,neumann,1,1,50p
Python,2000,64,periodic,2000,2000,25p not recorded; dt_out too large.
Python,20,128,periodic,20,20,75p
Python,2000,64,neumann,2000,2000,50p not recorded; dt_out too large.
Python,2000,128,periodic,2000,2000,50p not recorded; dt_out too large.
Python,20,256,periodic,20,20,75p
Python,20,512,neumann,1,1,75p
Python,20,64,neumann,20,20,25p
Python,20,64,neumann,20,20,75p
Python,2000,64,periodic,2000,2000,50p not recorded; dt_out too large.
Python,20,512,periodic,20,20,75p
Python,20,512,neumann,20,20,25p
Python,20,512,neumann,1,1,50p
Python,20,64,periodic,1,1,25p
Python,2000,128,neumann,2000,2000,75p not recorded; dt_out too large.
Python,20,128,periodic,20,20,50p
Python,20,256,periodic,20,20,50p
Python,2000,256,neumann,2000,2000,50p not recorded; dt_out too large.
Python,20,64,periodic,20,20,50p
Python,2000,512,neumann,2000,2000,25p not recorded; dt_out too large.
Python,20,512,neumann,20,20,75p
Python,20,256,neumann,20,20,25p
Python,2000,64,neumann,2000,2000,75p not recorded; dt_out too large.
Python,20,128,neumann,20,20,25p
Python,20,64,periodic,20,20,75p
Python,20,256,periodic,1,1,75p
Python,20,64,periodic,1,1,50p
Python,20,128,periodic,1,1,25p
16
Python,20,256,neumann,20,20,75p
Python,2000,256,neumann,2000,2000,25p not recorded; dt_out too large.
Python,20,128,periodic,20,20,25p
Python,2000,256,periodic,2000,2000,50p not recorded; dt_out too large.
Python,20,256,periodic,20,20,25p
Python,20,512,neumann,20,20,50p
Python,2000,512,periodic,2000,2000,25p not recorded; dt_out too large.
Python,2000,64,periodic,2000,2000,75p not recorded; dt_out too large.
Python,2000,256,periodic,2000,2000,25p not recorded; dt_out too large.
Python,2000,256,neumann,2000,2000,75p not recorded; dt_out too large.
Python,2000,128,periodic,2000,2000,75p not recorded; dt_out too large.
Python,20,128,neumann,1,1,25p
Python,2000,256,periodic,2000,2000,75p not recorded; dt_out too large.
Python,20,256,neumann,20,20,50p
Python,2000,128,neumann,2000,2000,25p not recorded; dt_out too large.
Python,20,64,periodic,1,1,75p
Python,20,256,periodic,1,1,50p
Python,20,128,neumann,1,1,75p
Python,20,64,neumann,1,1,50p
Python,20,256,neumann,1,1,50p
Python,20,512,neumann,1,1,25p
Python,2000,128,neumann,2000,2000,50p not recorded; dt_out too large.
Python,2000,512,periodic,2000,2000,50p not recorded; dt_out too large.
Python,20,256,neumann,1,1,75p
Python,20,128,neumann,20,20,50p
Python,20,128,periodic,1,1,50p
Python,20,256,neumann,1,1,25p
Python,20,64,neumann,1,1,75p
Python,20,256,periodic,1,1,25p
Python,20,64,periodic,20,20,25p
Python,20,512,periodic,1,1,50p
Python,2000,512,neumann,2000,2000,50p not recorded; dt_out too large.
Python,2000,512,neumann,2000,2000,75p not recorded; dt_out too large.
Python,20,512,periodic,20,20,25p
Python,20,64,neumann,20,20,50p
Python,20,128,neumann,20,20,75p
Python,20,64,neumann,1,1,25p
Python,2000,64,neumann,2000,2000,25p not recorded; dt_out too large.
Python,20,512,periodic,1,1,25p
Python,2000,128,periodic,2000,2000,25p not recorded; dt_out too large.
Python,20,512,periodic,20,20,50p
Python,2000,512,periodic,2000,2000,75p not recorded; dt_out too large.
Python,20,128,periodic,1,1,75p
Python,20,512,periodic,1,1,75p
Python,20,128,neumann,1,1,50p
Python,2000,64,periodic,2000,2000,25p not recorded; dt_out too large.
Python,20,128,periodic,20,20,75p
Python,2000,64,neumann,2000,2000,50p not recorded; dt_out too large.
Python,2000,128,periodic,2000,2000,50p not recorded; dt_out too large.
Python,20,256,periodic,20,20,75p
Python,20,512,neumann,1,1,75p
Python,20,64,neumann,20,20,25p
Python,20,64,neumann,20,20,75p
Python,2000,64,periodic,2000,2000,50p not recorded; dt_out too large.
Python,20,512,periodic,20,20,75p
Python,20,512,neumann,20,20,25p
Python,20,512,neumann,1,1,50p
Python,20,64,periodic,1,1,25p
Python,2000,128,neumann,2000,2000,75p not recorded; dt_out too large.
Python,20,128,periodic,20,20,50p
Python,20,256,periodic,20,20,50p
Python,2000,256,neumann,2000,2000,50p not recorded; dt_out too large.
Python,20,64,periodic,20,20,50p
Python,2000,512,neumann,2000,2000,25p not recorded; dt_out too large.
Python,20,512,neumann,20,20,75p
Python,20,256,neumann,20,20,25p
Python,2000,64,neumann,2000,2000,75p not recorded; dt_out too large.
Python,20,128,neumann,20,20,25p
Python,20,64,periodic,20,20,75p
Python,20,256,periodic,1,1,75p
Python,20,64,periodic,1,1,50p
Python,20,128,periodic,1,1,25p
17
Python,20,256,neumann,20,20,75p
Python,2000,256,neumann,2000,2000,25p not recorded; dt_out too large.
Python,20,128,periodic,20,20,25p
Python,2000,256,periodic,2000,2000,50p not recorded; dt_out too large.
Python,20,256,periodic,20,20,25p
Python,20,512,neumann,20,20,50p
Python,2000,512,periodic,2000,2000,25p not recorded; dt_out too large.
Python,2000,64,periodic,2000,2000,75p not recorded; dt_out too large.
Python,2000,256,periodic,2000,2000,25p not recorded; dt_out too large.
Python,2000,256,neumann,2000,2000,75p not recorded; dt_out too large.
Python,2000,128,periodic,2000,2000,75p not recorded; dt_out too large.
Python,20,128,neumann,1,1,25p
Python,2000,256,periodic,2000,2000,75p not recorded; dt_out too large.
Python,20,256,neumann,20,20,50p
Python,2000,128,neumann,2000,2000,25p not recorded; dt_out too large.
Python,20,64,periodic,1,1,75p
Python,20,256,periodic,1,1,50p
Python,20,128,neumann,1,1,75p
Python,20,64,neumann,1,1,50p
Python,20,256,neumann,1,1,50p
Python,20,512,neumann,1,1,25p
Python,2000,128,neumann,2000,2000,50p not recorded; dt_out too large.
Python,2000,512,periodic,2000,2000,50p not recorded; dt_out too large.
Python,20,256,neumann,1,1,75p
Python,20,128,neumann,20,20,50p
Python,20,128,periodic,1,1,50p
Python,20,256,neumann,1,1,25p
Python,20,64,neumann,1,1,75p
Python,20,256,periodic,1,1,25p
Python,20,64,periodic,20,20,25p
Python,20,512,periodic,1,1,50p
Python,2000,512,neumann,2000,2000,50p not recorded; dt_out too large.
Python,2000,512,neumann,2000,2000,75p not recorded; dt_out too large.
Python,20,512,periodic,20,20,25p
Python,20,64,neumann,20,20,50p
Python,20,128,neumann,20,20,75p
Python,20,64,neumann,1,1,25p
Python,2000,64,neumann,2000,2000,25p not recorded; dt_out too large.
Python,20,512,periodic,1,1,25p
Python,2000,128,periodic,2000,2000,25p not recorded; dt_out too large.
Python,20,512,periodic,20,20,50p
Python,2000,512,periodic,2000,2000,75p not recorded; dt_out too large.
Python,20,128,periodic,1,1,75p
Python,20,512,periodic,1,1,75p
Python,20,128,neumann,1,1,50p
Python,2000,64,periodic,2000,2000,25p not recorded; dt_out too large.
Python,20,128,periodic,20,20,75p
Python,2000,64,neumann,2000,2000,50p not recorded; dt_out too large.
Python,2000,128,periodic,2000,2000,50p not recorded; dt_out too large.
Python,20,256,periodic,20,20,75p
Python,20,512,neumann,1,1,75p
Python,20,64,neumann,20,20,25p
Python,20,64,neumann,20,20,75p
Python,2000,64,periodic,2000,2000,50p not recorded; dt_out too large.
Python,20,512,periodic,20,20,75p
Python,20,512,neumann,20,20,25p
Python,20,512,neumann,1,1,50p
Python,20,64,periodic,1,1,25p
Python,2000,128,neumann,2000,2000,75p not recorded; dt_out too large.
Python,20,128,periodic,20,20,50p
Python,20,256,periodic,20,20,50p
Python,2000,256,neumann,2000,2000,50p not recorded; dt_out too large.
Python,20,64,periodic,20,20,50p
Python,2000,512,neumann,2000,2000,25p not recorded; dt_out too large.
Python,20,512,neumann,20,20,75p
Python,20,256,neumann,20,20,25p
Python,2000,64,neumann,2000,2000,75p not recorded; dt_out too large.
Python,20,128,neumann,20,20,25p
Python,20,64,periodic,20,20,75p
Python,20,256,periodic,1,1,75p
Python,20,64,periodic,1,1,50p
Python,20,128,periodic,1,1,25p
18
Python,20,256,neumann,20,20,75p
Python,2000,256,neumann,2000,2000,25p not recorded; dt_out too large.
Python,20,128,periodic,20,20,25p
Python,2000,256,periodic,2000,2000,50p not recorded; dt_out too large.
Python,20,256,periodic,20,20,25p
Python,20,512,neumann,20,20,50p
Python,2000,512,periodic,2000,2000,25p not recorded; dt_out too large.
Python,2000,64,periodic,2000,2000,75p not recorded; dt_out too large.
Python,2000,256,periodic,2000,2000,25p not recorded; dt_out too large.
Python,2000,256,neumann,2000,2000,75p not recorded; dt_out too large.
Python,2000,128,periodic,2000,2000,75p not recorded; dt_out too large.
Python,20,128,neumann,1,1,25p
Python,2000,256,periodic,2000,2000,75p not recorded; dt_out too large.
Python,20,256,neumann,20,20,50p
Python,2000,128,neumann,2000,2000,25p not recorded; dt_out too large.
Python,20,64,periodic,1,1,75p
Python,20,256,periodic,1,1,50p
Python,20,128,neumann,1,1,75p
Python,20,64,neumann,1,1,50p
Python,20,256,neumann,1,1,50p
Python,20,512,neumann,1,1,25p
Python,2000,128,neumann,2000,2000,50p not recorded; dt_out too large.
Python,2000,512,periodic,2000,2000,50p not recorded; dt_out too large.
Python,20,256,neumann,1,1,75p
Python,20,128,neumann,20,20,50p
Python,20,128,periodic,1,1,50p
Python,20,256,neumann,1,1,25p
Python,20,64,neumann,1,1,75p
Python,20,256,periodic,1,1,25p
Python,20,64,periodic,20,20,25p
Python,20,512,periodic,1,1,50p
Python,2000,512,neumann,2000,2000,50p not recorded; dt_out too large.
Python,2000,512,neumann,2000,2000,75p not recorded; dt_out too large.
Python,20,512,periodic,20,20,25p
Python,20,64,neumann,20,20,50p
Python,20,128,neumann,20,20,75p
Python,20,64,neumann,1,1,25p
Python,2000,64,neumann,2000,2000,25p not recorded; dt_out too large.
Python,20,512,periodic,1,1,25p
Python,2000,128,periodic,2000,2000,25p not recorded; dt_out too large.
Python,20,512,periodic,20,20,50p
Python,2000,512,periodic,2000,2000,75p not recorded; dt_out too large.
Python,20,128,periodic,1,1,75p
Python,20,512,periodic,1,1,75p
Python,20,128,neumann,1,1,50p
Python,2000,64,periodic,2000,2000,25p not recorded; dt_out too large.
Python,20,128,periodic,20,20,75p
Python,2000,64,neumann,2000,2000,50p not recorded; dt_out too large.
Python,2000,128,periodic,2000,2000,50p not recorded; dt_out too large.
Python,20,256,periodic,20,20,75p
Python,20,512,neumann,1,1,75p
Python,20,64,neumann,20,20,25p
Python,20,64,neumann,20,20,75p
Python,2000,64,periodic,2000,2000,50p not recorded; dt_out too large.
Python,20,512,periodic,20,20,75p
Python,20,512,neumann,20,20,25p
Python,20,512,neumann,1,1,50p
Python,20,64,periodic,1,1,25p
Python,2000,128,neumann,2000,2000,75p not recorded; dt_out too large.
Python,20,128,periodic,20,20,50p
Python,20,256,periodic,20,20,50p
Python,2000,256,neumann,2000,2000,50p not recorded; dt_out too large.
Python,20,64,periodic,20,20,50p
Python,2000,512,neumann,2000,2000,25p not recorded; dt_out too large.
Python,20,512,neumann,20,20,75p
Python,20,256,neumann,20,20,25p
Python,2000,64,neumann,2000,2000,75p not recorded; dt_out too large.
Python,20,128,neumann,20,20,25p
Python,20,64,periodic,20,20,75p
Python,20,256,periodic,1,1,75p
Python,20,64,periodic,1,1,50p
Python,20,128,periodic,1,1,25p
19
Python,20,256,neumann,20,20,75p
Python,2000,256,neumann,2000,2000,25p not recorded; dt_out too large.
Python,20,128,periodic,20,20,25p
Python,2000,256,periodic,2000,2000,50p not recorded; dt_out too large.
Python,20,256,periodic,20,20,25p
Python,20,512,neumann,20,20,50p
Python,2000,512,periodic,2000,2000,25p not recorded; dt_out too large.
Python,2000,64,periodic,2000,2000,75p not recorded; dt_out too large.
Python,2000,256,periodic,2000,2000,25p not recorded; dt_out too large.
Python,2000,256,neumann,2000,2000,75p not recorded; dt_out too large.
Python,2000,128,periodic,2000,2000,75p not recorded; dt_out too large.
Python,20,128,neumann,1,1,25p
Python,2000,256,periodic,2000,2000,75p not recorded; dt_out too large.
Python,20,256,neumann,20,20,50p
Python,2000,128,neumann,2000,2000,25p not recorded; dt_out too large.
Python,20,64,periodic,1,1,75p
Python,20,256,periodic,1,1,50p
Python,20,128,neumann,1,1,75p
Python,20,64,neumann,1,1,50p
Python,20,256,neumann,1,1,50p
Python,20,512,neumann,1,1,25p
Python,2000,128,neumann,2000,2000,50p not recorded; dt_out too large.
Python,2000,512,periodic,2000,2000,50p not recorded; dt_out too large.
Python,20,256,neumann,1,1,75p
Python,20,128,neumann,20,20,50p
Python,20,128,periodic,1,1,50p
Python,20,256,neumann,1,1,25p
Python,20,64,neumann,1,1,75p
Python,20,256,periodic,1,1,25p
Python,20,64,periodic,20,20,25p
Python,20,512,periodic,1,1,50p
Python,2000,512,neumann,2000,2000,50p not recorded; dt_out too large.
Python,2000,512,neumann,2000,2000,75p not recorded; dt_out too large.
Python,20,512,periodic,20,20,25p
Python,20,64,neumann,20,20,50p
Python,20,128,neumann,20,20,75p
Python,20,64,neumann,1,1,25p
Python,2000,64,neumann,2000,2000,25p not recorded; dt_out too large.
Python,20,512,periodic,1,1,25p
Python,2000,128,periodic,2000,2000,25p not recorded; dt_out too large.
Python,20,512,periodic,20,20,50p
Python,2000,512,periodic,2000,2000,75p not recorded; dt_out too large.
Python,20,128,periodic,1,1,75p
Python,20,512,periodic,1,1,75p
Python,20,128,neumann,1,1,50p
Python,2000,64,periodic,2000,2000,25p not recorded; dt_out too large.
Python,20,128,periodic,20,20,75p
Python,2000,64,neumann,2000,2000,50p not recorded; dt_out too large.
Python,2000,128,periodic,2000,2000,50p not recorded; dt_out too large.
Python,20,256,periodic,20,20,75p
Python,20,512,neumann,1,1,75p
Python,20,64,neumann,20,20,25p
Python,20,64,neumann,20,20,75p
Python,2000,64,periodic,2000,2000,50p not recorded; dt_out too large.
Python,20,512,periodic,20,20,75p
Python,20,512,neumann,20,20,25p
Python,20,512,neumann,1,1,50p
Python,20,64,periodic,1,1,25p
Python,2000,128,neumann,2000,2000,75p not recorded; dt_out too large.
Python,20,128,periodic,20,20,50p
Python,20,256,periodic,20,20,50p
Python,2000,256,neumann,2000,2000,50p not recorded; dt_out too large.
Python,20,64,periodic,20,20,50p
Python,2000,512,neumann,2000,2000,25p not recorded; dt_out too large.
Python,20,512,neumann,20,20,75p
Python,20,256,neumann,20,20,25p
Python,2000,64,neumann,2000,2000,75p not recorded; dt_out too large.
Python,20,128,neumann,20,20,25p
Python,20,64,periodic,20,20,75p
Python,20,256,periodic,1,1,75p
Python,20,64,periodic,1,1,50p
Python,20,128,periodic,1,1,25p
DONE
