Mon Jun 23 12:13:25 EDT 2025
64 neumann true NMG 75p
MODULES LOADED
ERROR: LoadError: Invalid filetype. Supported types are: mp4, gif
Stacktrace:
 [1] error(s::String)
   @ Base ./error.jl:35
 [2] ch_movie_from_file(phi_file::String, t_out::StepRangeLen{Float64, Base.TwicePrecision{Float64}, Base.TwicePrecision{Float64}, Int64}, ny::Int64; dtframes::Int64, filename::String, filetype::String, colorbar_type::String)
   @ Main /sfs/gpfs/tardis/home/xpz5km/Cahn_Hilliard_Model_HPC/spinodal_decomp/CahnHilliard_Julia_solvers/ch_movie_from_file.jl:27
 [3] top-level scope
   @ /sfs/gpfs/tardis/home/xpz5km/Cahn_Hilliard_Model_HPC/spinodal_decomp/CahnHilliard_Julia_solvers/run_spinodal_decomp_HPC.jl:81
in expression starting at /sfs/gpfs/tardis/home/xpz5km/Cahn_Hilliard_Model_HPC/spinodal_decomp/CahnHilliard_Julia_solvers/run_spinodal_decomp_HPC.jl:65
  5 percent complete
 10 percent complete
 15 percent complete
 20 percent complete
 25 percent complete
 30 percent complete
 35 percent complete
 40 percent complete
 45 percent complete
 50 percent complete
 60 percent complete
 65 percent complete
 70 percent complete
 75 percent complete
 80 percent complete
 85 percent complete
 90 percent complete
 95 percent complete
100 percent complete
Printing out results...
DONE
