Wed Jun 25 11:02:38 EDT 2025
0.105 12 10
MODULES LOADED
ERROR: LoadError: SystemError: opening file "/project/g_bme-janeslab/SarahG/julia_out/critical_radius_offcenter/phi_256_400000_1.0e-6__R0_0.105_eps_0.011257_periodic_offcenterphi.csv": No space left on device
Stacktrace:
  [1] systemerror(p::String, errno::Int32; extrainfo::Nothing)
    @ Base ./error.jl:176
  [2] #systemerror#82
    @ ./error.jl:175 [inlined]
  [3] systemerror
    @ ./error.jl:175 [inlined]
  [4] open(fname::String; lock::Bool, read::Nothing, write::Nothing, create::Nothing, truncate::Nothing, append::Bool)
    @ Base ./iostream.jl:293
  [5] open
    @ ./iostream.jl:275 [inlined]
  [6] open(fname::String, mode::String; lock::Bool)
    @ Base ./iostream.jl:356
  [7] open(::var"#18#20"{Matrix{Float64}}, ::String, ::Vararg{String}; kwargs::Base.Pairs{Symbol, Bool, Tuple{Symbol}, NamedTuple{(:lock,), Tuple{Bool}}})
    @ Base ./io.jl:393
  [8] open
    @ ./io.jl:392 [inlined]
  [9] CahnHilliard_NMG(phi0::Matrix{Float64}; t_iter::Int64, dt::Float64, solver_iter::Float64, tol::Float64, dt_out::Int64, m::Int64, epsilon2::Float64, boundary::String, c_relax::Int64, domain::Matrix{Int64}, printres::Bool, printphi::Bool, pathname::String)
    @ Main /sfs/gpfs/tardis/home/xpz5km/Cahn_Hilliard_Model_HPC/spinodal_decomp/CahnHilliard_Julia_solvers/CahnHilliard_NMG.jl:128
 [10] top-level scope
    @ ./timing.jl:393
in expression starting at /sfs/gpfs/tardis/home/xpz5km/Cahn_Hilliard_Model_HPC/run_julia_multigrid_critical_radius/julia_run_critical_radius_offcenter.jl:38
0.105
starting initialization
starting ch solver
  5 percent complete
DONE
