MODULES LOADED

                            < M A T L A B (R) >
                  Copyright 1984-2024 The MathWorks, Inc.
             R2024b Update 3 (24.2.0.2806996) 64-bit (glnxa64)
                             November 26, 2024

 
To get started, type doc.
For product information, visit www.mathworks.com.
 
 CHplotting_function_minutes('/project/g_bme-janeslab/SarahG/julia_out/CPC_geometry/CPC_domain_0_2_e_0.0067_t_0.04', 'phi_512_26214_1.0e-5__CPC_0.15_cohesin_0.09_eps_0.0067_smooth', , , '_minutes', );quit;
                                                                                                                                                                                      |
{Invalid expression. When calling a function or indexing a variable, use
parentheses. Otherwise, check for mismatched delimiters.
} 

                            < M A T L A B (R) >
                  Copyright 1984-2024 The MathWorks, Inc.
             R2024b Update 3 (24.2.0.2806996) 64-bit (glnxa64)
                             November 26, 2024

 
To get started, type doc.
For product information, visit www.mathworks.com.
 
 CHplotting_function_minutes('/project/g_bme-janeslab/SarahG/julia_out/CPC_geometry/CPC_domain_0_2_e_0.0067_t_0.04', 'phi_512_26214_1.0e-5__CPC_0.15_cohesin_0.09_eps_0.0067_noisy', , , '_minutes', );quit;
                                                                                                                                                                                     |
{Invalid expression. When calling a function or indexing a variable, use
parentheses. Otherwise, check for mismatched delimiters.
} 
Done.
