MODULES LOADED

                            < M A T L A B (R) >
                  Copyright 1984-2024 The MathWorks, Inc.
             R2024b Update 3 (24.2.0.2806996) 64-bit (glnxa64)
                             November 26, 2024

 
To get started, type doc.
For product information, visit www.mathworks.com.
 

phidims =

     1342464         512


                            < M A T L A B (R) >
                  Copyright 1984-2024 The MathWorks, Inc.
             R2024b Update 3 (24.2.0.2806996) 64-bit (glnxa64)
                             November 26, 2024

 
To get started, type doc.
For product information, visit www.mathworks.com.
 

phidims =

     1342464         512

{Error using imread (line 480)
PNG library failed:
Read Error

Error in CHplotting_function_minutes (line 50)
            img = imread('frame.png');
                  ^^^^^^^^^^^^^^^^^^^
} 
Done.
