Fri Jun 13 14:27:06 EDT 2025
0.11 12 10
MODULES LOADED
    Updating registry at `~/.julia/registries/General.toml`
ERROR: LoadError: The following package names could not be resolved:
 * random (not found in project, manifest or registry)
   Suggestions: Random RandomV06 Random123 RandomMeas RandomNoise RandomSplit
Stacktrace:
  [1] pkgerror(msg::String)
    @ Pkg.Types /sfs/gpfs/tardis/applications/202506/software/standard/core/julia/1.9.2/share/julia/stdlib/v1.9/Pkg/src/Types.jl:69
  [2] ensure_resolved(ctx::Pkg.Types.Context, manifest::Pkg.Types.Manifest, pkgs::Vector{Pkg.Types.PackageSpec}; registry::Bool)
    @ Pkg.Types /sfs/gpfs/tardis/applications/202506/software/standard/core/julia/1.9.2/share/julia/stdlib/v1.9/Pkg/src/Types.jl:1003
  [3] ensure_resolved
    @ /sfs/gpfs/tardis/applications/202506/software/standard/core/julia/1.9.2/share/julia/stdlib/v1.9/Pkg/src/Types.jl:954 [inlined]
  [4] add(ctx::Pkg.Types.Context, pkgs::Vector{Pkg.Types.PackageSpec}; preserve::Pkg.Types.PreserveLevel, platform::Base.BinaryPlatforms.Platform, kwargs::Base.Pairs{Symbol, IOStream, Tuple{Symbol}, NamedTuple{(:io,), Tuple{IOStream}}})
    @ Pkg.API /sfs/gpfs/tardis/applications/202506/software/standard/core/julia/1.9.2/share/julia/stdlib/v1.9/Pkg/src/API.jl:264
  [5] add(pkgs::Vector{Pkg.Types.PackageSpec}; io::IOStream, kwargs::Base.Pairs{Symbol, Union{}, Tuple{}, NamedTuple{(), Tuple{}}})
    @ Pkg.API /sfs/gpfs/tardis/applications/202506/software/standard/core/julia/1.9.2/share/julia/stdlib/v1.9/Pkg/src/API.jl:156
  [6] add(pkgs::Vector{Pkg.Types.PackageSpec})
    @ Pkg.API /sfs/gpfs/tardis/applications/202506/software/standard/core/julia/1.9.2/share/julia/stdlib/v1.9/Pkg/src/API.jl:145
  [7] #add#25
    @ /sfs/gpfs/tardis/applications/202506/software/standard/core/julia/1.9.2/share/julia/stdlib/v1.9/Pkg/src/API.jl:144 [inlined]
  [8] add
    @ /sfs/gpfs/tardis/applications/202506/software/standard/core/julia/1.9.2/share/julia/stdlib/v1.9/Pkg/src/API.jl:144 [inlined]
  [9] #add#24
    @ /sfs/gpfs/tardis/applications/202506/software/standard/core/julia/1.9.2/share/julia/stdlib/v1.9/Pkg/src/API.jl:143 [inlined]
 [10] add(pkg::String)
    @ Pkg.API /sfs/gpfs/tardis/applications/202506/software/standard/core/julia/1.9.2/share/julia/stdlib/v1.9/Pkg/src/API.jl:143
 [11] top-level scope
    @ /sfs/gpfs/tardis/home/xpz5km/Cahn_Hilliard_Model_HPC/run_julia_multigrid_critical_radius/julia_run_critical_radius_offcenter.jl:2
in expression starting at /sfs/gpfs/tardis/home/xpz5km/Cahn_Hilliard_Model_HPC/run_julia_multigrid_critical_radius/julia_run_critical_radius_offcenter.jl:2
DONE
