Tue Jul 1 15:14:37 EDT 2025
0.21 64 10
LOADED MATLAB
0.21
64

                            < M A T L A B (R) >
                  Copyright 1984-2024 The MathWorks, Inc.
             R2024b Update 3 (24.2.0.2806996) 64-bit (glnxa64)
                             November 26, 2024

 
To get started, type doc.
For product information, visit www.mathworks.com.
 

eps =

    0.1201


epsilon_name = 

    "0.12007"


R0_name =

    '0.21'


name =

    'phi_128_400000_1.0e-6__R0_0.21_eps_0.12007'

{Error using readmatrix (line 171)
Unable to find or open
'/scratch/xpz5km/Cahn_Hilliard_Model/julia_out/critical_radius_updated_IC/phi_128_400000_1.0e-6__R0_0.21_eps_0.12007.csv'.
Check the path and filename or file permissions.

Error in level_set_plot (line 14)
    phi = readmatrix(sprintf('%s/%s.csv', indir, name),'FileType','text');
          ^^^^^^^^^^^^^^^^^^^^^^^^^^^^^^^^^^^^^^^^^^^^^^^^^^^^^^^^^^^^^^^
Error in level_set_radius_array (line 24)
    [rr,tt] = level_set_plot(2.5e-5, indir, total_time, everyR, epsilon_name, R0_name, folder, Nx, suffix);
              ^^^^^^^^^^^^^^^^^^^^^^^^^^^^^^^^^^^^^^^^^^^^^^^^^^^^^^^^^^^^^^^^^^^^^^^^^^^^^^^^^^^^^^^^^^^^
} 
DONE
