Sat Jul 12 16:43:40 EDT 2025
64 periodic true SAV 25p
MODULES LOADED
GKS: cannot open display - headless operation mode active
[ Info: Saved animation to /project/g_bme-janeslab/SarahG/spinodal_decomp_06_2025/out_julia/plots/SAV_Julia_20000_dt_5.50e-07_Nx_64_periodic_dtout_1025p_NMG_Julia_20000_dt_5.50e-07_Nx_64_periodic_dtout_1025p.mp4
Starting...
/project/g_bme-janeslab/SarahG/spinodal_decomp_06_2025/out_julia/SAV_Julia_20000_dt_5.50e-07_Nx_64_periodic_dtout_1025p
2001
2001
(64, 64, 201)
1
  0 percent complete
2
3
4
5
6
7
8
9
10
11
  5 percent complete
12
13
14
15
16
17
18
19
20
21
 10 percent complete
22
23
24
25
26
27
28
29
30
31
 15 percent complete
32
33
34
35
36
37
38
39
40
41
 20 percent complete
42
43
44
45
46
47
48
49
50
51
 25 percent complete
52
53
54
55
56
57
58
59
60
61
 30 percent complete
62
63
64
65
66
67
68
69
70
71
 35 percent complete
72
73
74
75
76
77
78
79
80
81
 40 percent complete
82
83
84
85
86
87
88
89
90
91
 45 percent complete
92
93
94
95
96
97
98
99
100
101
 50 percent complete
102
103
104
105
106
107
108
109
110
111
112
113
114
115
116
117
118
119
120
121
 60 percent complete
122
123
124
125
126
127
128
129
130
131
 65 percent complete
132
133
134
135
136
137
138
139
140
141
 70 percent complete
142
143
144
145
146
147
148
149
150
151
 75 percent complete
152
153
154
155
156
157
158
159
160
161
 80 percent complete
162
163
164
165
166
167
168
169
170
171
 85 percent complete
172
173
174
175
176
177
178
179
180
181
 90 percent complete
182
183
184
185
186
187
188
189
190
191
 95 percent complete
192
193
194
195
196
197
198
199
200
201
100 percent complete
Animation saved as /project/g_bme-janeslab/SarahG/spinodal_decomp_06_2025/out_julia/plots/SAV_Julia_20000_dt_5.50e-07_Nx_64_periodic_dtout_1025p_NMG_Julia_20000_dt_5.50e-07_Nx_64_periodic_dtout_1025p.mp4
DONE
