Tue Jun 17 10:34:32 EDT 2025
0.09 12 10
LOADED MATLAB
0.09
12

                            < M A T L A B (R) >
                  Copyright 1984-2024 The MathWorks, Inc.
             R2024b Update 3 (24.2.0.2806996) 64-bit (glnxa64)
                             November 26, 2024

 
To get started, type doc.
For product information, visit www.mathworks.com.
 

epsilson =

    0.0225


epsilon_name = 

    "0.022514"


R0_name =

    '0.09'

{Error: File:
/sfs/gpfs/tardis/home/xpz5km/Cahn_Hilliard_Model_HPC/level_set_plot_alt_IC.m
Line: 13 Column: 78
Invalid expression. Check for missing or extra characters.

Error in level_set_radius_array_alt_IC (line 8)
    [rr,tt] = level_set_plot_alt_IC(2.5e-5, indir, total_time, everyR, epsilon_name, R0_name, folder, Nx, suffix);
              ^^^^^^^^^^^^^^^^^^^^^^^^^^^^^^^^^^^^^^^^^^^^^^^^^^^^^^^^^^^^^^^^^^^^^^^^^^^^^^^^^^^^^^^^^^^^^^^^^^^
} 
DONE
