Tue Jun 17 10:34:32 EDT 2025
0.105 12 10
LOADED MATLAB
0.105
12

                            < M A T L A B (R) >
                  Copyright 1984-2024 The MathWorks, Inc.
             R2024b Update 3 (24.2.0.2806996) 64-bit (glnxa64)
                             November 26, 2024

[Warning: Unable to load Toolbox Path Cache
/home/xpz5km/.matlab/R2024b/toolbox_cache-24.2.0-455963650-glnxa64.xml. The
cache file is not in the correct format. It will be regenerated upon quitting
MATLAB.] 
 
To get started, type doc.
For product information, visit www.mathworks.com.
 

epsilson =

    0.0225


epsilon_name = 

    "0.022514"


R0_name =

    '0.105'

{Error: File:
/sfs/gpfs/tardis/home/xpz5km/Cahn_Hilliard_Model_HPC/level_set_plot_alt_IC.m
Line: 13 Column: 78
Invalid expression. Check for missing or extra characters.

Error in level_set_radius_array_alt_IC (line 8)
    [rr,tt] = level_set_plot_alt_IC(2.5e-5, indir, total_time, everyR, epsilon_name, R0_name, folder, Nx, suffix);
              ^^^^^^^^^^^^^^^^^^^^^^^^^^^^^^^^^^^^^^^^^^^^^^^^^^^^^^^^^^^^^^^^^^^^^^^^^^^^^^^^^^^^^^^^^^^^^^^^^^^
} 
DONE
