Tue Jun 17 12:50:21 EDT 2025
0.11 12 10
MODULES LOADED
ERROR: LoadError: syntax: missing separator in array expression
Stacktrace:
 [1] top-level scope
   @ /sfs/gpfs/tardis/home/xpz5km/Cahn_Hilliard_Model_HPC/run_julia_multigrid_critical_radius/julia_run_critical_radius_offcenter.jl:42
in expression starting at /sfs/gpfs/tardis/home/xpz5km/Cahn_Hilliard_Model_HPC/run_julia_multigrid_critical_radius/julia_run_critical_radius_offcenter.jl:42
0.11
starting initialization
starting ch solver
  5 percent complete
 10 percent complete
 15 percent complete
 20 percent complete
 25 percent complete
 30 percent complete
 35 percent complete
 40 percent complete
 45 percent complete
 50 percent complete
 60 percent complete
 65 percent complete
 70 percent complete
 75 percent complete
 80 percent complete
 85 percent complete
 90 percent complete
 95 percent complete
100 percent complete
DONE
