Sat Jul 12 17:06:39 EDT 2025
512 periodic true SAV 50p
MODULES LOADED
ERROR: LoadError: BoundsError: attempt to access 16384×512 Matrix{Float64} at index [16385:16896, 1:512]
Stacktrace:
 [1] throw_boundserror(A::Matrix{Float64}, I::Tuple{UnitRange{Int64}, Base.Slice{Base.OneTo{Int64}}})
   @ Base ./abstractarray.jl:744
 [2] checkbounds
   @ ./abstractarray.jl:709 [inlined]
 [3] _getindex
   @ ./multidimensional.jl:860 [inlined]
 [4] getindex(::Matrix{Float64}, ::UnitRange{Int64}, ::Function)
   @ Base ./abstractarray.jl:1294
 [5] top-level scope
   @ /sfs/gpfs/tardis/home/xpz5km/Cahn_Hilliard_Model_HPC/spinodal_decomp/difference_map_movie.jl:151
in expression starting at /sfs/gpfs/tardis/home/xpz5km/Cahn_Hilliard_Model_HPC/spinodal_decomp/difference_map_movie.jl:150
Starting...
/project/g_bme-janeslab/SarahG/spinodal_decomp_06_2025/out_MATLAB/SAV_MATLAB_2000_dt_5.50e-07_Nx_512_periodic_dt_out_1050p
Timepoints do not match: 201 vs 32
201
32
DONE
