Fri Jul 11 11:15:25 EDT 2025
64 periodic true SAV 75p
MODULES LOADED
ERROR: LoadError: MethodError: no method matching parse_py_complex(::SubString{String})

Closest candidates are:
  parse_py_complex(!Matched::String)
   @ Main /sfs/gpfs/tardis/home/xpz5km/Cahn_Hilliard_Model_HPC/spinodal_decomp/rmse.jl:50
  parse_py_complex(!Matched::Float64)
   @ Main /sfs/gpfs/tardis/home/xpz5km/Cahn_Hilliard_Model_HPC/spinodal_decomp/rmse.jl:57

Stacktrace:
 [1] _broadcast_getindex_evalf
   @ ./broadcast.jl:683 [inlined]
 [2] _broadcast_getindex
   @ ./broadcast.jl:656 [inlined]
 [3] _getindex
   @ ./broadcast.jl:680 [inlined]
 [4] _broadcast_getindex
   @ ./broadcast.jl:655 [inlined]
 [5] getindex
   @ ./broadcast.jl:610 [inlined]
 [6] copyto_nonleaf!(dest::Matrix{Float64}, bc::Base.Broadcast.Broadcasted{Base.Broadcast.DefaultArrayStyle{2}, Tuple{Base.OneTo{Int64}, Base.OneTo{Int64}}, typeof(real), Tuple{Base.Broadcast.Broadcasted{Base.Broadcast.DefaultArrayStyle{2}, Nothing, typeof(parse_py_complex), Tuple{Base.Broadcast.Extruded{Matrix{Any}, Tuple{Bool, Bool}, Tuple{Int64, Int64}}}}}}, iter::CartesianIndices{2, Tuple{Base.OneTo{Int64}, Base.OneTo{Int64}}}, state::CartesianIndex{2}, count::Int64)
   @ Base.Broadcast ./broadcast.jl:1068
 [7] copy
   @ ./broadcast.jl:920 [inlined]
 [8] materialize(bc::Base.Broadcast.Broadcasted{Base.Broadcast.DefaultArrayStyle{2}, Nothing, typeof(real), Tuple{Base.Broadcast.Broadcasted{Base.Broadcast.DefaultArrayStyle{2}, Nothing, typeof(parse_py_complex), Tuple{Matrix{Any}}}}})
   @ Base.Broadcast ./broadcast.jl:873
 [9] top-level scope
   @ /sfs/gpfs/tardis/home/xpz5km/Cahn_Hilliard_Model_HPC/spinodal_decomp/rmse.jl:59
in expression starting at /sfs/gpfs/tardis/home/xpz5km/Cahn_Hilliard_Model_HPC/spinodal_decomp/rmse.jl:59
Starting...
/project/g_bme-janeslab/SarahG/spinodal_decomp_06_2025/out_MATLAB/SAV_MATLAB_2000_dt_5.50e-06_Nx_64_periodic_dt_out_1075p_
DONE
