Sat Jul 12 16:50:39 EDT 2025
512 neumann true SAV 75p
MODULES LOADED
ERROR: LoadError: BoundsError: attempt to access 63488×512 Matrix{Float64} at index [63489:64000, 1:512]
Stacktrace:
 [1] throw_boundserror(A::Matrix{Float64}, I::Tuple{UnitRange{Int64}, Base.Slice{Base.OneTo{Int64}}})
   @ Base ./abstractarray.jl:744
 [2] checkbounds
   @ ./abstractarray.jl:709 [inlined]
 [3] _getindex
   @ ./multidimensional.jl:860 [inlined]
 [4] getindex(::Matrix{Float64}, ::UnitRange{Int64}, ::Function)
   @ Base ./abstractarray.jl:1294
 [5] top-level scope
   @ /sfs/gpfs/tardis/home/xpz5km/Cahn_Hilliard_Model_HPC/spinodal_decomp/difference_map_movie.jl:150
in expression starting at /sfs/gpfs/tardis/home/xpz5km/Cahn_Hilliard_Model_HPC/spinodal_decomp/difference_map_movie.jl:149
Starting...
/project/g_bme-janeslab/SarahG/spinodal_decomp_06_2025/out_MATLAB/SAV_MATLAB_2000_dt_5.50e-07_Nx_512_neumann_dt_out_1075p
Timepoints do not match: 201 vs 124
201
124
DONE
