Tue Apr 7 10:38:00 EDT 2026
=== CPU SPECIFICATIONS ===
Socket(s):           2
Model name:          AMD EPYC 9454 48-Core Processor
CPU max MHz:         3810.7910
CPU min MHz:         1500.0000

512 neumann true SAV 25p
MODULES LOADED
   Resolving package versions...
  No Changes to `/sfs/gpfs/tardis/home/xpz5km/.julia/environments/v1.11/Project.toml`
  No Changes to `/sfs/gpfs/tardis/home/xpz5km/.julia/environments/v1.11/Manifest.toml`
   Resolving package versions...
   Installed SentinelArrays ───── v1.4.9
   Installed InlineStrings ────── v1.4.5
   Installed OrderedCollections ─ v1.8.1
   Installed Tables ───────────── v1.12.1
   Installed DataStructures ───── v0.19.4
   Installed SortingAlgorithms ── v1.2.2
   Installed DataFrames ───────── v1.8.1
   Installed PrettyTables ─────── v3.3.2
   Installed StringManipulation ─ v0.4.4
    Updating `/sfs/gpfs/tardis/home/xpz5km/.julia/environments/v1.11/Project.toml`
  [a93c6f00] + DataFrames v1.8.1
    Updating `/sfs/gpfs/tardis/home/xpz5km/.julia/environments/v1.11/Manifest.toml`
  [a8cc5b0e] + Crayons v4.1.1
  [9a962f9c] + DataAPI v1.16.0
  [a93c6f00] + DataFrames v1.8.1
  [864edb3b] + DataStructures v0.19.4
  [e2d170a0] + DataValueInterfaces v1.0.0
  [842dd82b] + InlineStrings v1.4.5
  [41ab1584] + InvertedIndices v1.3.1
  [82899510] + IteratorInterfaceExtensions v1.0.0
  [b964fa9f] + LaTeXStrings v1.4.0
  [e1d29d7a] + Missings v1.2.0
  [bac558e1] + OrderedCollections v1.8.1
  [2dfb63ee] + PooledArrays v1.4.3
  [08abe8d2] + PrettyTables v3.3.2
  [189a3867] + Reexport v1.2.2
  [91c51154] + SentinelArrays v1.4.9
  [a2af1166] + SortingAlgorithms v1.2.2
  [892a3eda] + StringManipulation v0.4.4
  [3783bdb8] + TableTraits v1.0.1
  [bd369af6] + Tables v1.12.1
  [2a0f44e3] + Base64 v1.11.0
  [9fa8497b] + Future v1.11.0
  [b77e0a4c] + InteractiveUtils v1.11.0
  [d6f4376e] + Markdown v1.11.0
  [3fa0cd96] + REPL v1.11.0
  [6462fe0b] + Sockets v1.11.0
  [f489334b] + StyledStrings v1.11.0
Precompiling project...
    493.8 ms  ✓ IteratorInterfaceExtensions
    609.2 ms  ✓ DataValueInterfaces
    508.4 ms  ✓ Reexport
    510.0 ms  ✓ DataAPI
    538.0 ms  ✓ LaTeXStrings
    541.8 ms  ✓ InvertedIndices
    786.4 ms  ✓ OrderedCollections
    701.3 ms  ✓ InlineStrings
    317.4 ms  ✓ TableTraits
    410.9 ms  ✓ Missings
    416.0 ms  ✓ PooledArrays
   1039.3 ms  ✓ Crayons
    473.1 ms  ✓ InlineStrings → ParsersExt
    904.8 ms  ✓ SentinelArrays
    635.5 ms  ✓ Tables
   1341.4 ms  ✓ StringManipulation
    329.6 ms  ✓ StructUtils → StructUtilsTablesExt
   1249.2 ms  ✓ DataStructures
    379.5 ms  ✓ SortingAlgorithms
  17023.7 ms  ✓ PrettyTables
  25533.6 ms  ✓ DataFrames
  21 dependencies successfully precompiled in 45 seconds. 23 already precompiled.
ERROR: LoadError: ArgumentError: Package StaticArrays not found in current path.
- Run `import Pkg; Pkg.add("StaticArrays")` to install the StaticArrays package.
Stacktrace:
 [1] macro expansion
   @ ./loading.jl:2296 [inlined]
 [2] macro expansion
   @ ./lock.jl:273 [inlined]
 [3] __require(into::Module, mod::Symbol)
   @ Base ./loading.jl:2271
 [4] #invoke_in_world#3
   @ ./essentials.jl:1089 [inlined]
 [5] invoke_in_world
   @ ./essentials.jl:1086 [inlined]
 [6] require(into::Module, mod::Symbol)
   @ Base ./loading.jl:2260
 [7] include(fname::String)
   @ Main ./sysimg.jl:38
 [8] top-level scope
   @ /sfs/gpfs/tardis/home/xpz5km/Cahn_Hilliard_Model_HPC/spinodal_decomp/CahnHilliard_Julia_solvers/run_spinodal_decomp_HPC.jl:9
in expression starting at /sfs/gpfs/tardis/home/xpz5km/Cahn_Hilliard_Model_HPC/spinodal_decomp/CahnHilliard_Julia_solvers/CahnHilliard_NMG.jl:24
in expression starting at /sfs/gpfs/tardis/home/xpz5km/Cahn_Hilliard_Model_HPC/spinodal_decomp/CahnHilliard_Julia_solvers/run_spinodal_decomp_HPC.jl:9

=== CLOCK RATE DURING SIMULATION ===
Average CPU MHz: 0
DONE
