Tue Jul 1 14:31:55 EDT 2025
Loading modules...
Finished loading modules...
64 neumann true SAV 25p
/sfs/gpfs/tardis/home/xpz5km/Cahn_Hilliard_Model_HPC/spinodal_decomp/CahnHilliard_Python_solvers/CHsolvers/CahnHilliard_SAV.py:152: ComplexWarning: Casting complex values to real discards the imaginary part
  D_t[0] = ch_r_error(r_old, phi_old, h2, C0, gamma0)
/sfs/gpfs/tardis/home/xpz5km/Cahn_Hilliard_Model_HPC/spinodal_decomp/CahnHilliard_Python_solvers/CHsolvers/CahnHilliard_SAV.py:184: ComplexWarning: Casting complex values to real discards the imaginary part
  E_t[t_index] = calculate_discrete_energy(
/sfs/gpfs/tardis/home/xpz5km/Cahn_Hilliard_Model_HPC/spinodal_decomp/CahnHilliard_Python_solvers/CHsolvers/CahnHilliard_SAV.py:186: ComplexWarning: Casting complex values to real discards the imaginary part
  D_t[t_index] = ch_r_error(r_new, phi_new, h2, C0, gamma0)
Running SAV...
Saving squared residuals per iteration to file in the output directory

  0 percent complete
  5 percent complete
 10 percent complete
 15 percent complete
 20 percent complete
 25 percent complete
 30 percent complete
 35 percent complete
 40 percent complete
 45 percent complete
 50 percent complete
 60 percent complete
 65 percent complete
 70 percent complete
 75 percent complete
 80 percent complete
 85 percent complete
 90 percent complete
 95 percent complete
DONE
