Tue Apr 7 10:48:19 EDT 2026
=== CPU SPECIFICATIONS ===
Socket(s):           2
Model name:          AMD EPYC 9454 48-Core Processor
CPU max MHz:         3810.7910
CPU min MHz:         1500.0000

512 neumann true SAV 50p
MODULES LOADED
   Resolving package versions...
  No Changes to `/sfs/gpfs/tardis/home/xpz5km/.julia/environments/v1.11/Project.toml`
  No Changes to `/sfs/gpfs/tardis/home/xpz5km/.julia/environments/v1.11/Manifest.toml`
   Resolving package versions...
  No Changes to `/sfs/gpfs/tardis/home/xpz5km/.julia/environments/v1.11/Project.toml`
  No Changes to `/sfs/gpfs/tardis/home/xpz5km/.julia/environments/v1.11/Manifest.toml`
   Resolving package versions...
  No Changes to `/sfs/gpfs/tardis/home/xpz5km/.julia/environments/v1.11/Project.toml`
  No Changes to `/sfs/gpfs/tardis/home/xpz5km/.julia/environments/v1.11/Manifest.toml`
   Resolving package versions...
  No Changes to `/sfs/gpfs/tardis/home/xpz5km/.julia/environments/v1.11/Project.toml`
  No Changes to `/sfs/gpfs/tardis/home/xpz5km/.julia/environments/v1.11/Manifest.toml`
   Resolving package versions...
  No Changes to `/sfs/gpfs/tardis/home/xpz5km/.julia/environments/v1.11/Project.toml`
  No Changes to `/sfs/gpfs/tardis/home/xpz5km/.julia/environments/v1.11/Manifest.toml`
   Resolving package versions...
  No Changes to `/sfs/gpfs/tardis/home/xpz5km/.julia/environments/v1.11/Project.toml`
  No Changes to `/sfs/gpfs/tardis/home/xpz5km/.julia/environments/v1.11/Manifest.toml`
   Resolving package versions...
   Installed Opus_jll ───────────────────── v1.6.1+0
   Installed Libmount_jll ───────────────── v2.41.3+0
   Installed GR_jll ─────────────────────── v0.73.24+0
   Installed x265_jll ───────────────────── v4.1.0+0
   Installed libfdk_aac_jll ─────────────── v2.0.4+0
   Installed JpegTurbo_jll ──────────────── v3.1.4+0
   Installed LoggingExtras ──────────────── v1.2.0
   Installed Measures ───────────────────── v0.3.3
   Installed Xorg_xcb_util_wm_jll ───────── v0.4.2+0
   Installed Xorg_xkbcomp_jll ───────────── v1.4.7+0
   Installed Xorg_xcb_util_image_jll ────── v0.4.1+0
   Installed GR ─────────────────────────── v0.73.24
   Installed PlotUtils ──────────────────── v1.4.4
   Installed ConcurrentUtilities ────────── v2.5.1
   Installed OpenSSL ────────────────────── v1.6.1
   Installed Xorg_xcb_util_jll ──────────── v0.4.1+0
   Installed ColorSchemes ───────────────── v3.31.0
   Installed Xorg_libxkbfile_jll ────────── v1.2.0+0
   Installed Cairo_jll ──────────────────── v1.18.6+0
   Installed libva_jll ──────────────────── v2.23.0+0
   Installed Xorg_libXinerama_jll ───────── v1.1.7+0
   Installed Xorg_libSM_jll ─────────────── v1.2.6+0
   Installed HTTP ───────────────────────── v1.11.0
   Installed Fontconfig_jll ─────────────── v2.17.1+0
   Installed IrrationalConstants ────────── v0.2.6
   Installed Pango_jll ──────────────────── v1.57.0+0
   Installed Xorg_xcb_util_keysyms_jll ──── v0.4.1+0
   Installed Xorg_libpciaccess_jll ──────── v0.18.1+0
   Installed FFMPEG ─────────────────────── v0.4.5
   Installed xkbcommon_jll ──────────────── v1.13.0+0
   Installed HarfBuzz_jll ───────────────── v8.5.1+0
   Installed XZ_jll ─────────────────────── v5.8.2+0
   Installed Xorg_libXau_jll ────────────── v1.0.13+0
   Installed PtrArrays ──────────────────── v1.4.0
   Installed MbedTLS ────────────────────── v1.1.10
   Installed GLFW_jll ───────────────────── v3.4.1+0
   Installed fzf_jll ────────────────────── v0.61.1+0
   Installed x264_jll ───────────────────── v10164.0.1+0
   Installed StatsAPI ───────────────────── v1.8.0
   Installed JLFzf ──────────────────────── v0.1.11
   Installed NaNMath ────────────────────── v1.1.3
   Installed StatsBase ──────────────────── v0.34.10
   Installed Colors ─────────────────────── v0.13.1
   Installed Qt6Svg_jll ─────────────────── v6.10.2+0
   Installed FreeType2_jll ──────────────── v2.14.3+1
   Installed Xorg_libxcb_jll ────────────── v1.17.1+0
   Installed mtdev_jll ──────────────────── v1.1.7+0
   Installed Scratch ────────────────────── v1.3.0
   Installed eudev_jll ──────────────────── v3.2.14+0
   Installed Expat_jll ──────────────────── v2.7.3+0
   Installed libpng_jll ─────────────────── v1.6.56+0
   Installed libaom_jll ─────────────────── v3.13.1+0
   Installed ColorVectorSpace ───────────── v0.11.0
   Installed ColorTypes ─────────────────── v0.12.1
   Installed Plots ──────────────────────── v1.41.6
   Installed Xorg_libXext_jll ───────────── v1.3.8+0
   Installed Xorg_xcb_util_cursor_jll ───── v0.1.6+0
   Installed Libtiff_jll ────────────────── v4.7.2+0
   Installed Xorg_libXrender_jll ────────── v0.9.12+0
   Installed Ogg_jll ────────────────────── v1.3.6+0
   Installed libevdev_jll ───────────────── v1.13.4+0
   Installed Xorg_libXi_jll ─────────────── v1.8.3+0
   Installed libinput_jll ───────────────── v1.28.1+0
   Installed Libffi_jll ─────────────────── v3.4.7+0
   Installed LogExpFunctions ────────────── v0.3.29
   Installed Qt6ShaderTools_jll ─────────── v6.10.2+1
   Installed Xorg_libXcursor_jll ────────── v1.2.4+0
   Installed Libuuid_jll ────────────────── v2.41.3+0
   Installed Ghostscript_jll ────────────── v9.55.1+0
   Installed MacroTools ─────────────────── v0.5.16
   Installed DocStringExtensions ────────── v0.9.5
   Installed Xorg_xcb_util_renderutil_jll ─ v0.3.10+0
   Installed Qt6Declarative_jll ─────────── v6.10.2+1
   Installed StableRNGs ─────────────────── v1.0.4
   Installed Wayland_jll ────────────────── v1.24.0+0
   Installed libass_jll ─────────────────── v0.17.4+0
   Installed OpenSSL_jll ────────────────── v3.5.5+0
   Installed Xorg_xkeyboard_config_jll ──── v2.44.0+0
   Installed LLVMOpenMP_jll ─────────────── v18.1.8+0
   Installed LAME_jll ───────────────────── v3.100.3+0
   Installed Latexify ───────────────────── v0.16.10
   Installed libdrm_jll ─────────────────── v2.4.125+1
   Installed GettextRuntime_jll ─────────── v0.22.4+0
   Installed Xorg_libXfixes_jll ─────────── v6.0.2+0
   Installed FFMPEG_jll ─────────────────── v8.0.1+1
   Installed Qt6Wayland_jll ─────────────── v6.10.2+1
   Installed Xorg_libXrandr_jll ─────────── v1.5.6+0
   Installed libvorbis_jll ──────────────── v1.3.8+0
   Installed Glib_jll ───────────────────── v2.86.3+0
   Installed URIs ───────────────────────── v1.6.1
   Installed Libglvnd_jll ───────────────── v1.7.1+1
   Installed Qt6Base_jll ────────────────── v6.10.2+1
   Installed Xorg_libX11_jll ────────────── v1.8.13+0
   Installed Xorg_libXdmcp_jll ──────────── v1.1.6+0
    Updating `/sfs/gpfs/tardis/home/xpz5km/.julia/environments/v1.11/Project.toml`
  [91a5bcdd] + Plots v1.41.6
    Updating `/sfs/gpfs/tardis/home/xpz5km/.julia/environments/v1.11/Manifest.toml`
  [66dad0bd] + AliasTables v1.1.3
  [d1d4a3ce] + BitFlags v0.1.9
  [944b1d66] + CodecZlib v0.7.8
  [35d6a980] + ColorSchemes v3.31.0
  [3da002f7] + ColorTypes v0.12.1
  [c3611d14] + ColorVectorSpace v0.11.0
  [5ae59095] + Colors v0.13.1
  [f0e56b4a] + ConcurrentUtilities v2.5.1
  [d38c429a] + Contour v0.6.3
  [8bb1440f] + DelimitedFiles v1.9.1
  [ffbed154] + DocStringExtensions v0.9.5
  [460bff9d] + ExceptionUnwrapping v0.1.11
  [c87230d0] + FFMPEG v0.4.5
  [53c48c17] + FixedPointNumbers v0.8.5
  [1fa38f19] + Format v1.3.7
  [28b8d3ca] + GR v0.73.24
  [42e2da0e] + Grisu v1.0.2
  [cd3eb016] + HTTP v1.11.0
  [92d709cd] + IrrationalConstants v0.2.6
  [1019f520] + JLFzf v0.1.11
  [23fbe1c1] + Latexify v0.16.10
  [2ab3a3ac] + LogExpFunctions v0.3.29
  [e6f89c97] + LoggingExtras v1.2.0
  [1914dd2f] + MacroTools v0.5.16
  [739be429] + MbedTLS v1.1.10
  [442fdcdd] + Measures v0.3.3
  [77ba4419] + NaNMath v1.1.3
  [4d8831e6] + OpenSSL v1.6.1
  [ccf2f8ad] + PlotThemes v3.3.0
  [995b91a9] + PlotUtils v1.4.4
  [91a5bcdd] + Plots v1.41.6
  [43287f4e] + PtrArrays v1.4.0
  [3cdcf5f2] + RecipesBase v1.3.4
  [01d81517] + RecipesPipeline v0.6.12
  [05181044] + RelocatableFolders v1.0.1
  [ae029012] + Requires v1.3.1
  [6c6a2e73] + Scratch v1.3.0
  [992d4aef] + Showoff v1.0.3
  [777ac1f9] + SimpleBufferStream v1.2.0
  [860ef19b] + StableRNGs v1.0.4
  [82ae8749] + StatsAPI v1.8.0
  [2913bbd2] + StatsBase v0.34.10
  [62fd8b95] + TensorCore v0.1.1
  [3bb67fe8] + TranscodingStreams v0.11.3
  [5c2747f8] + URIs v1.6.1
  [1cfade01] + UnicodeFun v0.4.1
  [41fe7b60] + Unzip v0.2.0
  [6e34b625] + Bzip2_jll v1.0.9+0
  [83423d85] + Cairo_jll v1.18.6+0
  [ee1fde0b] + Dbus_jll v1.16.2+0
  [2702e6a9] + EpollShim_jll v0.0.20230411+1
  [2e619515] + Expat_jll v2.7.3+0
  [b22a6f82] + FFMPEG_jll v8.0.1+1
  [a3f928ae] + Fontconfig_jll v2.17.1+0
  [d7e528f0] + FreeType2_jll v2.14.3+1
  [559328eb] + FriBidi_jll v1.0.17+0
  [0656b61e] + GLFW_jll v3.4.1+0
  [d2c73de3] + GR_jll v0.73.24+0
⌅ [b0724c58] + GettextRuntime_jll v0.22.4+0
  [61579ee1] + Ghostscript_jll v9.55.1+0
  [7746bdde] + Glib_jll v2.86.3+0
  [3b182d85] + Graphite2_jll v1.3.15+0
  [2e76f6c2] + HarfBuzz_jll v8.5.1+0
  [aacddb02] + JpegTurbo_jll v3.1.4+0
  [c1c5ebd0] + LAME_jll v3.100.3+0
  [88015f11] + LERC_jll v4.0.1+0
  [1d63c593] + LLVMOpenMP_jll v18.1.8+0
⌅ [e9f186c6] + Libffi_jll v3.4.7+0
  [7e76a0d4] + Libglvnd_jll v1.7.1+1
  [94ce4f54] + Libiconv_jll v1.18.0+0
  [4b2f31a3] + Libmount_jll v2.41.3+0
  [89763e89] + Libtiff_jll v4.7.2+0
  [38a345b3] + Libuuid_jll v2.41.3+0
  [e7412a2a] + Ogg_jll v1.3.6+0
  [458c3c95] + OpenSSL_jll v3.5.5+0
  [91d4177d] + Opus_jll v1.6.1+0
  [36c8627f] + Pango_jll v1.57.0+0
⌅ [30392449] + Pixman_jll v0.44.2+0
  [c0090381] + Qt6Base_jll v6.10.2+1
  [629bc702] + Qt6Declarative_jll v6.10.2+1
  [ce943373] + Qt6ShaderTools_jll v6.10.2+1
  [6de9746b] + Qt6Svg_jll v6.10.2+0
  [e99dba38] + Qt6Wayland_jll v6.10.2+1
  [a44049a8] + Vulkan_Loader_jll v1.3.243+0
  [a2964d1f] + Wayland_jll v1.24.0+0
  [ffd25f8a] + XZ_jll v5.8.2+0
  [f67eecfb] + Xorg_libICE_jll v1.1.2+0
  [c834827a] + Xorg_libSM_jll v1.2.6+0
  [4f6342f7] + Xorg_libX11_jll v1.8.13+0
  [0c0b7dd1] + Xorg_libXau_jll v1.0.13+0
  [935fb764] + Xorg_libXcursor_jll v1.2.4+0
  [a3789734] + Xorg_libXdmcp_jll v1.1.6+0
  [1082639a] + Xorg_libXext_jll v1.3.8+0
  [d091e8ba] + Xorg_libXfixes_jll v6.0.2+0
  [a51aa0fd] + Xorg_libXi_jll v1.8.3+0
  [d1454406] + Xorg_libXinerama_jll v1.1.7+0
  [ec84b674] + Xorg_libXrandr_jll v1.5.6+0
  [ea2f1a96] + Xorg_libXrender_jll v0.9.12+0
  [a65dc6b1] + Xorg_libpciaccess_jll v0.18.1+0
  [c7cfdc94] + Xorg_libxcb_jll v1.17.1+0
  [cc61e674] + Xorg_libxkbfile_jll v1.2.0+0
  [e920d4aa] + Xorg_xcb_util_cursor_jll v0.1.6+0
  [12413925] + Xorg_xcb_util_image_jll v0.4.1+0
  [2def613f] + Xorg_xcb_util_jll v0.4.1+0
  [975044d2] + Xorg_xcb_util_keysyms_jll v0.4.1+0
  [0d47668e] + Xorg_xcb_util_renderutil_jll v0.3.10+0
  [c22f9ab0] + Xorg_xcb_util_wm_jll v0.4.2+0
  [35661453] + Xorg_xkbcomp_jll v1.4.7+0
  [33bec58e] + Xorg_xkeyboard_config_jll v2.44.0+0
  [c5fb5394] + Xorg_xtrans_jll v1.6.0+0
  [3161d3a3] + Zstd_jll v1.5.7+1
  [35ca27e7] + eudev_jll v3.2.14+0
  [214eeab7] + fzf_jll v0.61.1+0
  [a4ae2306] + libaom_jll v3.13.1+0
  [0ac62f75] + libass_jll v0.17.4+0
  [1183f4f0] + libdecor_jll v0.2.2+0
  [8e53e030] + libdrm_jll v2.4.125+1
  [2db6ffa8] + libevdev_jll v1.13.4+0
  [f638f0a6] + libfdk_aac_jll v2.0.4+0
  [36db933b] + libinput_jll v1.28.1+0
  [b53b4c65] + libpng_jll v1.6.56+0
  [9a156e7d] + libva_jll v2.23.0+0
  [f27f6e37] + libvorbis_jll v1.3.8+0
  [009596ad] + mtdev_jll v1.1.7+0
⌅ [1270edf5] + x264_jll v10164.0.1+0
  [dfaa095f] + x265_jll v4.1.0+0
  [d8fb68d0] + xkbcommon_jll v1.13.0+0
  [a63ad114] + Mmap v1.11.0
  [9e88b42a] + Serialization v1.11.0
  [2f01184e] + SparseArrays v1.11.0
  [8dfed614] + Test v1.11.0
  [05823500] + OpenLibm_jll v0.8.5+0
  [efcefdf7] + PCRE2_jll v10.42.0+1
  [bea87d4a] + SuiteSparse_jll v7.7.0+0
        Info Packages marked with ⌅ have new versions available but compatibility constraints restrict them from upgrading. To see why use `status --outdated -m`
Precompiling project...
    MacroTools Being precompiled by another machine (hostname: udc-ba03-26c1, pid: 661646, pidfile: /home/xpz5km/.julia/compiled/v1.11/MacroTools/38lnR_SaQAK.ji.pidfile)
    Grisu Being precompiled by another machine (hostname: udc-ba03-26c1, pid: 661646, pidfile: /home/xpz5km/.julia/compiled/v1.11/Grisu/T2ZVU_SaQAK.ji.pidfile)
    Requires Being precompiled by another machine (hostname: udc-ba03-26c1, pid: 661646, pidfile: /home/xpz5km/.julia/compiled/v1.11/Requires/IyxeS_SaQAK.ji.pidfile)
    StableRNGs Being precompiled by another machine (hostname: udc-ba03-26c1, pid: 661646, pidfile: /home/xpz5km/.julia/compiled/v1.11/StableRNGs/fu6AW_SaQAK.ji.pidfile)
    Unzip Being precompiled by another machine (hostname: udc-ba03-26c1, pid: 661646, pidfile: /home/xpz5km/.julia/compiled/v1.11/Unzip/6rOOd_SaQAK.ji.pidfile)
    DocStringExtensions Being precompiled by another machine (hostname: udc-ba03-26c1, pid: 661646, pidfile: /home/xpz5km/.julia/compiled/v1.11/DocStringExtensions/KRdZs_SaQAK.ji.pidfile)
    IrrationalConstants Being precompiled by another machine (hostname: udc-ba03-26c1, pid: 661646, pidfile: /home/xpz5km/.julia/compiled/v1.11/IrrationalConstants/ukdUG_SaQAK.ji.pidfile)
    URIs Being precompiled by another machine (hostname: udc-ba03-26c1, pid: 661646, pidfile: /home/xpz5km/.julia/compiled/v1.11/URIs/eec2u_SaQAK.ji.pidfile)
    SimpleBufferStream Being precompiled by another machine (hostname: udc-ba03-26c1, pid: 661646, pidfile: /home/xpz5km/.julia/compiled/v1.11/SimpleBufferStream/QbHsM_SaQAK.ji.pidfile)
    PtrArrays Being precompiled by another machine (hostname: udc-ba03-26c1, pid: 661646, pidfile: /home/xpz5km/.julia/compiled/v1.11/PtrArrays/y1ds7_SaQAK.ji.pidfile)
    TranscodingStreams Being precompiled by another machine (hostname: udc-ba03-26c1, pid: 661646, pidfile: /home/xpz5km/.julia/compiled/v1.11/TranscodingStreams/eJQ7D_SaQAK.ji.pidfile)
    NaNMath Being precompiled by another machine (hostname: udc-ba03-26c1, pid: 661646, pidfile: /home/xpz5km/.julia/compiled/v1.11/NaNMath/k9Y1O_SaQAK.ji.pidfile)
    DelimitedFiles Being precompiled by another machine (hostname: udc-ba03-26c1, pid: 661646, pidfile: /home/xpz5km/.julia/compiled/v1.11/DelimitedFiles/dlKZm_SaQAK.ji.pidfile)
    BitFlags Being precompiled by another machine (hostname: udc-ba03-26c1, pid: 661646, pidfile: /home/xpz5km/.julia/compiled/v1.11/BitFlags/sbYUO_SaQAK.ji.pidfile)
    ConcurrentUtilities Being precompiled by another machine (hostname: udc-ba03-26c1, pid: 661646, pidfile: /home/xpz5km/.julia/compiled/v1.11/ConcurrentUtilities/OtIZJ_SaQAK.ji.pidfile)
    FixedPointNumbers Being precompiled by another machine (hostname: udc-ba03-26c1, pid: 661646, pidfile: /home/xpz5km/.julia/compiled/v1.11/FixedPointNumbers/Ple2W_SaQAK.ji.pidfile)
    946.5 ms  ✓ TensorCore
    916.3 ms  ✓ StatsAPI
    913.0 ms  ✓ Contour
    872.4 ms  ✓ Measures
    LLVMOpenMP_jll Being precompiled by another machine (hostname: udc-ba06-7c1, pid: 778191, pidfile: /home/xpz5km/.julia/compiled/v1.11/LLVMOpenMP_jll/KocKf_SaQAK.ji.pidfile)
    Bzip2_jll Being precompiled by another machine (hostname: udc-ba06-7c1, pid: 778191, pidfile: /home/xpz5km/.julia/compiled/v1.11/Bzip2_jll/biC9V_SaQAK.ji.pidfile)
    Xorg_libpciaccess_jll Being precompiled by another machine (hostname: udc-ba06-7c1, pid: 778191, pidfile: /home/xpz5km/.julia/compiled/v1.11/Xorg_libpciaccess_jll/Y7Kz1_SaQAK.ji.pidfile)
    Xorg_libICE_jll Being precompiled by another machine (hostname: udc-ba06-7c1, pid: 778191, pidfile: /home/xpz5km/.julia/compiled/v1.11/Xorg_libICE_jll/06LST_SaQAK.ji.pidfile)
    Xorg_libXau_jll Being precompiled by another machine (hostname: udc-ba06-7c1, pid: 778191, pidfile: /home/xpz5km/.julia/compiled/v1.11/Xorg_libXau_jll/S8Fsv_SaQAK.ji.pidfile)
    libpng_jll Being precompiled by another machine (hostname: udc-ba06-7c1, pid: 778191, pidfile: /home/xpz5km/.julia/compiled/v1.11/libpng_jll/paYot_SaQAK.ji.pidfile)
    libfdk_aac_jll Being precompiled by another machine (hostname: udc-ba06-7c1, pid: 778191, pidfile: /home/xpz5km/.julia/compiled/v1.11/libfdk_aac_jll/Ido5Q_SaQAK.ji.pidfile)
    LAME_jll Being precompiled by another machine (hostname: udc-ba06-7c1, pid: 778191, pidfile: /home/xpz5km/.julia/compiled/v1.11/LAME_jll/SFEUf_SaQAK.ji.pidfile)
    LERC_jll Being precompiled by another machine (hostname: udc-ba06-7c1, pid: 778191, pidfile: /home/xpz5km/.julia/compiled/v1.11/LERC_jll/0PXNr_SaQAK.ji.pidfile)
    fzf_jll Being precompiled by another machine (hostname: udc-ba06-7c1, pid: 778191, pidfile: /home/xpz5km/.julia/compiled/v1.11/fzf_jll/kEuMt_SaQAK.ji.pidfile)
    JpegTurbo_jll Being precompiled by another machine (hostname: udc-ba06-7c1, pid: 778191, pidfile: /home/xpz5km/.julia/compiled/v1.11/JpegTurbo_jll/EC0Oy_SaQAK.ji.pidfile)
    XZ_jll Being precompiled by another machine (hostname: udc-ba06-7c1, pid: 778191, pidfile: /home/xpz5km/.julia/compiled/v1.11/XZ_jll/uX93p_SaQAK.ji.pidfile)
    Ogg_jll Being precompiled by another machine (hostname: udc-ba06-7c1, pid: 778191, pidfile: /home/xpz5km/.julia/compiled/v1.11/Ogg_jll/gOU2R_SaQAK.ji.pidfile)
    mtdev_jll Being precompiled by another machine (hostname: udc-ba06-7c1, pid: 778191, pidfile: /home/xpz5km/.julia/compiled/v1.11/mtdev_jll/zwZgb_SaQAK.ji.pidfile)
    Xorg_libXdmcp_jll Being precompiled by another machine (hostname: udc-ba06-7c1, pid: 778191, pidfile: /home/xpz5km/.julia/compiled/v1.11/Xorg_libXdmcp_jll/o7tTX_SaQAK.ji.pidfile)
    x265_jll Being precompiled by another machine (hostname: udc-ba06-7c1, pid: 778191, pidfile: /home/xpz5km/.julia/compiled/v1.11/x265_jll/5KlGs_SaQAK.ji.pidfile)
    x264_jll Being precompiled by another machine (hostname: udc-ba03-26c1, pid: 661646, pidfile: /home/xpz5km/.julia/compiled/v1.11/x264_jll/XmaTp_SaQAK.ji.pidfile)
    libaom_jll Being precompiled by another machine (hostname: udc-ba03-26c1, pid: 661646, pidfile: /home/xpz5km/.julia/compiled/v1.11/libaom_jll/i2i8X_SaQAK.ji.pidfile)
    Zstd_jll Being precompiled by another machine (hostname: udc-ba03-26c1, pid: 661646, pidfile: /home/xpz5km/.julia/compiled/v1.11/Zstd_jll/cFDJB_SaQAK.ji.pidfile)
    446.2 ms  ✓ Scratch
    Expat_jll Being precompiled by another machine (hostname: udc-ba03-26c1, pid: 661646, pidfile: /home/xpz5km/.julia/compiled/v1.11/Expat_jll/4P57b_SaQAK.ji.pidfile)
    Opus_jll Being precompiled by another machine (hostname: udc-ba03-26c1, pid: 661646, pidfile: /home/xpz5km/.julia/compiled/v1.11/Opus_jll/vFQVB_SaQAK.ji.pidfile)
    Xorg_xtrans_jll Being precompiled by another machine (hostname: udc-ba03-26c1, pid: 661646, pidfile: /home/xpz5km/.julia/compiled/v1.11/Xorg_xtrans_jll/xYA3D_SaQAK.ji.pidfile)
    libevdev_jll Being precompiled by another machine (hostname: udc-ba03-26c1, pid: 661646, pidfile: /home/xpz5km/.julia/compiled/v1.11/libevdev_jll/ycIBu_SaQAK.ji.pidfile)
    Libiconv_jll Being precompiled by another machine (hostname: udc-ba03-26c1, pid: 661646, pidfile: /home/xpz5km/.julia/compiled/v1.11/Libiconv_jll/ujTCF_SaQAK.ji.pidfile)
    eudev_jll Being precompiled by another machine (hostname: udc-ba03-26c1, pid: 661646, pidfile: /home/xpz5km/.julia/compiled/v1.11/eudev_jll/sB3LA_SaQAK.ji.pidfile)
    490.2 ms  ✓ LoggingExtras
    813.6 ms  ✓ Statistics → SparseArraysExt
    549.7 ms  ✓ ExceptionUnwrapping
    489.2 ms  ✓ EpollShim_jll
    522.2 ms  ✓ Graphite2_jll
    534.6 ms  ✓ OpenSSL_jll
    521.5 ms  ✓ Libmount_jll
   1286.9 ms  ✓ Format
    836.8 ms  ✓ MbedTLS
    391.8 ms  ✓ RelocatableFolders
    489.7 ms  ✓ Libffi_jll
    473.9 ms  ✓ Libuuid_jll
    480.2 ms  ✓ FriBidi_jll
    988.5 ms  ✓ AbstractFFTs → AbstractFFTsTestExt
   1215.2 ms  ✓ UnicodeFun
   1056.0 ms  ✓ RecipesBase
  10327.9 ms  ✓ Grisu
  10415.8 ms  ✓ MacroTools
  10295.9 ms  ✓ SimpleBufferStream
  10335.1 ms  ✓ NaNMath
  10337.2 ms  ✓ TranscodingStreams
  10340.0 ms  ✓ PtrArrays
  10344.9 ms  ✓ URIs
  10346.5 ms  ✓ IrrationalConstants
  10350.0 ms  ✓ DocStringExtensions
  10354.9 ms  ✓ Unzip
  10361.9 ms  ✓ StableRNGs
  10372.2 ms  ✓ Requires
  10334.5 ms  ✓ DelimitedFiles
  10105.3 ms  ✓ FixedPointNumbers
  10123.6 ms  ✓ ConcurrentUtilities
  10130.5 ms  ✓ BitFlags
    358.8 ms  ✓ Showoff
   9925.2 ms  ✓ Libiconv_jll
   9937.9 ms  ✓ Xorg_xtrans_jll
  10016.6 ms  ✓ Bzip2_jll
  10017.7 ms  ✓ LLVMOpenMP_jll
  10069.0 ms  ✓ LERC_jll
  10072.5 ms  ✓ LAME_jll
  10073.4 ms  ✓ libfdk_aac_jll
  10074.3 ms  ✓ libpng_jll
  10077.7 ms  ✓ Xorg_libXau_jll
  10078.6 ms  ✓ Xorg_libICE_jll
  10071.9 ms  ✓ XZ_jll
  10074.0 ms  ✓ JpegTurbo_jll
    453.0 ms  ✓ CodecZlib
    450.7 ms  ✓ AliasTables
  10080.9 ms  ✓ fzf_jll
  10129.0 ms  ✓ Ogg_jll
  10133.7 ms  ✓ mtdev_jll
  10133.2 ms  ✓ Xorg_libXdmcp_jll
  10126.1 ms  ✓ libaom_jll
  10130.1 ms  ✓ x264_jll
  10132.4 ms  ✓ x265_jll
  10110.7 ms  ✓ Opus_jll
  10114.7 ms  ✓ Expat_jll
  10123.4 ms  ✓ Zstd_jll
  10114.5 ms  ✓ libevdev_jll
  10109.1 ms  ✓ eudev_jll
    Libtiff_jll Being precompiled by another machine (hostname: udc-ba03-26c1, pid: 661646, pidfile: /home/xpz5km/.julia/compiled/v1.11/Libtiff_jll/f0w9B_SaQAK.ji.pidfile)
    libinput_jll Being precompiled by another machine (hostname: udc-ba03-26c1, pid: 661646, pidfile: /home/xpz5km/.julia/compiled/v1.11/libinput_jll/6TBe0_SaQAK.ji.pidfile)
    583.2 ms  ✓ LogExpFunctions
    StatsBase Being precompiled by another machine (hostname: udc-ba03-26c1, pid: 661646, pidfile: /home/xpz5km/.julia/compiled/v1.11/StatsBase/EZjIG_SaQAK.ji.pidfile)
    566.7 ms  ✓ GettextRuntime_jll
    Glib_jll Being precompiled by another machine (hostname: udc-ba03-26c1, pid: 661646, pidfile: /home/xpz5km/.julia/compiled/v1.11/Glib_jll/S5dsb_SaQAK.ji.pidfile)
    486.6 ms  ✓ Pixman_jll
    509.5 ms  ✓ FreeType2_jll
    Fontconfig_jll Being precompiled by another machine (hostname: udc-ba06-7c1, pid: 778191, pidfile: /home/xpz5km/.julia/compiled/v1.11/Fontconfig_jll/xsKJT_SaQAK.ji.pidfile)
    516.1 ms  ✓ Xorg_libSM_jll
    518.9 ms  ✓ Dbus_jll
    554.4 ms  ✓ libvorbis_jll
   1094.5 ms  ✓ ColorTypes
    ColorVectorSpace Being precompiled by another machine (hostname: udc-ba03-26c1, pid: 661646, pidfile: /home/xpz5km/.julia/compiled/v1.11/ColorVectorSpace/7uC4N_SaQAK.ji.pidfile)
    663.2 ms  ✓ Wayland_jll
    719.5 ms  ✓ JLFzf
    805.8 ms  ✓ Ghostscript_jll
    Latexify Being precompiled by another machine (hostname: udc-ba06-7c1, pid: 778191, pidfile: /home/xpz5km/.julia/compiled/v1.11/Latexify/AItXo_SaQAK.ji.pidfile)
   1345.6 ms  ✓ OpenSSL
    998.2 ms  ✓ Xorg_libxcb_jll
    411.9 ms  ✓ ColorTypes → StyledStringsExt
    494.7 ms  ✓ Xorg_xcb_util_jll
    515.5 ms  ✓ Xorg_libX11_jll
    Xorg_libXrender_jll Being precompiled by another machine (hostname: udc-ba06-7c1, pid: 778191, pidfile: /home/xpz5km/.julia/compiled/v1.11/Xorg_libXrender_jll/izQY6_SaQAK.ji.pidfile)
    Xorg_libXext_jll Being precompiled by another machine (hostname: udc-ba06-7c1, pid: 778191, pidfile: /home/xpz5km/.julia/compiled/v1.11/Xorg_libXext_jll/H6ltV_SaQAK.ji.pidfile)
    Xorg_libXfixes_jll Being precompiled by another machine (hostname: udc-ba06-7c1, pid: 778191, pidfile: /home/xpz5km/.julia/compiled/v1.11/Xorg_libXfixes_jll/dilDp_SaQAK.ji.pidfile)
    Xorg_libxkbfile_jll Being precompiled by another machine (hostname: udc-ba06-7c1, pid: 778191, pidfile: /home/xpz5km/.julia/compiled/v1.11/Xorg_libxkbfile_jll/PAhQT_SaQAK.ji.pidfile)
    518.5 ms  ✓ Xorg_xcb_util_keysyms_jll
    516.6 ms  ✓ Xorg_xcb_util_renderutil_jll
    521.4 ms  ✓ Xorg_xcb_util_image_jll
    514.7 ms  ✓ Xorg_xcb_util_wm_jll
    475.3 ms  ✓ Xorg_xcb_util_cursor_jll
   3094.2 ms  ✓ Colors
  20092.8 ms  ✓ Xorg_libpciaccess_jll
  10026.1 ms  ✓ libinput_jll
  10028.6 ms  ✓ Libtiff_jll
    479.3 ms  ✓ libdrm_jll
  10585.6 ms  ✓ HTTP
  10032.1 ms  ✓ Xorg_libxkbfile_jll
  10033.6 ms  ✓ Xorg_libXfixes_jll
  10036.6 ms  ✓ Xorg_libXrender_jll
    Xorg_xkbcomp_jll Being precompiled by another machine (hostname: udc-ba06-7c1, pid: 778191, pidfile: /home/xpz5km/.julia/compiled/v1.11/Xorg_xkbcomp_jll/lfGsl_SaQAK.ji.pidfile)
    Xorg_libXcursor_jll Being precompiled by another machine (hostname: udc-ba06-7c1, pid: 778191, pidfile: /home/xpz5km/.julia/compiled/v1.11/Xorg_libXcursor_jll/iyuAX_SaQAK.ji.pidfile)
  11192.6 ms  ✓ Glib_jll
  20073.3 ms  ✓ StatsBase
  20018.6 ms  ✓ Fontconfig_jll
  20027.4 ms  ✓ ColorVectorSpace
    ColorSchemes Being precompiled by another machine (hostname: udc-ba03-26c1, pid: 661646, pidfile: /home/xpz5km/.julia/compiled/v1.11/ColorSchemes/EO5fj_SaQAK.ji.pidfile)
  20032.1 ms  ✓ Latexify
    594.6 ms  ✓ Latexify → SparseArraysExt
  20047.9 ms  ✓ Xorg_libXext_jll
    Xorg_libXi_jll Being precompiled by another machine (hostname: udc-ba06-7c1, pid: 778191, pidfile: /home/xpz5km/.julia/compiled/v1.11/Xorg_libXi_jll/1sAS5_SaQAK.ji.pidfile)
    Xorg_libXinerama_jll Being precompiled by another machine (hostname: udc-ba06-7c1, pid: 778191, pidfile: /home/xpz5km/.julia/compiled/v1.11/Xorg_libXinerama_jll/IG7Gi_SaQAK.ji.pidfile)
    Xorg_libXrandr_jll Being precompiled by another machine (hostname: udc-ba06-7c1, pid: 778191, pidfile: /home/xpz5km/.julia/compiled/v1.11/Xorg_libXrandr_jll/UlKyO_SaQAK.ji.pidfile)
    Libglvnd_jll Being precompiled by another machine (hostname: udc-ba06-7c1, pid: 778191, pidfile: /home/xpz5km/.julia/compiled/v1.11/Libglvnd_jll/z0JB7_SaQAK.ji.pidfile)
    libva_jll Being precompiled by another machine (hostname: udc-ba06-7c1, pid: 778191, pidfile: /home/xpz5km/.julia/compiled/v1.11/libva_jll/Sdl4J_SaQAK.ji.pidfile)
    Cairo_jll Being precompiled by another machine (hostname: udc-ba06-7c1, pid: 778191, pidfile: /home/xpz5km/.julia/compiled/v1.11/Cairo_jll/ouRHo_SaQAK.ji.pidfile)
  10028.3 ms  ✓ Xorg_libXcursor_jll
  10045.4 ms  ✓ Xorg_xkbcomp_jll
    Xorg_xkeyboard_config_jll Being precompiled by another machine (hostname: udc-ba03-26c1, pid: 661646, pidfile: /home/xpz5km/.julia/compiled/v1.11/Xorg_xkeyboard_config_jll/Os86B_SaQAK.ji.pidfile)
   1332.5 ms  ✓ Latexify → DataFramesExt
  10052.5 ms  ✓ ColorSchemes
   9086.7 ms  ✓ Xorg_xkeyboard_config_jll
    515.1 ms  ✓ xkbcommon_jll
  10074.8 ms  ✓ Cairo_jll
  10076.3 ms  ✓ libva_jll
  10078.0 ms  ✓ Libglvnd_jll
  10079.5 ms  ✓ Xorg_libXrandr_jll
  10081.1 ms  ✓ Xorg_libXinerama_jll
  10082.7 ms  ✓ Xorg_libXi_jll
    HarfBuzz_jll Being precompiled by another machine (hostname: udc-ba03-26c1, pid: 661646, pidfile: /home/xpz5km/.julia/compiled/v1.11/HarfBuzz_jll/h60co_SaQAK.ji.pidfile)
    Vulkan_Loader_jll Being precompiled by another machine (hostname: udc-ba03-26c1, pid: 661646, pidfile: /home/xpz5km/.julia/compiled/v1.11/Vulkan_Loader_jll/MvdhX_SaQAK.ji.pidfile)
   6117.6 ms  ✓ PlotUtils
   1947.6 ms  ✓ PlotThemes
   2551.6 ms  ✓ RecipesPipeline
  10044.3 ms  ✓ Vulkan_Loader_jll
  10045.8 ms  ✓ HarfBuzz_jll
    584.4 ms  ✓ libass_jll
    617.2 ms  ✓ Pango_jll
    829.9 ms  ✓ Qt6Base_jll
    544.5 ms  ✓ libdecor_jll
    720.2 ms  ✓ FFMPEG_jll
    582.2 ms  ✓ Qt6ShaderTools_jll
    598.4 ms  ✓ Qt6Svg_jll
    565.2 ms  ✓ GLFW_jll
    522.3 ms  ✓ FFMPEG
    678.6 ms  ✓ GR_jll
   1334.9 ms  ✓ Qt6Declarative_jll
    614.4 ms  ✓ Qt6Wayland_jll
   2458.5 ms  ✓ GR
    Plots Being precompiled by another machine (hostname: udc-ba03-26c1, pid: 661646, pidfile: /home/xpz5km/.julia/compiled/v1.11/Plots/ld3vC_SaQAK.ji.pidfile)
  40310.4 ms  ✓ Plots
  132 dependencies successfully precompiled in 99 seconds. 79 already precompiled.
ERROR: LoadError: ArgumentError: Package CSV not found in current path.
- Run `import Pkg; Pkg.add("CSV")` to install the CSV package.
Stacktrace:
 [1] macro expansion
   @ ./loading.jl:2296 [inlined]
 [2] macro expansion
   @ ./lock.jl:273 [inlined]
 [3] __require(into::Module, mod::Symbol)
   @ Base ./loading.jl:2271
 [4] #invoke_in_world#3
   @ ./essentials.jl:1089 [inlined]
 [5] invoke_in_world
   @ ./essentials.jl:1086 [inlined]
 [6] require(into::Module, mod::Symbol)
   @ Base ./loading.jl:2260
 [7] include(fname::String)
   @ Main ./sysimg.jl:38
 [8] top-level scope
   @ /sfs/gpfs/tardis/home/xpz5km/Cahn_Hilliard_Model_HPC/spinodal_decomp/CahnHilliard_Julia_solvers/run_spinodal_decomp_HPC.jl:17
in expression starting at /sfs/gpfs/tardis/home/xpz5km/Cahn_Hilliard_Model_HPC/spinodal_decomp/CahnHilliard_Julia_solvers/ch_movie_from_file.jl:1
in expression starting at /sfs/gpfs/tardis/home/xpz5km/Cahn_Hilliard_Model_HPC/spinodal_decomp/CahnHilliard_Julia_solvers/run_spinodal_decomp_HPC.jl:17

=== CLOCK RATE DURING SIMULATION ===
Average CPU MHz: 0
DONE
