Thu Jul 10 17:07:17 EDT 2025
128 periodic true NMG 50p
MODULES LOADED
   Resolving package versions...
  No Changes to `/sfs/gpfs/tardis/home/xpz5km/.julia/environments/v1.9/Project.toml`
  No Changes to `/sfs/gpfs/tardis/home/xpz5km/.julia/environments/v1.9/Manifest.toml`
Precompiling project...
[91m  ✗ [39m[90mGtkObservables[39m
[91m  ✗ [39mProfileView
  0 dependencies successfully precompiled in 6 seconds. 237 already precompiled.
  [91m2[39m dependencies errored. To see a full report either run `import Pkg; Pkg.precompile()` or load the packages
ERROR: LoadError: UndefVarError: `file1` not defined
Stacktrace:
 [1] top-level scope
   @ /sfs/gpfs/tardis/home/xpz5km/Cahn_Hilliard_Model_HPC/spinodal_decomp/rmse.jl:74
in expression starting at /sfs/gpfs/tardis/home/xpz5km/Cahn_Hilliard_Model_HPC/spinodal_decomp/rmse.jl:74
Starting...
/project/g_bme-janeslab/SarahG/spinodal_decomp_06_2025/out_julia/NMG_Julia_2000_dt_5.50e-06_Nx_128_periodic_dtout_1050p_
/project/g_bme-janeslab/SarahG/spinodal_decomp_06_2025/out_julia/SAV_Julia_2000_dt_5.50e-06_Nx_128_periodic_dtout_1050p_
[0.009926714672650614, 0.021943334366581014, 0.018641289409701542, 0.016981584535265472, 0.022798883765898188, 0.014742440057194155, 0.01859664042489047, 0.017952211690575096, 0.012482310959982933, 0.014195897232247083, 0.011310559942115462, 0.010573950255561496, 0.008496179341500145, 0.009241701755161265, 0.009322416811271134, 0.00827250876354315, 0.010401056060673935, 0.00975935538734544, 0.009879604260762816, 0.009906117508068997, 0.008040300360219415, 0.008912728146092357, 0.008222477971244431, 0.006555000913835051, 0.0075780875024468765, 0.007654392714025976, 0.006805645912241778, 0.007457567969667863, 0.007070938555944224, 0.008430898987943197, 0.007807458107737735, 0.008505369799375084, 0.010419348203066432, 0.00949090968928138, 0.009125037537046186, 0.011909910764480919, 0.010973103462293026, 0.009047451282608901, 0.012460930458181486, 0.010341412677503176, 0.01025224171627203, 0.011283027878703956, 0.00858148035800164, 0.011414442222281586, 0.009331298322122412, 0.009850886517571133, 0.012542107566932153, 0.00980068191431639, 0.012624619651965676, 0.012122917981538518, 0.010390817314028866, 0.009187988144012527, 0.01014836585324463, 0.009069963407252003, 0.008713339255062914, 0.009874969992314672, 0.008763444996077247, 0.008394215825756658, 0.008855184533622263, 0.007182339239999424, 0.008167580499031032, 0.008548526521319474, 0.00766122237821227, 0.009567874625699926, 0.009403128762209258, 0.00929002184488156, 0.010480096835336449, 0.009775553299433859, 0.009868337732395007, 0.01109110738754191, 0.008740292159185412, 0.010980807450794357, 0.01096726015992676, 0.00937229416015186, 0.01108531270602962, 0.01054942576614239, 0.010752070114795748, 0.010028122788941373, 0.009924523679270736, 0.010676029014903839, 0.010444616969306271, 0.009471577995227218, 0.01160772871869103, 0.010675898859657392, 0.011826693241070527, 0.011689554759009851, 0.01093990499534436, 0.012059745106928466, 0.009187197154257731, 0.010456128262270083, 0.009658108113097833, 0.008605331423071442, 0.008243257565725129, 0.007921181580308738, 0.0078056070260344715, 0.00689531571760485, 0.007884121801330465, 0.007479921650178277, 0.008477516173804468, 0.00819168571510864, 0.008119324528750997, 0.009544444338918894, 0.007594033569212474, 0.00913875358658117, 0.008598064126159238, 0.008110215704062982, 0.009891354191018312, 0.0067778198232640524, 0.008562810621365796, 0.008648055191196302, 0.006873762541768124, 0.007794903891026245, 0.008193386144469747, 0.007372594709359763, 0.00799231609009105, 0.00852013657139986, 0.008190018079294642, 0.008073035485476509, 0.008411515062143814, 0.008276757206859763, 0.008307894149088753, 0.007720803372940402, 0.008183713653755784, 0.008962970643886225, 0.008884840781745448, 0.010134570740387917, 0.010581567485812368, 0.0107883621619557, 0.012886070016830545, 0.009998634658907485, 0.011837140437257492, 0.012710754165312265, 0.008851366117630911, 0.01008399534935575, 0.01078166122929849, 0.010551674058521318, 0.008272141004936005, 0.011981415755292903, 0.009615176724184762, 0.010625679067435832, 0.011837123987641526, 0.009543236341760108, 0.013419659421968003, 0.010186782703080469, 0.011679312528969074, 0.01190186439467685, 0.010193450003360685, 0.010133171328038182, 0.01033256473795818, 0.009978187319202863, 0.008195640709630215, 0.009910189478022129, 0.008954599753536619, 0.009046748243925354, 0.01018186467904982, 0.008885423553350532, 0.010376110701147547, 0.00934672260992073, 0.00992602537505224, 0.010371232495099716, 0.010567561275394308, 0.01051112206425317, 0.010571632952183337, 0.011457519997692485, 0.01065261032064246, 0.010045608130857192, 0.010224302114807245, 0.011096206288174358, 0.009980272812798788, 0.009899350444469221, 0.012728391603070604, 0.011936445150180658, 0.012652494257968584, 0.015891225391398634, 0.012394931283721343, 0.0170248778130544, 0.015640629138430766, 0.013887123271032595, 0.017663148749958644, 0.012228885686704192, 0.015307978832611865, 0.015669375315577713, 0.013568989752658592, 0.014058867402934813, 0.014917545377703586, 0.013904859887304026, 0.013840823060620499, 0.013044338487420317, 0.012212018233387046, 0.01251795842325661, 0.009872798886468857, 0.011091194259279196, 0.011200500008225117, 0.008999343444649203, 0.012855825630403378, 0.010545716939783586, 0.01260131118687229, 0.01566046261693563, 0.010310151401153305, 0.017198966928563736, 0.020587019974540443]
DONE
